Component: ARM Compiler 5.06 update 7 (build 960) Tool: armlink [4d3601]

==============================================================================

Section Cross References

    startup_stm32f10x_md.o(RESET) refers to startup_stm32f10x_md.o(STACK) for __initial_sp
    startup_stm32f10x_md.o(RESET) refers to startup_stm32f10x_md.o(.text) for Reset_Handler
    startup_stm32f10x_md.o(RESET) refers to stm32f10x_it.o(i.NMI_Handler) for NMI_Handler
    startup_stm32f10x_md.o(RESET) refers to stm32f10x_it.o(i.HardFault_Handler) for HardFault_Handler
    startup_stm32f10x_md.o(RESET) refers to stm32f10x_it.o(i.MemManage_Handler) for MemManage_Handler
    startup_stm32f10x_md.o(RESET) refers to stm32f10x_it.o(i.BusFault_Handler) for BusFault_Handler
    startup_stm32f10x_md.o(RESET) refers to stm32f10x_it.o(i.UsageFault_Handler) for UsageFault_Handler
    startup_stm32f10x_md.o(RESET) refers to stm32f10x_it.o(i.SVC_Handler) for SVC_Handler
    startup_stm32f10x_md.o(RESET) refers to stm32f10x_it.o(i.DebugMon_Handler) for DebugMon_Handler
    startup_stm32f10x_md.o(RESET) refers to stm32f10x_it.o(i.PendSV_Handler) for PendSV_Handler
    startup_stm32f10x_md.o(RESET) refers to main.o(i.TIM3_IRQHandler) for TIM3_IRQHandler
    startup_stm32f10x_md.o(RESET) refers to esp8266.o(i.USART1_IRQHandler) for USART1_IRQHandler
    startup_stm32f10x_md.o(.text) refers to system_stm32f10x.o(i.SystemInit) for SystemInit
    startup_stm32f10x_md.o(.text) refers to entry.o(.ARM.Collect$$$$00000000) for __main
    system_stm32f10x.o(i.SetSysClock) refers to system_stm32f10x.o(i.SetSysClockTo72) for SetSysClockTo72
    system_stm32f10x.o(i.SystemCoreClockUpdate) refers to system_stm32f10x.o(.data) for SystemCoreClock
    system_stm32f10x.o(i.SystemInit) refers to system_stm32f10x.o(i.SetSysClock) for SetSysClock
    stm32f10x_adc.o(i.ADC_DeInit) refers to stm32f10x_rcc.o(i.RCC_APB2PeriphResetCmd) for RCC_APB2PeriphResetCmd
    stm32f10x_bkp.o(i.BKP_DeInit) refers to stm32f10x_rcc.o(i.RCC_BackupResetCmd) for RCC_BackupResetCmd
    stm32f10x_can.o(i.CAN_DeInit) refers to stm32f10x_rcc.o(i.RCC_APB1PeriphResetCmd) for RCC_APB1PeriphResetCmd
    stm32f10x_can.o(i.CAN_GetITStatus) refers to stm32f10x_can.o(i.CheckITStatus) for CheckITStatus
    stm32f10x_cec.o(i.CEC_DeInit) refers to stm32f10x_rcc.o(i.RCC_APB1PeriphResetCmd) for RCC_APB1PeriphResetCmd
    stm32f10x_dac.o(i.DAC_DeInit) refers to stm32f10x_rcc.o(i.RCC_APB1PeriphResetCmd) for RCC_APB1PeriphResetCmd
    stm32f10x_flash.o(i.FLASH_EnableWriteProtection) refers to stm32f10x_flash.o(i.FLASH_WaitForLastOperation) for FLASH_WaitForLastOperation
    stm32f10x_flash.o(i.FLASH_EraseAllBank1Pages) refers to stm32f10x_flash.o(i.FLASH_WaitForLastBank1Operation) for FLASH_WaitForLastBank1Operation
    stm32f10x_flash.o(i.FLASH_EraseAllPages) refers to stm32f10x_flash.o(i.FLASH_WaitForLastOperation) for FLASH_WaitForLastOperation
    stm32f10x_flash.o(i.FLASH_EraseOptionBytes) refers to stm32f10x_flash.o(i.FLASH_GetReadOutProtectionStatus) for FLASH_GetReadOutProtectionStatus
    stm32f10x_flash.o(i.FLASH_EraseOptionBytes) refers to stm32f10x_flash.o(i.FLASH_WaitForLastOperation) for FLASH_WaitForLastOperation
    stm32f10x_flash.o(i.FLASH_ErasePage) refers to stm32f10x_flash.o(i.FLASH_WaitForLastOperation) for FLASH_WaitForLastOperation
    stm32f10x_flash.o(i.FLASH_ProgramHalfWord) refers to stm32f10x_flash.o(i.FLASH_WaitForLastOperation) for FLASH_WaitForLastOperation
    stm32f10x_flash.o(i.FLASH_ProgramOptionByteData) refers to stm32f10x_flash.o(i.FLASH_WaitForLastOperation) for FLASH_WaitForLastOperation
    stm32f10x_flash.o(i.FLASH_ProgramWord) refers to stm32f10x_flash.o(i.FLASH_WaitForLastOperation) for FLASH_WaitForLastOperation
    stm32f10x_flash.o(i.FLASH_ReadOutProtection) refers to stm32f10x_flash.o(i.FLASH_WaitForLastOperation) for FLASH_WaitForLastOperation
    stm32f10x_flash.o(i.FLASH_UserOptionByteConfig) refers to stm32f10x_flash.o(i.FLASH_WaitForLastOperation) for FLASH_WaitForLastOperation
    stm32f10x_flash.o(i.FLASH_WaitForLastBank1Operation) refers to stm32f10x_flash.o(i.FLASH_GetBank1Status) for FLASH_GetBank1Status
    stm32f10x_flash.o(i.FLASH_WaitForLastOperation) refers to stm32f10x_flash.o(i.FLASH_GetBank1Status) for FLASH_GetBank1Status
    stm32f10x_gpio.o(i.GPIO_AFIODeInit) refers to stm32f10x_rcc.o(i.RCC_APB2PeriphResetCmd) for RCC_APB2PeriphResetCmd
    stm32f10x_gpio.o(i.GPIO_DeInit) refers to stm32f10x_rcc.o(i.RCC_APB2PeriphResetCmd) for RCC_APB2PeriphResetCmd
    stm32f10x_i2c.o(i.I2C_DeInit) refers to stm32f10x_rcc.o(i.RCC_APB1PeriphResetCmd) for RCC_APB1PeriphResetCmd
    stm32f10x_i2c.o(i.I2C_Init) refers to stm32f10x_rcc.o(i.RCC_GetClocksFreq) for RCC_GetClocksFreq
    stm32f10x_pwr.o(i.PWR_DeInit) refers to stm32f10x_rcc.o(i.RCC_APB1PeriphResetCmd) for RCC_APB1PeriphResetCmd
    stm32f10x_rcc.o(i.RCC_GetClocksFreq) refers to stm32f10x_rcc.o(.data) for APBAHBPrescTable
[...]
    Removing stm32f10x_can.o(i.CAN_GetLastErrorCode), (12 bytes).
    Removing stm32f10x_can.o(i.CAN_GetReceiveErrorCounter), (10 bytes).
    Removing stm32f10x_can.o(i.CAN_ITConfig), (18 bytes).
    Removing stm32f10x_can.o(i.CAN_Init), (276 bytes).
    Removing stm32f10x_can.o(i.CAN_MessagePending), (30 bytes).
    Removing stm32f10x_can.o(i.CAN_OperatingModeRequest), (162 bytes).
    Removing stm32f10x_can.o(i.CAN_Receive), (240 bytes).
    Removing stm32f10x_can.o(i.CAN_SlaveStartBank), (52 bytes).
    Removing stm32f10x_can.o(i.CAN_Sleep), (30 bytes).
    Removing stm32f10x_can.o(i.CAN_StructInit), (32 bytes).
    Removing stm32f10x_can.o(i.CAN_TTComModeCmd), (118 bytes).
    Removing stm32f10x_can.o(i.CAN_Transmit), (294 bytes).
    Removing stm32f10x_can.o(i.CAN_TransmitStatus), (160 bytes).
    Removing stm32f10x_can.o(i.CAN_WakeUp), (48 bytes).
    Removing stm32f10x_can.o(i.CheckITStatus), (18 bytes).
    Removing stm32f10x_cec.o(i.CEC_ClearFlag), (36 bytes).
    Removing stm32f10x_cec.o(i.CEC_ClearITPendingBit), (36 bytes).
    Removing stm32f10x_cec.o(i.CEC_Cmd), (32 bytes).
    Removing stm32f10x_cec.o(i.CEC_DeInit), (22 bytes).
    Removing stm32f10x_cec.o(i.CEC_EndOfMessageCmd), (12 bytes).
    Removing stm32f10x_cec.o(i.CEC_GetFlagStatus), (48 bytes).
    Removing stm32f10x_cec.o(i.CEC_GetITStatus), (40 bytes).
    Removing stm32f10x_cec.o(i.CEC_ITConfig), (12 bytes).
    Removing stm32f10x_cec.o(i.CEC_Init), (32 bytes).
    Removing stm32f10x_cec.o(i.CEC_OwnAddressConfig), (12 bytes).
    Removing stm32f10x_cec.o(i.CEC_ReceiveDataByte), (12 bytes).
    Removing stm32f10x_cec.o(i.CEC_SendDataByte), (12 bytes).
    Removing stm32f10x_cec.o(i.CEC_SetPrescaler), (12 bytes).
    Removing stm32f10x_cec.o(i.CEC_StartOfMessage), (12 bytes).
    Removing stm32f10x_crc.o(i.CRC_CalcBlockCRC), (36 bytes).
    Removing stm32f10x_crc.o(i.CRC_CalcCRC), (16 bytes).
    Removing stm32f10x_crc.o(i.CRC_GetCRC), (12 bytes).
    Removing stm32f10x_crc.o(i.CRC_GetIDRegister), (12 bytes).
    Removing stm32f10x_crc.o(i.CRC_ResetDR), (12 bytes).
    Removing stm32f10x_crc.o(i.CRC_SetIDRegister), (12 bytes).
    Removing stm32f10x_dac.o(i.DAC_Cmd), (40 bytes).
    Removing stm32f10x_dac.o(i.DAC_DMACmd), (44 bytes).
    Removing stm32f10x_dac.o(i.DAC_DeInit), (22 bytes).
    Removing stm32f10x_dac.o(i.DAC_DualSoftwareTriggerCmd), (36 bytes).
    Removing stm32f10x_dac.o(i.DAC_GetDataOutputValue), (36 bytes).
    Removing stm32f10x_dac.o(i.DAC_Init), (52 bytes).
    Removing stm32f10x_dac.o(i.DAC_SetChannel1Data), (32 bytes).
    Removing stm32f10x_dac.o(i.DAC_SetChannel2Data), (32 bytes).
    Removing stm32f10x_dac.o(i.DAC_SetDualChannelData), (36 bytes).
    Removing stm32f10x_dac.o(i.DAC_SoftwareTriggerCmd), (44 bytes).
    Removing stm32f10x_dac.o(i.DAC_StructInit), (12 bytes).
    Removing stm32f10x_dac.o(i.DAC_WaveGenerationCmd), (40 bytes).
    Removing stm32f10x_dbgmcu.o(i.DBGMCU_Config), (32 bytes).
    Removing stm32f10x_dbgmcu.o(i.DBGMCU_GetDEVID), (16 bytes).
    Removing stm32f10x_dbgmcu.o(i.DBGMCU_GetREVID), (12 bytes).
    Removing stm32f10x_dma.o(i.DMA_ClearFlag), (28 bytes).
    Removing stm32f10x_dma.o(i.DMA_ClearITPendingBit), (28 bytes).
    Removing stm32f10x_dma.o(i.DMA_Cmd), (24 bytes).
    Removing stm32f10x_dma.o(i.DMA_DeInit), (332 bytes).
    Removing stm32f10x_dma.o(i.DMA_GetCurrDataCounter), (8 bytes).
    Removing stm32f10x_dma.o(i.DMA_GetFlagStatus), (44 bytes).
    Removing stm32f10x_dma.o(i.DMA_GetITStatus), (44 bytes).
    Removing stm32f10x_dma.o(i.DMA_ITConfig), (18 bytes).
    Removing stm32f10x_dma.o(i.DMA_Init), (60 bytes).
    Removing stm32f10x_dma.o(i.DMA_SetCurrDataCounter), (4 bytes).
    Removing stm32f10x_dma.o(i.DMA_StructInit), (26 bytes).
    Removing stm32f10x_exti.o(i.EXTI_ClearFlag), (12 bytes).
    Removing stm32f10x_exti.o(i.EXTI_ClearITPendingBit), (12 bytes).
    Removing stm32f10x_exti.o(i.EXTI_DeInit), (36 bytes).
    Removing stm32f10x_exti.o(i.EXTI_GenerateSWInterrupt), (16 bytes).
    Removing stm32f10x_exti.o(i.EXTI_GetFlagStatus), (24 bytes).
    Removing stm32f10x_exti.o(i.EXTI_GetITStatus), (40 bytes).
    Removing stm32f10x_exti.o(i.EXTI_Init), (148 bytes).
    Removing stm32f10x_exti.o(i.EXTI_StructInit), (16 bytes).
    Removing stm32f10x_flash.o(i.FLASH_ClearFlag), (12 bytes).
    Removing stm32f10x_flash.o(i.FLASH_EnableWriteProtection), (196 bytes).
    Removing stm32f10x_flash.o(i.FLASH_EraseAllBank1Pages), (72 bytes).
    Removing stm32f10x_flash.o(i.FLASH_EraseAllPages), (72 bytes).
    Removing stm32f10x_flash.o(i.FLASH_EraseOptionBytes), (168 bytes).
    Removing stm32f10x_flash.o(i.FLASH_GetFlagStatus), (48 bytes).
    Removing stm32f10x_flash.o(i.FLASH_GetPrefetchBufferStatus), (24 bytes).
    Removing stm32f10x_flash.o(i.FLASH_GetReadOutProtectionStatus), (24 bytes).
    Removing stm32f10x_flash.o(i.FLASH_GetStatus), (52 bytes).
    Removing stm32f10x_flash.o(i.FLASH_GetUserOptionByte), (12 bytes).
    Removing stm32f10x_flash.o(i.FLASH_GetWriteProtectionOptionByte), (12 bytes).
    Removing stm32f10x_flash.o(i.FLASH_HalfCycleAccessCmd), (28 bytes).
    Removing stm32f10x_flash.o(i.FLASH_ITConfig), (32 bytes).
    Removing stm32f10x_flash.o(i.FLASH_LockBank1), (20 bytes).
    Removing stm32f10x_flash.o(i.FLASH_PrefetchBufferCmd), (28 bytes).
    Removing stm32f10x_flash.o(i.FLASH_ProgramOptionByteData), (84 bytes).
    Removing stm32f10x_flash.o(i.FLASH_ProgramWord), (108 bytes).
    Removing stm32f10x_flash.o(i.FLASH_ReadOutProtection), (172 bytes).
    Removing stm32f10x_flash.o(i.FLASH_SetLatency), (24 bytes).
    Removing stm32f10x_flash.o(i.FLASH_UnlockBank1), (24 bytes).
    Removing stm32f10x_flash.o(i.FLASH_UserOptionByteConfig), (104 bytes).
    Removing stm32f10x_flash.o(i.FLASH_WaitForLastBank1Operation), (38 bytes).
    Removing stm32f10x_fsmc.o(i.FSMC_ClearFlag), (64 bytes).
    Removing stm32f10x_fsmc.o(i.FSMC_ClearITPendingBit), (72 bytes).
    Removing stm32f10x_fsmc.o(i.FSMC_GetECC), (28 bytes).
    Removing stm32f10x_fsmc.o(i.FSMC_GetFlagStatus), (56 bytes).
    Removing stm32f10x_fsmc.o(i.FSMC_GetITStatus), (68 bytes).
    Removing stm32f10x_fsmc.o(i.FSMC_ITConfig), (128 bytes).
    Removing stm32f10x_fsmc.o(i.FSMC_NANDCmd), (92 bytes).
    Removing stm32f10x_fsmc.o(i.FSMC_NANDDeInit), (68 bytes).
    Removing stm32f10x_fsmc.o(i.FSMC_NANDECCCmd), (92 bytes).
    Removing stm32f10x_fsmc.o(i.FSMC_NANDInit), (136 bytes).
    Removing stm32f10x_fsmc.o(i.FSMC_NANDStructInit), (54 bytes).
    Removing stm32f10x_fsmc.o(i.FSMC_NORSRAMCmd), (52 bytes).
    Removing stm32f10x_fsmc.o(i.FSMC_NORSRAMDeInit), (54 bytes).
    Removing stm32f10x_fsmc.o(i.FSMC_NORSRAMInit), (230 bytes).
    Removing stm32f10x_fsmc.o(i.FSMC_NORSRAMStructInit), (114 bytes).
    Removing stm32f10x_fsmc.o(i.FSMC_PCCARDCmd), (48 bytes).
    Removing stm32f10x_fsmc.o(i.FSMC_PCCARDDeInit), (40 bytes).
    Removing stm32f10x_fsmc.o(i.FSMC_PCCARDInit), (132 bytes).
    Removing stm32f10x_fsmc.o(i.FSMC_PCCARDStructInit), (60 bytes).
    Removing stm32f10x_gpio.o(i.GPIO_AFIODeInit), (20 bytes).
    Removing stm32f10x_gpio.o(i.GPIO_DeInit), (200 bytes).
    Removing stm32f10x_gpio.o(i.GPIO_ETH_MediaInterfaceConfig), (12 bytes).
    Removing stm32f10x_gpio.o(i.GPIO_EXTILineConfig), (64 bytes).
    Removing stm32f10x_gpio.o(i.GPIO_EventOutputCmd), (12 bytes).
    Removing stm32f10x_gpio.o(i.GPIO_EventOutputConfig), (32 bytes).
    Removing stm32f10x_gpio.o(i.GPIO_PinLockConfig), (18 bytes).
    Removing stm32f10x_gpio.o(i.GPIO_ReadInputData), (8 bytes).
    Removing stm32f10x_gpio.o(i.GPIO_ReadOutputData), (8 bytes).
    Removing stm32f10x_gpio.o(i.GPIO_ReadOutputDataBit), (18 bytes).
    Removing stm32f10x_gpio.o(i.GPIO_StructInit), (16 bytes).
    Removing stm32f10x_gpio.o(i.GPIO_Write), (4 bytes).
    Removing stm32f10x_gpio.o(i.GPIO_WriteBit), (10 bytes).
    Removing stm32f10x_i2c.o(i.I2C_ARPCmd), (24 bytes).
    Removing stm32f10x_i2c.o(i.I2C_AcknowledgeConfig), (24 bytes).
    Removing stm32f10x_i2c.o(i.I2C_CalculatePEC), (24 bytes).
    Removing stm32f10x_i2c.o(i.I2C_CheckEvent), (42 bytes).
    Removing stm32f10x_i2c.o(i.I2C_ClearFlag), (12 bytes).
    Removing stm32f10x_i2c.o(i.I2C_ClearITPendingBit), (12 bytes).
    Removing stm32f10x_i2c.o(i.I2C_Cmd), (24 bytes).
    Removing stm32f10x_i2c.o(i.I2C_DMACmd), (24 bytes).
    Removing stm32f10x_i2c.o(i.I2C_DMALastTransferCmd), (24 bytes).
    Removing stm32f10x_i2c.o(i.I2C_DeInit), (56 bytes).
    Removing stm32f10x_i2c.o(i.I2C_DualAddressCmd), (24 bytes).
    Removing stm32f10x_i2c.o(i.I2C_FastModeDutyCycleConfig), (28 bytes).
    Removing stm32f10x_i2c.o(i.I2C_GeneralCallCmd), (24 bytes).
    Removing stm32f10x_i2c.o(i.I2C_GenerateSTART), (24 bytes).
    Removing stm32f10x_i2c.o(i.I2C_GenerateSTOP), (24 bytes).
    Removing stm32f10x_i2c.o(i.I2C_GetFlagStatus), (58 bytes).
    Removing stm32f10x_i2c.o(i.I2C_GetITStatus), (38 bytes).
    Removing stm32f10x_i2c.o(i.I2C_GetLastEvent), (26 bytes).
    Removing stm32f10x_i2c.o(i.I2C_GetPEC), (8 bytes).
    Removing stm32f10x_i2c.o(i.I2C_ITConfig), (18 bytes).
    Removing stm32f10x_i2c.o(i.I2C_Init), (236 bytes).
    Removing stm32f10x_i2c.o(i.I2C_NACKPositionConfig), (28 bytes).
    Removing stm32f10x_i2c.o(i.I2C_OwnAddress2Config), (22 bytes).
    Removing stm32f10x_i2c.o(i.I2C_PECPositionConfig), (28 bytes).
    Removing stm32f10x_i2c.o(i.I2C_ReadRegister), (22 bytes).
    Removing stm32f10x_i2c.o(i.I2C_ReceiveData), (8 bytes).
    Removing stm32f10x_i2c.o(i.I2C_SMBusAlertConfig), (28 bytes).
    Removing stm32f10x_i2c.o(i.I2C_Send7bitAddress), (18 bytes).
    Removing stm32f10x_i2c.o(i.I2C_SendData), (4 bytes).
    Removing stm32f10x_i2c.o(i.I2C_SoftwareResetCmd), (22 bytes).
    Removing stm32f10x_i2c.o(i.I2C_StretchClockCmd), (24 bytes).
    Removing stm32f10x_i2c.o(i.I2C_StructInit), (30 bytes).
    Removing stm32f10x_i2c.o(i.I2C_TransmitPEC), (24 bytes).
    Removing stm32f10x_iwdg.o(i.IWDG_Enable), (16 bytes).
    Removing stm32f10x_iwdg.o(i.IWDG_GetFlagStatus), (24 bytes).
    Removing stm32f10x_iwdg.o(i.IWDG_ReloadCounter), (16 bytes).
    Removing stm32f10x_iwdg.o(i.IWDG_SetPrescaler), (12 bytes).
    Removing stm32f10x_iwdg.o(i.IWDG_SetReload), (12 bytes).
    Removing stm32f10x_iwdg.o(i.IWDG_WriteAccessCmd), (12 bytes).
    Removing stm32f10x_pwr.o(i.PWR_ClearFlag), (20 bytes).
    Removing stm32f10x_pwr.o(i.PWR_DeInit), (22 bytes).
    Removing stm32f10x_pwr.o(i.PWR_EnterSTANDBYMode), (52 bytes).
    Removing stm32f10x_pwr.o(i.PWR_EnterSTOPMode), (64 bytes).
    Removing stm32f10x_pwr.o(i.PWR_GetFlagStatus), (24 bytes).
    Removing stm32f10x_pwr.o(i.PWR_PVDCmd), (12 bytes).
    Removing stm32f10x_pwr.o(i.PWR_PVDLevelConfig), (24 bytes).
    Removing stm32f10x_pwr.o(i.PWR_WakeUpPinCmd), (12 bytes).
    Removing stm32f10x_rcc.o(i.RCC_AHBPeriphClockCmd), (32 bytes).
    Removing stm32f10x_rcc.o(i.RCC_APB1PeriphResetCmd), (32 bytes).
    Removing stm32f10x_rcc.o(i.RCC_APB2PeriphResetCmd), (32 bytes).
    Removing stm32f10x_rcc.o(i.RCC_AdjustHSICalibrationValue), (24 bytes).
    Removing stm32f10x_rcc.o(i.RCC_BackupResetCmd), (12 bytes).
    Removing stm32f10x_rcc.o(i.RCC_ClearFlag), (20 bytes).
    Removing stm32f10x_rcc.o(i.RCC_ClearITPendingBit), (12 bytes).
    Removing stm32f10x_rcc.o(i.RCC_ClockSecuritySystemCmd), (12 bytes).
    Removing stm32f10x_rcc.o(i.RCC_DeInit), (76 bytes).
    Removing stm32f10x_rcc.o(i.RCC_GetFlagStatus), (60 bytes).
    Removing stm32f10x_rcc.o(i.RCC_GetITStatus), (24 bytes).
    Removing stm32f10x_rcc.o(i.RCC_GetSYSCLKSource), (16 bytes).
    Removing stm32f10x_rcc.o(i.RCC_HCLKConfig), (24 bytes).
    Removing stm32f10x_rcc.o(i.RCC_HSEConfig), (76 bytes).
    Removing stm32f10x_rcc.o(i.RCC_HSICmd), (12 bytes).
    Removing stm32f10x_rcc.o(i.RCC_ITConfig), (32 bytes).
    Removing stm32f10x_rcc.o(i.RCC_LSICmd), (12 bytes).
    Removing stm32f10x_rcc.o(i.RCC_MCOConfig), (12 bytes).
    Removing stm32f10x_rcc.o(i.RCC_PCLK1Config), (24 bytes).
    Removing stm32f10x_rcc.o(i.RCC_PCLK2Config), (24 bytes).
    Removing stm32f10x_rcc.o(i.RCC_PLLCmd), (12 bytes).
    Removing stm32f10x_rcc.o(i.RCC_PLLConfig), (28 bytes).
    Removing stm32f10x_rcc.o(i.RCC_RTCCLKCmd), (12 bytes).
    Removing stm32f10x_rcc.o(i.RCC_RTCCLKConfig), (16 bytes).
    Removing stm32f10x_rcc.o(i.RCC_SYSCLKConfig), (24 bytes).
    Removing stm32f10x_rcc.o(i.RCC_USBCLKConfig), (12 bytes).
    Removing stm32f10x_rcc.o(i.RCC_WaitForHSEStartUp), (56 bytes).
    Removing stm32f10x_rtc.o(i.RTC_ClearFlag), (16 bytes).
    Removing stm32f10x_rtc.o(i.RTC_ClearITPendingBit), (16 bytes).
    Removing stm32f10x_rtc.o(i.RTC_EnterConfigMode), (20 bytes).
    Removing stm32f10x_rtc.o(i.RTC_ExitConfigMode), (20 bytes).
    Removing stm32f10x_rtc.o(i.RTC_GetCounter), (20 bytes).
    Removing stm32f10x_rtc.o(i.RTC_GetDivider), (24 bytes).
    Removing stm32f10x_rtc.o(i.RTC_GetFlagStatus), (24 bytes).
    Removing stm32f10x_rtc.o(i.RTC_GetITStatus), (36 bytes).
    Removing stm32f10x_rtc.o(i.RTC_ITConfig), (32 bytes).
    Removing stm32f10x_rtc.o(i.RTC_SetAlarm), (28 bytes).
    Removing stm32f10x_rtc.o(i.RTC_SetCounter), (28 bytes).
    Removing stm32f10x_rtc.o(i.RTC_SetPrescaler), (32 bytes).
    Removing stm32f10x_rtc.o(i.RTC_WaitForLastTask), (20 bytes).
    Removing stm32f10x_rtc.o(i.RTC_WaitForSynchro), (36 bytes).
    Removing stm32f10x_sdio.o(i.SDIO_CEATAITCmd), (16 bytes).
    Removing stm32f10x_sdio.o(i.SDIO_ClearFlag), (12 bytes).
    Removing stm32f10x_sdio.o(i.SDIO_ClearITPendingBit), (12 bytes).
    Removing stm32f10x_sdio.o(i.SDIO_ClockCmd), (12 bytes).
    Removing stm32f10x_sdio.o(i.SDIO_CmdStructInit), (14 bytes).
    Removing stm32f10x_sdio.o(i.SDIO_CommandCompletionCmd), (12 bytes).
    Removing stm32f10x_sdio.o(i.SDIO_DMACmd), (12 bytes).
    Removing stm32f10x_sdio.o(i.SDIO_DataConfig), (48 bytes).
    Removing stm32f10x_sdio.o(i.SDIO_DataStructInit), (20 bytes).
    Removing stm32f10x_sdio.o(i.SDIO_DeInit), (36 bytes).
    Removing stm32f10x_sdio.o(i.SDIO_GetCommandResponse), (12 bytes).
    Removing stm32f10x_sdio.o(i.SDIO_GetDataCounter), (12 bytes).
    Removing stm32f10x_sdio.o(i.SDIO_GetFIFOCount), (12 bytes).
    Removing stm32f10x_sdio.o(i.SDIO_GetFlagStatus), (24 bytes).
    Removing stm32f10x_sdio.o(i.SDIO_GetITStatus), (24 bytes).
    Removing stm32f10x_sdio.o(i.SDIO_GetPowerState), (16 bytes).
    Removing stm32f10x_sdio.o(i.SDIO_GetResponse), (24 bytes).
    Removing stm32f10x_sdio.o(i.SDIO_ITConfig), (32 bytes).
    Removing stm32f10x_sdio.o(i.SDIO_Init), (48 bytes).
    Removing stm32f10x_sdio.o(i.SDIO_ReadData), (12 bytes).
    Removing stm32f10x_sdio.o(i.SDIO_SendCEATACmd), (12 bytes).
    Removing stm32f10x_sdio.o(i.SDIO_SendCommand), (44 bytes).
    Removing stm32f10x_sdio.o(i.SDIO_SendSDIOSuspendCmd), (12 bytes).
    Removing stm32f10x_sdio.o(i.SDIO_SetPowerState), (28 bytes).
    Removing stm32f10x_sdio.o(i.SDIO_SetSDIOOperation), (12 bytes).
    Removing stm32f10x_sdio.o(i.SDIO_SetSDIOReadWaitMode), (12 bytes).
    Removing stm32f10x_sdio.o(i.SDIO_StartSDIOReadWait), (12 bytes).
    Removing stm32f10x_sdio.o(i.SDIO_StopSDIOReadWait), (12 bytes).
    Removing stm32f10x_sdio.o(i.SDIO_StructInit), (16 bytes).
    Removing stm32f10x_sdio.o(i.SDIO_WriteData), (12 bytes).
    Removing stm32f10x_spi.o(i.I2S_Cmd), (24 bytes).
    Removing stm32f10x_spi.o(i.I2S_Init), (232 bytes).
    Removing stm32f10x_spi.o(i.I2S_StructInit), (20 bytes).
    Removing stm32f10x_spi.o(i.SPI_BiDirectionalLineConfig), (28 bytes).
    Removing stm32f10x_spi.o(i.SPI_CalculateCRC), (24 bytes).
    Removing stm32f10x_spi.o(i.SPI_Cmd), (24 bytes).
    Removing stm32f10x_spi.o(i.SPI_DataSizeConfig), (18 bytes).
    Removing stm32f10x_spi.o(i.SPI_GetCRC), (16 bytes).
    Removing stm32f10x_spi.o(i.SPI_GetCRCPolynomial), (6 bytes).
    Removing stm32f10x_spi.o(i.SPI_I2S_ClearFlag), (6 bytes).
    Removing stm32f10x_spi.o(i.SPI_I2S_ClearITPendingBit), (20 bytes).
    Removing stm32f10x_spi.o(i.SPI_I2S_DMACmd), (18 bytes).
    Removing stm32f10x_spi.o(i.SPI_I2S_DeInit), (88 bytes).
    Removing stm32f10x_spi.o(i.SPI_I2S_GetFlagStatus), (18 bytes).
    Removing stm32f10x_spi.o(i.SPI_I2S_GetITStatus), (52 bytes).
    Removing stm32f10x_spi.o(i.SPI_I2S_ITConfig), (32 bytes).
    Removing stm32f10x_spi.o(i.SPI_I2S_ReceiveData), (6 bytes).
    Removing stm32f10x_spi.o(i.SPI_I2S_SendData), (4 bytes).
    Removing stm32f10x_spi.o(i.SPI_Init), (60 bytes).
    Removing stm32f10x_spi.o(i.SPI_NSSInternalSoftwareConfig), (30 bytes).
    Removing stm32f10x_spi.o(i.SPI_SSOutputCmd), (24 bytes).
    Removing stm32f10x_spi.o(i.SPI_StructInit), (24 bytes).
    Removing stm32f10x_spi.o(i.SPI_TransmitCRC), (10 bytes).
    Removing stm32f10x_tim.o(i.TI1_Config), (128 bytes).
    Removing stm32f10x_tim.o(i.TI2_Config), (152 bytes).
    Removing stm32f10x_tim.o(i.TI3_Config), (144 bytes).
    Removing stm32f10x_tim.o(i.TI4_Config), (152 bytes).
    Removing stm32f10x_tim.o(i.TIM_ARRPreloadConfig), (24 bytes).
    Removing stm32f10x_tim.o(i.TIM_BDTRConfig), (32 bytes).
    Removing stm32f10x_tim.o(i.TIM_BDTRStructInit), (18 bytes).
    Removing stm32f10x_tim.o(i.TIM_CCPreloadControl), (24 bytes).
    Removing stm32f10x_tim.o(i.TIM_CCxCmd), (30 bytes).
    Removing stm32f10x_tim.o(i.TIM_CCxNCmd), (30 bytes).
    Removing stm32f10x_tim.o(i.TIM_ClearFlag), (6 bytes).
    Removing stm32f10x_tim.o(i.TIM_ClearOC1Ref), (18 bytes).
    Removing stm32f10x_tim.o(i.TIM_ClearOC2Ref), (24 bytes).
    Removing stm32f10x_tim.o(i.TIM_ClearOC3Ref), (18 bytes).
    Removing stm32f10x_tim.o(i.TIM_ClearOC4Ref), (24 bytes).
    Removing stm32f10x_tim.o(i.TIM_CounterModeConfig), (18 bytes).
    Removing stm32f10x_tim.o(i.TIM_CtrlPWMOutputs), (30 bytes).
    Removing stm32f10x_tim.o(i.TIM_DMACmd), (18 bytes).
    Removing stm32f10x_tim.o(i.TIM_DMAConfig), (10 bytes).
    Removing stm32f10x_tim.o(i.TIM_DeInit), (488 bytes).
    Removing stm32f10x_tim.o(i.TIM_ETRClockMode1Config), (54 bytes).
    Removing stm32f10x_tim.o(i.TIM_ETRClockMode2Config), (32 bytes).
    Removing stm32f10x_tim.o(i.TIM_ETRConfig), (28 bytes).
    Removing stm32f10x_tim.o(i.TIM_EncoderInterfaceConfig), (66 bytes).
    Removing stm32f10x_tim.o(i.TIM_ForcedOC1Config), (18 bytes).
    Removing stm32f10x_tim.o(i.TIM_ForcedOC2Config), (26 bytes).
    Removing stm32f10x_tim.o(i.TIM_ForcedOC3Config), (18 bytes).
    Removing stm32f10x_tim.o(i.TIM_ForcedOC4Config), (26 bytes).
    Removing stm32f10x_tim.o(i.TIM_GenerateEvent), (4 bytes).
    Removing stm32f10x_tim.o(i.TIM_GetCapture1), (6 bytes).
    Removing stm32f10x_tim.o(i.TIM_GetCapture2), (6 bytes).
    Removing stm32f10x_tim.o(i.TIM_GetCapture3), (6 bytes).
    Removing stm32f10x_tim.o(i.TIM_GetCapture4), (8 bytes).
    Removing stm32f10x_tim.o(i.TIM_GetCounter), (6 bytes).
    Removing stm32f10x_tim.o(i.TIM_GetFlagStatus), (18 bytes).
    Removing stm32f10x_tim.o(i.TIM_GetPrescaler), (6 bytes).
    Removing stm32f10x_tim.o(i.TIM_ICInit), (172 bytes).
    Removing stm32f10x_tim.o(i.TIM_ICStructInit), (18 bytes).
    Removing stm32f10x_tim.o(i.TIM_ITRxExternalClockConfig), (24 bytes).
    Removing stm32f10x_tim.o(i.TIM_InternalClockConfig), (12 bytes).
    Removing stm32f10x_tim.o(i.TIM_OC1FastConfig), (18 bytes).
    Removing stm32f10x_tim.o(i.TIM_OC1Init), (152 bytes).
    Removing stm32f10x_tim.o(i.TIM_OC1NPolarityConfig), (18 bytes).
    Removing stm32f10x_tim.o(i.TIM_OC1PolarityConfig), (18 bytes).
    Removing stm32f10x_tim.o(i.TIM_OC1PreloadConfig), (18 bytes).
    Removing stm32f10x_tim.o(i.TIM_OC2FastConfig), (26 bytes).
    Removing stm32f10x_tim.o(i.TIM_OC2Init), (164 bytes).
    Removing stm32f10x_tim.o(i.TIM_OC2NPolarityConfig), (26 bytes).
    Removing stm32f10x_tim.o(i.TIM_OC2PolarityConfig), (26 bytes).
    Removing stm32f10x_tim.o(i.TIM_OC2PreloadConfig), (26 bytes).
    Removing stm32f10x_tim.o(i.TIM_OC3FastConfig), (18 bytes).
    Removing stm32f10x_tim.o(i.TIM_OC3Init), (160 bytes).
    Removing stm32f10x_tim.o(i.TIM_OC3NPolarityConfig), (26 bytes).
    Removing stm32f10x_tim.o(i.TIM_OC3PolarityConfig), (26 bytes).
    Removing stm32f10x_tim.o(i.TIM_OC3PreloadConfig), (18 bytes).
    Removing stm32f10x_tim.o(i.TIM_OC4FastConfig), (26 bytes).
    Removing stm32f10x_tim.o(i.TIM_OC4Init), (124 bytes).
    Removing stm32f10x_tim.o(i.TIM_OC4PolarityConfig), (26 bytes).
    Removing stm32f10x_tim.o(i.TIM_OC4PreloadConfig), (26 bytes).
    Removing stm32f10x_tim.o(i.TIM_OCStructInit), (20 bytes).
    Removing stm32f10x_tim.o(i.TIM_PWMIConfig), (124 bytes).
    Removing stm32f10x_tim.o(i.TIM_PrescalerConfig), (6 bytes).
    Removing stm32f10x_tim.o(i.TIM_SelectCCDMA), (24 bytes).
    Removing stm32f10x_tim.o(i.TIM_SelectCOM), (24 bytes).
    Removing stm32f10x_tim.o(i.TIM_SelectHallSensor), (24 bytes).
    Removing stm32f10x_tim.o(i.TIM_SelectInputTrigger), (18 bytes).
    Removing stm32f10x_tim.o(i.TIM_SelectMasterSlaveMode), (18 bytes).
    Removing stm32f10x_tim.o(i.TIM_SelectOCxM), (82 bytes).
    Removing stm32f10x_tim.o(i.TIM_SelectOnePulseMode), (18 bytes).
    Removing stm32f10x_tim.o(i.TIM_SelectOutputTrigger), (18 bytes).
    Removing stm32f10x_tim.o(i.TIM_SelectSlaveMode), (18 bytes).
    Removing stm32f10x_tim.o(i.TIM_SetAutoreload), (4 bytes).
    Removing stm32f10x_tim.o(i.TIM_SetClockDivision), (18 bytes).
    Removing stm32f10x_tim.o(i.TIM_SetCompare1), (4 bytes).
    Removing stm32f10x_tim.o(i.TIM_SetCompare2), (4 bytes).
    Removing stm32f10x_tim.o(i.TIM_SetCompare3), (4 bytes).
    Removing stm32f10x_tim.o(i.TIM_SetCompare4), (6 bytes).
    Removing stm32f10x_tim.o(i.TIM_SetCounter), (4 bytes).
    Removing stm32f10x_tim.o(i.TIM_SetIC1Prescaler), (18 bytes).
    Removing stm32f10x_tim.o(i.TIM_SetIC2Prescaler), (26 bytes).
    Removing stm32f10x_tim.o(i.TIM_SetIC3Prescaler), (18 bytes).
    Removing stm32f10x_tim.o(i.TIM_SetIC4Prescaler), (26 bytes).
    Removing stm32f10x_tim.o(i.TIM_TIxExternalClockConfig), (62 bytes).
    Removing stm32f10x_tim.o(i.TIM_TimeBaseStructInit), (18 bytes).
    Removing stm32f10x_tim.o(i.TIM_UpdateDisableConfig), (24 bytes).
    Removing stm32f10x_tim.o(i.TIM_UpdateRequestConfig), (24 bytes).
    Removing stm32f10x_usart.o(i.USART_ClearFlag), (18 bytes).
    Removing stm32f10x_usart.o(i.USART_ClearITPendingBit), (30 bytes).
    Removing stm32f10x_usart.o(i.USART_ClockInit), (34 bytes).
    Removing stm32f10x_usart.o(i.USART_ClockStructInit), (12 bytes).
    Removing stm32f10x_usart.o(i.USART_DMACmd), (18 bytes).
    Removing stm32f10x_usart.o(i.USART_DeInit), (156 bytes).
    Removing stm32f10x_usart.o(i.USART_HalfDuplexCmd), (24 bytes).
    Removing stm32f10x_usart.o(i.USART_IrDACmd), (24 bytes).
    Removing stm32f10x_usart.o(i.USART_IrDAConfig), (18 bytes).
    Removing stm32f10x_usart.o(i.USART_LINBreakDetectLengthConfig), (18 bytes).
    Removing stm32f10x_usart.o(i.USART_LINCmd), (24 bytes).
    Removing stm32f10x_usart.o(i.USART_OneBitMethodCmd), (24 bytes).
    Removing stm32f10x_usart.o(i.USART_OverSampling8Cmd), (22 bytes).
    Removing stm32f10x_usart.o(i.USART_ReceiverWakeUpCmd), (24 bytes).
    Removing stm32f10x_usart.o(i.USART_SendBreak), (10 bytes).
    Removing stm32f10x_usart.o(i.USART_SetAddress), (18 bytes).
    Removing stm32f10x_usart.o(i.USART_SetGuardTime), (16 bytes).
    Removing stm32f10x_usart.o(i.USART_SetPrescaler), (16 bytes).
    Removing stm32f10x_usart.o(i.USART_SmartCardCmd), (24 bytes).
    Removing stm32f10x_usart.o(i.USART_SmartCardNACKCmd), (24 bytes).
    Removing stm32f10x_usart.o(i.USART_StructInit), (24 bytes).
    Removing stm32f10x_usart.o(i.USART_WakeUpConfig), (18 bytes).
    Removing stm32f10x_wwdg.o(i.WWDG_ClearFlag), (12 bytes).
    Removing stm32f10x_wwdg.o(i.WWDG_DeInit), (22 bytes).
    Removing stm32f10x_wwdg.o(i.WWDG_Enable), (16 bytes).
    Removing stm32f10x_wwdg.o(i.WWDG_EnableIT), (12 bytes).
    Removing stm32f10x_wwdg.o(i.WWDG_GetFlagStatus), (12 bytes).
    Removing stm32f10x_wwdg.o(i.WWDG_SetCounter), (16 bytes).
    Removing stm32f10x_wwdg.o(i.WWDG_SetPrescaler), (24 bytes).
    Removing stm32f10x_wwdg.o(i.WWDG_SetWindowValue), (40 bytes).
    Removing dht11.o(i.DHT11_Init), (32 bytes).
    Removing lcd12864.o(i.GPIO_Configuration), (120 bytes).
    Removing lcd12864.o(i.LCD12864_Pos), (54 bytes).
    Removing lcd12864.o(i.LCD12864_int), (58 bytes).
    Removing lcd12864.o(i.LCD12864_write), (64 bytes).
    Removing lcd12864.o(i.LCD12864_writebyte), (24 bytes).
    Removing lcd12864.o(i.delay100us), (12 bytes).
    Removing lcd12864.o(i.delay20ms), (10 bytes).
    Removing lcd12864.o(i.send_cmd), (52 bytes).
    Removing lcd12864.o(i.show_word), (52 bytes).
    Removing lcd12864.o(i.spi_function), (100 bytes).
    Removing esp8266.o(i.ESP8266_Init), (12 bytes).
    Removing usart.o(i.USART1_SendStr), (26 bytes).
    Removing usart.o(i.USART3_SendStr), (26 bytes).
    Removing usart.o(i.USART3_SendString), (22 bytes).
    Removing usart.o(i.Usart3Send), (36 bytes).
    Removing usart.o(i._sys_exit), (4 bytes).
    Removing usart.o(i.fputc), (28 bytes).
    Removing usart.o(i.usart3_Init), (164 bytes).
    Removing usart.o(.bss), (768 bytes).
    Removing usart.o(.data), (6 bytes).
    Removing oled.o(i.display_128x64), (64 bytes).
    Removing oled.o(i.display_graphic_5x7), (96 bytes).
    Removing oled.o(i.display_string_5x7), (136 bytes).
    Removing oled.o(.constdata), (1088 bytes).
    Removing delay.o(i.delay_us), (76 bytes).

458 unused section(s) (total 20670 bytes) removed from the image.

==============================================================================

Image Symbol Table

    Local Symbols

    Symbol Name                              Value     Ov Type        Size  Object(Section)

    ../clib/microlib/init/entry.s            0x00000000   Number         0  entry7b.o ABSOLUTE
    ../clib/microlib/init/entry.s            0x00000000   Number         0  entry2.o ABSOLUTE
    ../clib/microlib/init/entry.s            0x00000000   Number         0  entry7a.o ABSOLUTE
    ../clib/microlib/init/entry.s            0x00000000   Number         0  entry5.o ABSOLUTE
    ../clib/microlib/init/entry.s            0x00000000   Number         0  entry11b.o ABSOLUTE
    ../clib/microlib/init/entry.s            0x00000000   Number         0  entry.o ABSOLUTE
    ../clib/microlib/init/entry.s            0x00000000   Number         0  entry11a.o ABSOLUTE
    ../clib/microlib/init/entry.s            0x00000000   Number         0  entry10b.o ABSOLUTE
    ../clib/microlib/init/entry.s            0x00000000   Number         0  entry10a.o ABSOLUTE
    ../clib/microlib/init/entry.s            0x00000000   Number         0  entry9b.o ABSOLUTE
    ../clib/microlib/init/entry.s            0x00000000   Number         0  entry9a.o ABSOLUTE
    ../clib/microlib/init/entry.s            0x00000000   Number         0  entry8a.o ABSOLUTE
    ../clib/microlib/init/entry.s            0x00000000   Number         0  entry8b.o ABSOLUTE
    ../clib/microlib/init/entry.s            0x00000000   Number         0  entry12a.o ABSOLUTE
    ../clib/microlib/init/entry.s            0x00000000   Number         0  entry12b.o ABSOLUTE
    ../clib/microlib/stubs.s                 0x00000000   Number         0  iusefp.o ABSOLUTE
    ../clib/microlib/stubs.s                 0x00000000   Number         0  useno.o ABSOLUTE
    ../fplib/microlib/fpadd.c                0x00000000   Number         0  fadd.o ABSOLUTE
    ../fplib/microlib/fpdiv.c                0x00000000   Number         0  fdiv.o ABSOLUTE
    ../fplib/microlib/fpepilogue.c           0x00000000   Number         0  fepilogue.o ABSOLUTE
    ../fplib/microlib/fpfix.c                0x00000000   Number         0  ffixui.o ABSOLUTE
    ../fplib/microlib/fpflt.c                0x00000000   Number         0  ffltui.o ABSOLUTE
    ../fplib/microlib/fpmul.c                0x00000000   Number         0  fmul.o ABSOLUTE
    ..\Device\ADC\adc.c                      0x00000000   Number         0  adc.o ABSOLUTE
    ..\Device\DHT11\dht11.c                  0x00000000   Number         0  dht11.o ABSOLUTE
    ..\Device\FLASH\stmflash.c               0x00000000   Number         0  stmflash.o ABSOLUTE
    ..\Device\IO\io.c                        0x00000000   Number         0  io.o ABSOLUTE
    ..\Device\LCD12864\lcd12864.c            0x00000000   Number         0  lcd12864.o ABSOLUTE
    ..\Device\OLED\oled.c                    0x00000000   Number         0  oled.o ABSOLUTE
    ..\Device\TIM\timer.c                    0x00000000   Number         0  timer.o ABSOLUTE
    ..\Device\Usart\usart.c                  0x00000000   Number         0  usart.o ABSOLUTE
    ..\Device\WIFI\esp8266.c                 0x00000000   Number         0  esp8266.o ABSOLUTE
    ..\Device\WT588\trum.c                   0x00000000   Number         0  trum.o ABSOLUTE
    ..\Libraries\CMSIS\core_cm3.c            0x00000000   Number         0  core_cm3.o ABSOLUTE
    ..\Libraries\CMSIS\startup\startup_stm32f10x_md.s 0x00000000   Number         0  startup_stm32f10x_md.o ABSOLUTE
    ..\Libraries\CMSIS\system_stm32f10x.c    0x00000000   Number         0  system_stm32f10x.o ABSOLUTE
    ..\Libraries\STM32F10x_StdPeriph_Driver\src\misc.c 0x00000000   Number         0  misc.o ABSOLUTE
    ..\Libraries\STM32F10x_StdPeriph_Driver\src\stm32f10x_adc.c 0x00000000   Number         0  stm32f10x_adc.o ABSOLUTE
    ..\Libraries\STM32F10x_StdPeriph_Driver\src\stm32f10x_bkp.c 0x00000000   Number         0  stm32f10x_bkp.o ABSOLUTE
    ..\Libraries\STM32F10x_StdPeriph_Driver\src\stm32f10x_can.c 0x00000000   Number         0  stm32f10x_can.o ABSOLUTE
    ..\Libraries\STM32F10x_StdPeriph_Driver\src\stm32f10x_cec.c 0x00000000   Number         0  stm32f10x_cec.o ABSOLUTE
    ..\Libraries\STM32F10x_StdPeriph_Driver\src\stm32f10x_crc.c 0x00000000   Number         0  stm32f10x_crc.o ABSOLUTE
    ..\Libraries\STM32F10x_StdPeriph_Driver\src\stm32f10x_dac.c 0x00000000   Number         0  stm32f10x_dac.o ABSOLUTE
    ..\Libraries\STM32F10x_StdPeriph_Driver\src\stm32f10x_dbgmcu.c 0x00000000   Number         0  stm32f10x_dbgmcu.o ABSOLUTE
    ..\Libraries\STM32F10x_StdPeriph_Driver\src\stm32f10x_dma.c 0x00000000   Number         0  stm32f10x_dma.o ABSOLUTE
    ..\Libraries\STM32F10x_StdPeriph_Driver\src\stm32f10x_exti.c 0x00000000   Number         0  stm32f10x_exti.o ABSOLUTE
    ..\Libraries\STM32F10x_StdPeriph_Driver\src\stm32f10x_flash.c 0x00000000   Number         0  stm32f10x_flash.o ABSOLUTE
    ..\Libraries\STM32F10x_StdPeriph_Driver\src\stm32f10x_fsmc.c 0x00000000   Number         0  stm32f10x_fsmc.o ABSOLUTE
    ..\Libraries\STM32F10x_StdPeriph_Driver\src\stm32f10x_gpio.c 0x00000000   Number         0  stm32f10x_gpio.o ABSOLUTE
    ..\Libraries\STM32F10x_StdPeriph_Driver\src\stm32f10x_i2c.c 0x00000000   Number         0  stm32f10x_i2c.o ABSOLUTE
    ..\Libraries\STM32F10x_StdPeriph_Driver\src\stm32f10x_iwdg.c 0x00000000   Number         0  stm32f10x_iwdg.o ABSOLUTE
    ..\Libraries\STM32F10x_StdPeriph_Driver\src\stm32f10x_pwr.c 0x00000000   Number         0  stm32f10x_pwr.o ABSOLUTE
    ..\Libraries\STM32F10x_StdPeriph_Driver\src\stm32f10x_rcc.c 0x00000000   Number         0  stm32f10x_rcc.o ABSOLUTE
    ..\Libraries\STM32F10x_StdPeriph_Driver\src\stm32f10x_rtc.c 0x00000000   Number         0  stm32f10x_rtc.o ABSOLUTE
    ..\Libraries\STM32F10x_StdPeriph_Driver\src\stm32f10x_sdio.c 0x00000000   Number         0  stm32f10x_sdio.o ABSOLUTE
    ..\Libraries\STM32F10x_StdPeriph_Driver\src\stm32f10x_spi.c 0x00000000   Number         0  stm32f10x_spi.o ABSOLUTE
    ..\Libraries\STM32F10x_StdPeriph_Driver\src\stm32f10x_tim.c 0x00000000   Number         0  stm32f10x_tim.o ABSOLUTE
    ..\Libraries\STM32F10x_StdPeriph_Driver\src\stm32f10x_usart.c 0x00000000   Number         0  stm32f10x_usart.o ABSOLUTE
    ..\Libraries\STM32F10x_StdPeriph_Driver\src\stm32f10x_wwdg.c 0x00000000   Number         0  stm32f10x_wwdg.o ABSOLUTE
    ..\User\delay\delay.c                    0x00000000   Number         0  delay.o ABSOLUTE
    ..\User\main.c                           0x00000000   Number         0  main.o ABSOLUTE
    ..\User\stm32f10x_it.c                   0x00000000   Number         0  stm32f10x_it.o ABSOLUTE
    ..\User\sys\sys.c                        0x00000000   Number         0  sys.o ABSOLUTE
    ..\\Libraries\\CMSIS\\core_cm3.c         0x00000000   Number         0  core_cm3.o ABSOLUTE
    cfcmple.s                                0x00000000   Number         0  cfcmple.o ABSOLUTE
    dc.s                                     0x00000000   Number         0  dc.o ABSOLUTE
    handlers.s                               0x00000000   Number         0  handlers.o ABSOLUTE
    init.s                                   0x00000000   Number         0  init.o ABSOLUTE
    RESET                                    0x08000000   Section      236  startup_stm32f10x_md.o(RESET)
    .ARM.Collect$$$$00000000                 0x080000ec   Section        0  entry.o(.ARM.Collect$$$$00000000)
    .ARM.Collect$$$$00000001                 0x080000ec   Section        4  entry2.o(.ARM.Collect$$$$00000001)
    .ARM.Collect$$$$00000004                 0x080000f0   Section        4  entry5.o(.ARM.Collect$$$$00000004)
    .ARM.Collect$$$$00000008                 0x080000f4   Section        0  entry7b.o(.ARM.Collect$$$$00000008)
    .ARM.Collect$$$$0000000A                 0x080000f4   Section        0  entry8b.o(.ARM.Collect$$$$0000000A)
    .ARM.Collect$$$$0000000B                 0x080000f4   Section        8  entry9a.o(.ARM.Collect$$$$0000000B)
    .ARM.Collect$$$$0000000E                 0x080000fc   Section        4  entry12b.o(.ARM.Collect$$$$0000000E)
    .ARM.Collect$$$$0000000F                 0x08000100   Section        0  entry10a.o(.ARM.Collect$$$$0000000F)
    .ARM.Collect$$$$00000011                 0x08000100   Section        0  entry11a.o(.ARM.Collect$$$$00000011)
    .ARM.Collect$$$$00002712                 0x08000100   Section        4  entry2.o(.ARM.Collect$$$$00002712)
    __lit__00000000                          0x08000100   Data           4  entry2.o(.ARM.Collect$$$$00002712)
    .text                                    0x08000104   Section       36  startup_stm32f10x_md.o(.text)
    .text                                    0x08000128   Section        0  fadd.o(.text)
    .text                                    0x080001d8   Section        0  fmul.o(.text)
    .text                                    0x0800023c   Section        0  fdiv.o(.text)
    .text                                    0x080002b8   Section        0  ffltui.o(.text)
    .text                                    0x080002c2   Section        0  ffixui.o(.text)
    .text                                    0x080002ec   Section       20  cfcmple.o(.text)
    .text                                    0x08000300   Section        0  iusefp.o(.text)
    .text                                    0x08000300   Section        0  fepilogue.o(.text)
    .text                                    0x08000370   Section       36  init.o(.text)
    i.ADC_Cmd                                0x08000394   Section        0  stm32f10x_adc.o(i.ADC_Cmd)
    i.ADC_GetCalibrationStatus               0x080003aa   Section        0  stm32f10x_adc.o(i.ADC_GetCalibrationStatus)
    i.ADC_GetConversionValue                 0x080003be   Section        0  stm32f10x_adc.o(i.ADC_GetConversionValue)
    i.ADC_GetFlagStatus                      0x080003c6   Section        0  stm32f10x_adc.o(i.ADC_GetFlagStatus)
    i.ADC_GetResetCalibrationStatus          0x080003d8   Section        0  stm32f10x_adc.o(i.ADC_GetResetCalibrationStatus)
    i.ADC_Init                               0x080003ec   Section        0  stm32f10x_adc.o(i.ADC_Init)
    i.ADC_RegularChannelConfig               0x0800043c   Section        0  stm32f10x_adc.o(i.ADC_RegularChannelConfig)
    i.ADC_ResetCalibration                   0x080004f4   Section        0  stm32f10x_adc.o(i.ADC_ResetCalibration)
    i.ADC_SoftwareStartConvCmd               0x080004fe   Section        0  stm32f10x_adc.o(i.ADC_SoftwareStartConvCmd)
    i.ADC_StartCalibration                   0x08000514   Section        0  stm32f10x_adc.o(i.ADC_StartCalibration)
    i.AD_Data                                0x08000520   Section        0  main.o(i.AD_Data)
    i.Adc_Init                               0x080005bc   Section        0  adc.o(i.Adc_Init)
    i.BKP_ITConfig                           0x08000664   Section        0  stm32f10x_bkp.o(i.BKP_ITConfig)
    i.BKP_TamperPinCmd                       0x08000670   Section        0  stm32f10x_bkp.o(i.BKP_TamperPinCmd)
    i.BusFault_Handler                       0x0800067c   Section        0  stm32f10x_it.o(i.BusFault_Handler)
    i.Check                                  0x08000680   Section        0  main.o(i.Check)
    i.DHT11_Delay                            0x080006a8   Section        0  dht11.o(i.DHT11_Delay)
    DHT11_Delay                              0x080006a9   Thumb Code    24  dht11.o(i.DHT11_Delay)
    i.DHT11_Mode_IPU                         0x080006c0   Section        0  dht11.o(i.DHT11_Mode_IPU)
    DHT11_Mode_IPU                           0x080006c1   Thumb Code    26  dht11.o(i.DHT11_Mode_IPU)
    i.DHT11_Mode_Out_PP                      0x080006e0   Section        0  dht11.o(i.DHT11_Mode_Out_PP)
    DHT11_Mode_Out_PP                        0x080006e1   Thumb Code    32  dht11.o(i.DHT11_Mode_Out_PP)
    i.DHT11_ReadByte                         0x08000704   Section        0  dht11.o(i.DHT11_ReadByte)
    DHT11_ReadByte                           0x08000705   Thumb Code   116  dht11.o(i.DHT11_ReadByte)
    i.DHT11_Read_TempAndHumidity             0x0800077c   Section        0  dht11.o(i.DHT11_Read_TempAndHumidity)
    i.DebugMon_Handler                       0x08000888   Section        0  stm32f10x_it.o(i.DebugMon_Handler)
    i.Display_Byte                           0x0800088c   Section        0  oled.o(i.Display_Byte)
    i.ESP8266_ConnectServer                  0x0800094c   Section        0  esp8266.o(i.ESP8266_ConnectServer)
    i.ESP8266_UartReceive                    0x08000a80   Section        0  main.o(i.ESP8266_UartReceive)
    i.ESP8266_UartSendData                   0x08000c74   Section        0  main.o(i.ESP8266_UartSendData)
    i.FLASH_ErasePage                        0x08000fe4   Section        0  stm32f10x_flash.o(i.FLASH_ErasePage)
    i.FLASH_GetBank1Status                   0x08001030   Section        0  stm32f10x_flash.o(i.FLASH_GetBank1Status)
    i.FLASH_Lock                             0x08001064   Section        0  stm32f10x_flash.o(i.FLASH_Lock)
    i.FLASH_ProgramHalfWord                  0x08001078   Section        0  stm32f10x_flash.o(i.FLASH_ProgramHalfWord)
    i.FLASH_Read                             0x080010b8   Section        0  main.o(i.FLASH_Read)
    i.FLASH_Unlock                           0x08001168   Section        0  stm32f10x_flash.o(i.FLASH_Unlock)
    i.FLASH_WaitForLastOperation             0x08001180   Section        0  stm32f10x_flash.o(i.FLASH_WaitForLastOperation)
    i.FLASH_Write                            0x080011a8   Section        0  main.o(i.FLASH_Write)
    i.GBZK_GPIO_Config                       0x08001224   Section        0  oled.o(i.GBZK_GPIO_Config)
    i.GBZK_ROMOUTRESET                       0x080012c4   Section        0  oled.o(i.GBZK_ROMOUTRESET)
    i.GBZK_ROMOUTSET                         0x080012f0   Section        0  oled.o(i.GBZK_ROMOUTSET)
    i.GPIO_Init                              0x0800131c   Section        0  stm32f10x_gpio.o(i.GPIO_Init)
    i.GPIO_PinRemapConfig                    0x08001434   Section        0  stm32f10x_gpio.o(i.GPIO_PinRemapConfig)
    i.GPIO_ReadInputDataBit                  0x080014c4   Section        0  stm32f10x_gpio.o(i.GPIO_ReadInputDataBit)
    i.GPIO_ResetBits                         0x080014d6   Section        0  stm32f10x_gpio.o(i.GPIO_ResetBits)
    i.GPIO_SetBits                           0x080014da   Section        0  stm32f10x_gpio.o(i.GPIO_SetBits)
    i.Get_ADC                                0x080014e0   Section        0  adc.o(i.Get_ADC)
    i.Get_Value                              0x08001514   Section        0  adc.o(i.Get_Value)
    i.HardFault_Handler                      0x08001536   Section        0  stm32f10x_it.o(i.HardFault_Handler)
    i.IO_Init                                0x0800153c   Section        0  io.o(i.IO_Init)
    i.KEY_Read                               0x08001634   Section        0  main.o(i.KEY_Read)
    i.MemManage_Handler                      0x080017f4   Section        0  stm32f10x_it.o(i.MemManage_Handler)
    i.NMI_Handler                            0x080017f8   Section        0  stm32f10x_it.o(i.NMI_Handler)
    i.NVIC_Init                              0x080017fc   Section        0  misc.o(i.NVIC_Init)
    i.OLED_Disp                              0x0800186c   Section        0  main.o(i.OLED_Disp)
    i.OLED_Init                              0x08001ebc   Section        0  oled.o(i.OLED_Init)
    i.PWR_BackupAccessCmd                    0x08001fd8   Section        0  stm32f10x_pwr.o(i.PWR_BackupAccessCmd)
    i.PendSV_Handler                         0x08001fe4   Section        0  stm32f10x_it.o(i.PendSV_Handler)
    i.RCC_ADCCLKConfig                       0x08001fe8   Section        0  stm32f10x_rcc.o(i.RCC_ADCCLKConfig)
    i.RCC_APB1PeriphClockCmd                 0x08002000   Section        0  stm32f10x_rcc.o(i.RCC_APB1PeriphClockCmd)
    i.RCC_APB2PeriphClockCmd                 0x08002020   Section        0  stm32f10x_rcc.o(i.RCC_APB2PeriphClockCmd)
    i.RCC_GetClocksFreq                      0x08002040   Section        0  stm32f10x_rcc.o(i.RCC_GetClocksFreq)
    i.RCC_LSEConfig                          0x08002114   Section        0  stm32f10x_rcc.o(i.RCC_LSEConfig)
    i.Read_Temp                              0x08002148   Section        0  main.o(i.Read_Temp)
    i.STMFLASH_Read                          0x08002174   Section        0  stmflash.o(i.STMFLASH_Read)
    i.STMFLASH_ReadHalfWord                  0x08002196   Section        0  stmflash.o(i.STMFLASH_ReadHalfWord)
    i.STMFLASH_Write                         0x0800219c   Section        0  stmflash.o(i.STMFLASH_Write)
    i.STMFLASH_Write_NoCheck                 0x08002284   Section        0  stmflash.o(i.STMFLASH_Write_NoCheck)
    i.SVC_Handler                            0x080022aa   Section        0  stm32f10x_it.o(i.SVC_Handler)
    i.SetSysClock                            0x080022ac   Section        0  system_stm32f10x.o(i.SetSysClock)
    SetSysClock                              0x080022ad   Thumb Code     8  system_stm32f10x.o(i.SetSysClock)
    i.SetSysClockTo72                        0x080022b4   Section        0  system_stm32f10x.o(i.SetSysClockTo72)
    SetSysClockTo72                          0x080022b5   Thumb Code   214  system_stm32f10x.o(i.SetSysClockTo72)
    i.SysTick_CLKSourceConfig                0x08002394   Section        0  misc.o(i.SysTick_CLKSourceConfig)
    i.SystemInit                             0x080023bc   Section        0  system_stm32f10x.o(i.SystemInit)
    i.TIM3_IRQHandler                        0x0800241c   Section        0  main.o(i.TIM3_IRQHandler)
    i.TIM3_Init                              0x08002524   Section        0  timer.o(i.TIM3_Init)
    i.TIM_ClearITPendingBit                  0x08002580   Section        0  stm32f10x_tim.o(i.TIM_ClearITPendingBit)
    i.TIM_Cmd                                0x08002586   Section        0  stm32f10x_tim.o(i.TIM_Cmd)
    i.TIM_GetITStatus                        0x0800259e   Section        0  stm32f10x_tim.o(i.TIM_GetITStatus)
    i.TIM_ITConfig                           0x080025c0   Section        0  stm32f10x_tim.o(i.TIM_ITConfig)
    i.TIM_TimeBaseInit                       0x080025d4   Section        0  stm32f10x_tim.o(i.TIM_TimeBaseInit)
    i.Trum_Init                              0x08002678   Section        0  trum.o(i.Trum_Init)
    i.Turm_delay_us                          0x080026a4   Section        0  trum.o(i.Turm_delay_us)
    i.USART1_IRQHandler                      0x080026b4   Section        0  esp8266.o(i.USART1_IRQHandler)
    i.USART1_SendString                      0x0800287c   Section        0  usart.o(i.USART1_SendString)
    i.USART_Cmd                              0x08002892   Section        0  stm32f10x_usart.o(i.USART_Cmd)
    i.USART_GetFlagStatus                    0x080028aa   Section        0  stm32f10x_usart.o(i.USART_GetFlagStatus)
    i.USART_GetITStatus                      0x080028c4   Section        0  stm32f10x_usart.o(i.USART_GetITStatus)
    i.USART_ITConfig                         0x08002918   Section        0  stm32f10x_usart.o(i.USART_ITConfig)
    i.USART_Init                             0x08002964   Section        0  stm32f10x_usart.o(i.USART_Init)
    i.USART_ReceiveData                      0x08002a3c   Section        0  stm32f10x_usart.o(i.USART_ReceiveData)
    i.USART_SendData                         0x08002a46   Section        0  stm32f10x_usart.o(i.USART_SendData)
    i.UsageFault_Handler                     0x08002a4e   Section        0  stm32f10x_it.o(i.UsageFault_Handler)
    i.Usart1Send                             0x08002a54   Section        0  usart.o(i.Usart1Send)
    i.WT588D_WriteByte                       0x08002a78   Section        0  trum.o(i.WT588D_WriteByte)
    i.WT588_Play                             0x08002ae4   Section        0  trum.o(i.WT588_Play)
    i.Warning                                0x080030c0   Section        0  main.o(i.Warning)
    i.__scatterload_copy                     0x0800316c   Section       14  handlers.o(i.__scatterload_copy)
    i.__scatterload_null                     0x0800317a   Section        2  handlers.o(i.__scatterload_null)
    i.__scatterload_zeroinit                 0x0800317c   Section       14  handlers.o(i.__scatterload_zeroinit)
    i.clear_screen                           0x0800318c   Section        0  oled.o(i.clear_screen)
    i.delay                                  0x080031e0   Section        0  oled.o(i.delay)
    i.delay_init                             0x080031fc   Section        0  delay.o(i.delay_init)
    i.delay_ms                               0x08003240   Section        0  delay.o(i.delay_ms)
    i.display_GB2312_string                  0x0800328c   Section        0  oled.o(i.display_GB2312_string)
    i.display_graphic_16x16                  0x08003408   Section        0  oled.o(i.display_graphic_16x16)
    i.display_graphic_8x16                   0x08003460   Section        0  oled.o(i.display_graphic_8x16)
    i.get_data_from_ROM                      0x080034b0   Section        0  oled.o(i.get_data_from_ROM)
    get_data_from_ROM                        0x080034b1   Thumb Code    92  oled.o(i.get_data_from_ROM)
    i.get_n_bytes_data_from_ROM              0x08003510   Section        0  oled.o(i.get_n_bytes_data_from_ROM)
    i.key_scan                               0x08003574   Section        0  io.o(i.key_scan)
    i.lcd_address                            0x080035fc   Section        0  oled.o(i.lcd_address)
    i.main                                   0x08003620   Section        0  main.o(i.main)
    i.send_command_to_ROM                    0x0800367c   Section        0  oled.o(i.send_command_to_ROM)
    i.transfer_command_lcd                   0x080036c8   Section        0  oled.o(i.transfer_command_lcd)
    i.transfer_data_lcd                      0x0800372c   Section        0  oled.o(i.transfer_data_lcd)
    i.u16_Write                              0x08003790   Section        0  stmflash.o(i.u16_Write)
    i.usart1_Init                            0x080037a0   Section        0  usart.o(i.usart1_Init)
    .data                                    0x20000000   Section       20  system_stm32f10x.o(.data)
    .data                                    0x20000014   Section       20  stm32f10x_rcc.o(.data)
    APBAHBPrescTable                         0x20000014   Data          16  stm32f10x_rcc.o(.data)
    ADCPrescTable                            0x20000024   Data           4  stm32f10x_rcc.o(.data)
    .data                                    0x20000028   Section        1  io.o(.data)
    key_up                                   0x20000028   Data           1  io.o(.data)
    .data                                    0x20000029   Section       34  esp8266.o(.data)
    .data                                    0x2000004b   Section        2  trum.o(.data)
    .data                                    0x20000050   Section        4  oled.o(.data)
    .data                                    0x20000054   Section       48  main.o(.data)
    .data                                    0x20000084   Section        4  delay.o(.data)
    fac_us                                   0x20000084   Data           1  delay.o(.data)
    fac_ms                                   0x20000086   Data           2  delay.o(.data)
    .bss                                     0x20000088   Section     1024  stmflash.o(.bss)
    .bss                                     0x20000488   Section       50  esp8266.o(.bss)
    STACK                                    0x200004c0   Section     1024  startup_stm32f10x_md.o(STACK)

    Global Symbols

    Symbol Name                              Value     Ov Type        Size  Object(Section)

    BuildAttributes$$THM_ISAv4$P$D$K$B$S$PE$A:L22UL41UL21$X:L11$S22US41US21$IEEE1$IW$USESV6$~STKCKD$USESV7$~SHL$OTIME$ROPI$EBA8$MICROLIB$REQ8$PRES8$EABIv2 0x00000000   Number         0  anon$$obj.o ABSOLUTE
    __ARM_use_no_argv                        0x00000000   Number         0  main.o ABSOLUTE
    __use_no_errno                           0x00000000   Number         0  useno.o ABSOLUTE
    __use_no_exception_handling              0x00000000   Number         0  useno.o ABSOLUTE
    __use_no_fp                              0x00000000   Number         0  useno.o ABSOLUTE
    __use_no_heap                            0x00000000   Number         0  useno.o ABSOLUTE
    __use_no_heap_region                     0x00000000   Number         0  useno.o ABSOLUTE
    __use_no_semihosting                     0x00000000   Number         0  useno.o ABSOLUTE
    __use_no_semihosting_swi                 0x00000000   Number         0  useno.o ABSOLUTE
    __use_no_signal_handling                 0x00000000   Number         0  useno.o ABSOLUTE
    __arm_fini_                               - Undefined Weak Reference
    __cpp_initialize__aeabi_                  - Undefined Weak Reference
    __cxa_finalize                            - Undefined Weak Reference
    __decompress                              - Undefined Weak Reference
    _clock_init                               - Undefined Weak Reference
    _microlib_exit                            - Undefined Weak Reference
    __Vectors_Size                           0x000000ec   Number         0  startup_stm32f10x_md.o ABSOLUTE
    __Vectors                                0x08000000   Data           4  startup_stm32f10x_md.o(RESET)
    __Vectors_End                            0x080000ec   Data           0  startup_stm32f10x_md.o(RESET)
    __main                                   0x080000ed   Thumb Code     0  entry.o(.ARM.Collect$$$$00000000)
    _main_stk                                0x080000ed   Thumb Code     0  entry2.o(.ARM.Collect$$$$00000001)
    _main_scatterload                        0x080000f1   Thumb Code     0  entry5.o(.ARM.Collect$$$$00000004)
    __main_after_scatterload                 0x080000f5   Thumb Code     0  entry5.o(.ARM.Collect$$$$00000004)
    _main_clock                              0x080000f5   Thumb Code     0  entry7b.o(.ARM.Collect$$$$00000008)
    _main_cpp_init                           0x080000f5   Thumb Code     0  entry8b.o(.ARM.Collect$$$$0000000A)
    _main_init                               0x080000f5   Thumb Code     0  entry9a.o(.ARM.Collect$$$$0000000B)
    __rt_lib_shutdown_fini                   0x080000fd   Thumb Code     0  entry12b.o(.ARM.Collect$$$$0000000E)
    __rt_final_cpp                           0x08000101   Thumb Code     0  entry10a.o(.ARM.Collect$$$$0000000F)
    __rt_final_exit                          0x08000101   Thumb Code     0  entry11a.o(.ARM.Collect$$$$00000011)
    Reset_Handler                            0x08000105   Thumb Code     8  startup_stm32f10x_md.o(.text)
    SysTick_Handler                          0x0800011d   Thumb Code     2  startup_stm32f10x_md.o(.text)
    ADC1_2_IRQHandler                        0x0800011f   Thumb Code     0  startup_stm32f10x_md.o(.text)
    CAN1_RX1_IRQHandler                      0x0800011f   Thumb Code     0  startup_stm32f10x_md.o(.text)
    CAN1_SCE_IRQHandler                      0x0800011f   Thumb Code     0  startup_stm32f10x_md.o(.text)
    DMA1_Channel1_IRQHandler                 0x0800011f   Thumb Code     0  startup_stm32f10x_md.o(.text)
    DMA1_Channel2_IRQHandler                 0x0800011f   Thumb Code     0  startup_stm32f10x_md.o(.text)
    DMA1_Channel3_IRQHandler                 0x0800011f   Thumb Code     0  startup_stm32f10x_md.o(.text)
    DMA1_Channel4_IRQHandler                 0x0800011f   Thumb Code     0  startup_stm32f10x_md.o(.text)
    DMA1_Channel5_IRQHandler                 0x0800011f   Thumb Code     0  startup_stm32f10x_md.o(.text)
    DMA1_Channel6_IRQHandler                 0x0800011f   Thumb Code     0  startup_stm32f10x_md.o(.text)
    DMA1_Channel7_IRQHandler                 0x0800011f   Thumb Code     0  startup_stm32f10x_md.o(.text)
    EXTI0_IRQHandler                         0x0800011f   Thumb Code     0  startup_stm32f10x_md.o(.text)
    EXTI15_10_IRQHandler                     0x0800011f   Thumb Code     0  startup_stm32f10x_md.o(.text)
    EXTI1_IRQHandler                         0x0800011f   Thumb Code     0  startup_stm32f10x_md.o(.text)
    EXTI2_IRQHandler                         0x0800011f   Thumb Code     0  startup_stm32f10x_md.o(.text)
    EXTI3_IRQHandler                         0x0800011f   Thumb Code     0  startup_stm32f10x_md.o(.text)
    EXTI4_IRQHandler                         0x0800011f   Thumb Code     0  startup_stm32f10x_md.o(.text)
    EXTI9_5_IRQHandler                       0x0800011f   Thumb Code     0  startup_stm32f10x_md.o(.text)
    FLASH_IRQHandler                         0x0800011f   Thumb Code     0  startup_stm32f10x_md.o(.text)
    I2C1_ER_IRQHandler                       0x0800011f   Thumb Code     0  startup_stm32f10x_md.o(.text)
    I2C1_EV_IRQHandler                       0x0800011f   Thumb Code     0  startup_stm32f10x_md.o(.text)
    I2C2_ER_IRQHandler                       0x0800011f   Thumb Code     0  startup_stm32f10x_md.o(.text)
    I2C2_EV_IRQHandler                       0x0800011f   Thumb Code     0  startup_stm32f10x_md.o(.text)
    PVD_IRQHandler                           0x0800011f   Thumb Code     0  startup_stm32f10x_md.o(.text)
    RCC_IRQHandler                           0x0800011f   Thumb Code     0  startup_stm32f10x_md.o(.text)
    RTCAlarm_IRQHandler                      0x0800011f   Thumb Code     0  startup_stm32f10x_md.o(.text)
    RTC_IRQHandler                           0x0800011f   Thumb Code     0  startup_stm32f10x_md.o(.text)
    SPI1_IRQHandler                          0x0800011f   Thumb Code     0  startup_stm32f10x_md.o(.text)
    SPI2_IRQHandler                          0x0800011f   Thumb Code     0  startup_stm32f10x_md.o(.text)
    TAMPER_IRQHandler                        0x0800011f   Thumb Code     0  startup_stm32f10x_md.o(.text)
    TIM1_BRK_IRQHandler                      0x0800011f   Thumb Code     0  startup_stm32f10x_md.o(.text)
    TIM1_CC_IRQHandler                       0x0800011f   Thumb Code     0  startup_stm32f10x_md.o(.text)
    TIM1_TRG_COM_IRQHandler                  0x0800011f   Thumb Code     0  startup_stm32f10x_md.o(.text)
    TIM1_UP_IRQHandler                       0x0800011f   Thumb Code     0  startup_stm32f10x_md.o(.text)
    TIM2_IRQHandler                          0x0800011f   Thumb Code     0  startup_stm32f10x_md.o(.text)
    TIM4_IRQHandler                          0x0800011f   Thumb Code     0  startup_stm32f10x_md.o(.text)
    USART2_IRQHandler                        0x0800011f   Thumb Code     0  startup_stm32f10x_md.o(.text)
    USART3_IRQHandler                        0x0800011f   Thumb Code     0  startup_stm32f10x_md.o(.text)
    USBWakeUp_IRQHandler                     0x0800011f   Thumb Code     0  startup_stm32f10x_md.o(.text)
    USB_HP_CAN1_TX_IRQHandler                0x0800011f   Thumb Code     0  startup_stm32f10x_md.o(.text)
    USB_LP_CAN1_RX0_IRQHandler               0x0800011f   Thumb Code     0  startup_stm32f10x_md.o(.text)
    WWDG_IRQHandler                          0x0800011f   Thumb Code     0  startup_stm32f10x_md.o(.text)
    __aeabi_fadd                             0x08000129   Thumb Code   164  fadd.o(.text)
    __aeabi_fsub                             0x080001cd   Thumb Code     6  fadd.o(.text)
    __aeabi_frsub                            0x080001d3   Thumb Code     6  fadd.o(.text)
    __aeabi_fmul                             0x080001d9   Thumb Code   100  fmul.o(.text)
    __aeabi_fdiv                             0x0800023d   Thumb Code   124  fdiv.o(.text)
    __aeabi_ui2f                             0x080002b9   Thumb Code    10  ffltui.o(.text)
    __aeabi_f2uiz                            0x080002c3   Thumb Code    40  ffixui.o(.text)
    __aeabi_cfcmpeq                          0x080002ed   Thumb Code     0  cfcmple.o(.text)
    __aeabi_cfcmple                          0x080002ed   Thumb Code    20  cfcmple.o(.text)
    __I$use$fp                               0x08000301   Thumb Code     0  iusefp.o(.text)
    _float_round                             0x08000301   Thumb Code    18  fepilogue.o(.text)
    _float_epilogue                          0x08000313   Thumb Code    92  fepilogue.o(.text)
    __scatterload                            0x08000371   Thumb Code    28  init.o(.text)
    __scatterload_rt2                        0x08000371   Thumb Code     0  init.o(.text)
    ADC_Cmd                                  0x08000395   Thumb Code    22  stm32f10x_adc.o(i.ADC_Cmd)
    ADC_GetCalibrationStatus                 0x080003ab   Thumb Code    20  stm32f10x_adc.o(i.ADC_GetCalibrationStatus)
    ADC_GetConversionValue                   0x080003bf   Thumb Code     8  stm32f10x_adc.o(i.ADC_GetConversionValue)
    ADC_GetFlagStatus                        0x080003c7   Thumb Code    18  stm32f10x_adc.o(i.ADC_GetFlagStatus)
    ADC_GetResetCalibrationStatus            0x080003d9   Thumb Code    20  stm32f10x_adc.o(i.ADC_GetResetCalibrationStatus)
    ADC_Init                                 0x080003ed   Thumb Code    70  stm32f10x_adc.o(i.ADC_Init)
    ADC_RegularChannelConfig                 0x0800043d   Thumb Code   184  stm32f10x_adc.o(i.ADC_RegularChannelConfig)
    ADC_ResetCalibration                     0x080004f5   Thumb Code    10  stm32f10x_adc.o(i.ADC_ResetCalibration)
    ADC_SoftwareStartConvCmd                 0x080004ff   Thumb Code    22  stm32f10x_adc.o(i.ADC_SoftwareStartConvCmd)
    ADC_StartCalibration                     0x08000515   Thumb Code    10  stm32f10x_adc.o(i.ADC_StartCalibration)
    AD_Data                                  0x08000521   Thumb Code   128  main.o(i.AD_Data)
    Adc_Init                                 0x080005bd   Thumb Code   160  adc.o(i.Adc_Init)
    BKP_ITConfig                             0x08000665   Thumb Code     6  stm32f10x_bkp.o(i.BKP_ITConfig)
    BKP_TamperPinCmd                         0x08000671   Thumb Code     6  stm32f10x_bkp.o(i.BKP_TamperPinCmd)
    BusFault_Handler                         0x0800067d   Thumb Code     4  stm32f10x_it.o(i.BusFault_Handler)
    Check                                    0x08000681   Thumb Code    30  main.o(i.Check)
    DHT11_Read_TempAndHumidity               0x0800077d   Thumb Code   258  dht11.o(i.DHT11_Read_TempAndHumidity)
    DebugMon_Handler                         0x08000889   Thumb Code     2  stm32f10x_it.o(i.DebugMon_Handler)
    Display_Byte                             0x0800088d   Thumb Code   150  oled.o(i.Display_Byte)
    ESP8266_ConnectServer                    0x0800094d   Thumb Code   166  esp8266.o(i.ESP8266_ConnectServer)
    ESP8266_UartReceive                      0x08000a81   Thumb Code   458  main.o(i.ESP8266_UartReceive)
    ESP8266_UartSendData                     0x08000c75   Thumb Code   806  main.o(i.ESP8266_UartSendData)
    FLASH_ErasePage                          0x08000fe5   Thumb Code    72  stm32f10x_flash.o(i.FLASH_ErasePage)
    FLASH_GetBank1Status                     0x08001031   Thumb Code    48  stm32f10x_flash.o(i.FLASH_GetBank1Status)
    FLASH_Lock                               0x08001065   Thumb Code    14  stm32f10x_flash.o(i.FLASH_Lock)
    FLASH_ProgramHalfWord                    0x08001079   Thumb Code    60  stm32f10x_flash.o(i.FLASH_ProgramHalfWord)
    FLASH_Read                               0x080010b9   Thumb Code   146  main.o(i.FLASH_Read)
    FLASH_Unlock                             0x08001169   Thumb Code    12  stm32f10x_flash.o(i.FLASH_Unlock)
    FLASH_WaitForLastOperation               0x08001181   Thumb Code    38  stm32f10x_flash.o(i.FLASH_WaitForLastOperation)
    FLASH_Write                              0x080011a9   Thumb Code    90  main.o(i.FLASH_Write)
    GBZK_GPIO_Config                         0x08001225   Thumb Code   154  oled.o(i.GBZK_GPIO_Config)
    GBZK_ROMOUTRESET                         0x080012c5   Thumb Code    38  oled.o(i.GBZK_ROMOUTRESET)
    GBZK_ROMOUTSET                           0x080012f1   Thumb Code    38  oled.o(i.GBZK_ROMOUTSET)
    GPIO_Init                                0x0800131d   Thumb Code   278  stm32f10x_gpio.o(i.GPIO_Init)
    GPIO_PinRemapConfig                      0x08001435   Thumb Code   138  stm32f10x_gpio.o(i.GPIO_PinRemapConfig)
    GPIO_ReadInputDataBit                    0x080014c5   Thumb Code    18  stm32f10x_gpio.o(i.GPIO_ReadInputDataBit)
    GPIO_ResetBits                           0x080014d7   Thumb Code     4  stm32f10x_gpio.o(i.GPIO_ResetBits)
    GPIO_SetBits                             0x080014db   Thumb Code     4  stm32f10x_gpio.o(i.GPIO_SetBits)
    Get_ADC                                  0x080014e1   Thumb Code    46  adc.o(i.Get_ADC)
    Get_Value                                0x08001515   Thumb Code    34  adc.o(i.Get_Value)
    HardFault_Handler                        0x08001537   Thumb Code     4  stm32f10x_it.o(i.HardFault_Handler)
    IO_Init                                  0x0800153d   Thumb Code   220  io.o(i.IO_Init)
    KEY_Read                                 0x08001635   Thumb Code   410  main.o(i.KEY_Read)
    MemManage_Handler                        0x080017f5   Thumb Code     4  stm32f10x_it.o(i.MemManage_Handler)
    NMI_Handler                              0x080017f9   Thumb Code     2  stm32f10x_it.o(i.NMI_Handler)
    NVIC_Init                                0x080017fd   Thumb Code   100  misc.o(i.NVIC_Init)
    OLED_Disp                                0x0800186d   Thumb Code  1528  main.o(i.OLED_Disp)
    OLED_Init                                0x08001ebd   Thumb Code   258  oled.o(i.OLED_Init)
    PWR_BackupAccessCmd                      0x08001fd9   Thumb Code     6  stm32f10x_pwr.o(i.PWR_BackupAccessCmd)
    PendSV_Handler                           0x08001fe5   Thumb Code     2  stm32f10x_it.o(i.PendSV_Handler)
    RCC_ADCCLKConfig                         0x08001fe9   Thumb Code    18  stm32f10x_rcc.o(i.RCC_ADCCLKConfig)
    RCC_APB1PeriphClockCmd                   0x08002001   Thumb Code    26  stm32f10x_rcc.o(i.RCC_APB1PeriphClockCmd)
    RCC_APB2PeriphClockCmd                   0x08002021   Thumb Code    26  stm32f10x_rcc.o(i.RCC_APB2PeriphClockCmd)
    RCC_GetClocksFreq                        0x08002041   Thumb Code   192  stm32f10x_rcc.o(i.RCC_GetClocksFreq)
    RCC_LSEConfig                            0x08002115   Thumb Code    46  stm32f10x_rcc.o(i.RCC_LSEConfig)
    Read_Temp                                0x08002149   Thumb Code    34  main.o(i.Read_Temp)
    STMFLASH_Read                            0x08002175   Thumb Code    34  stmflash.o(i.STMFLASH_Read)
    STMFLASH_ReadHalfWord                    0x08002197   Thumb Code     6  stmflash.o(i.STMFLASH_ReadHalfWord)
    STMFLASH_Write                           0x0800219d   Thumb Code   222  stmflash.o(i.STMFLASH_Write)
    STMFLASH_Write_NoCheck                   0x08002285   Thumb Code    38  stmflash.o(i.STMFLASH_Write_NoCheck)
    SVC_Handler                              0x080022ab   Thumb Code     2  stm32f10x_it.o(i.SVC_Handler)
    SysTick_CLKSourceConfig                  0x08002395   Thumb Code    40  misc.o(i.SysTick_CLKSourceConfig)
    SystemInit                               0x080023bd   Thumb Code    78  system_stm32f10x.o(i.SystemInit)
    TIM3_IRQHandler                          0x0800241d   Thumb Code   210  main.o(i.TIM3_IRQHandler)
    TIM3_Init                                0x08002525   Thumb Code    88  timer.o(i.TIM3_Init)
    TIM_ClearITPendingBit                    0x08002581   Thumb Code     6  stm32f10x_tim.o(i.TIM_ClearITPendingBit)
    TIM_Cmd                                  0x08002587   Thumb Code    24  stm32f10x_tim.o(i.TIM_Cmd)
    TIM_GetITStatus                          0x0800259f   Thumb Code    34  stm32f10x_tim.o(i.TIM_GetITStatus)
    TIM_ITConfig                             0x080025c1   Thumb Code    18  stm32f10x_tim.o(i.TIM_ITConfig)
    TIM_TimeBaseInit                         0x080025d5   Thumb Code   122  stm32f10x_tim.o(i.TIM_TimeBaseInit)
    Trum_Init                                0x08002679   Thumb Code    40  trum.o(i.Trum_Init)
    Turm_delay_us                            0x080026a5   Thumb Code    14  trum.o(i.Turm_delay_us)
    USART1_IRQHandler                        0x080026b5   Thumb Code   432  esp8266.o(i.USART1_IRQHandler)
    USART1_SendString                        0x0800287d   Thumb Code    22  usart.o(i.USART1_SendString)
    USART_Cmd                                0x08002893   Thumb Code    24  stm32f10x_usart.o(i.USART_Cmd)
    USART_GetFlagStatus                      0x080028ab   Thumb Code    26  stm32f10x_usart.o(i.USART_GetFlagStatus)
    USART_GetITStatus                        0x080028c5   Thumb Code    84  stm32f10x_usart.o(i.USART_GetITStatus)
    USART_ITConfig                           0x08002919   Thumb Code    74  stm32f10x_usart.o(i.USART_ITConfig)
    USART_Init                               0x08002965   Thumb Code   210  stm32f10x_usart.o(i.USART_Init)
    USART_ReceiveData                        0x08002a3d   Thumb Code    10  stm32f10x_usart.o(i.USART_ReceiveData)
    USART_SendData                           0x08002a47   Thumb Code     8  stm32f10x_usart.o(i.USART_SendData)
    UsageFault_Handler                       0x08002a4f   Thumb Code     4  stm32f10x_it.o(i.UsageFault_Handler)
    Usart1Send                               0x08002a55   Thumb Code    30  usart.o(i.Usart1Send)
    WT588D_WriteByte                         0x08002a79   Thumb Code   102  trum.o(i.WT588D_WriteByte)
    WT588_Play                               0x08002ae5   Thumb Code  1492  trum.o(i.WT588_Play)
    Warning                                  0x080030c1   Thumb Code   114  main.o(i.Warning)
    __scatterload_copy                       0x0800316d   Thumb Code    14  handlers.o(i.__scatterload_copy)
    __scatterload_null                       0x0800317b   Thumb Code     2  handlers.o(i.__scatterload_null)
    __scatterload_zeroinit                   0x0800317d   Thumb Code    14  handlers.o(i.__scatterload_zeroinit)
    clear_screen                             0x0800318d   Thumb Code    78  oled.o(i.clear_screen)
    delay                                    0x080031e1   Thumb Code    26  oled.o(i.delay)
    delay_init                               0x080031fd   Thumb Code    50  delay.o(i.delay_init)
    delay_ms                                 0x08003241   Thumb Code    72  delay.o(i.delay_ms)
    display_GB2312_string                    0x0800328d   Thumb Code   372  oled.o(i.display_GB2312_string)
    display_graphic_16x16                    0x08003409   Thumb Code    82  oled.o(i.display_graphic_16x16)
    display_graphic_8x16                     0x08003461   Thumb Code    74  oled.o(i.display_graphic_8x16)
    get_n_bytes_data_from_ROM                0x08003511   Thumb Code    94  oled.o(i.get_n_bytes_data_from_ROM)
    key_scan                                 0x08003575   Thumb Code   124  io.o(i.key_scan)
    lcd_address                              0x080035fd   Thumb Code    34  oled.o(i.lcd_address)
    main                                     0x08003621   Thumb Code    86  main.o(i.main)
    send_command_to_ROM                      0x0800367d   Thumb Code    70  oled.o(i.send_command_to_ROM)
    transfer_command_lcd                     0x080036c9   Thumb Code    94  oled.o(i.transfer_command_lcd)
    transfer_data_lcd                        0x0800372d   Thumb Code    94  oled.o(i.transfer_data_lcd)
    u16_Write                                0x08003791   Thumb Code    16  stmflash.o(i.u16_Write)
    usart1_Init                              0x080037a1   Thumb Code   156  usart.o(i.usart1_Init)
    Region$$Table$$Base                      0x08003844   Number         0  anon$$obj.o(Region$$Table)
    Region$$Table$$Limit                     0x08003864   Number         0  anon$$obj.o(Region$$Table)
    SystemCoreClock                          0x20000000   Data           4  system_stm32f10x.o(.data)
    AHBPrescTable                            0x20000004   Data          16  system_stm32f10x.o(.data)
    WifiName                                 0x20000029   Data           8  esp8266.o(.data)
    WifiPassword                             0x20000031   Data           9  esp8266.o(.data)
    DeviceID                                 0x2000003a   Data          11  esp8266.o(.data)
    ESP8266_ConnectSta                       0x20000045   Data           1  esp8266.o(.data)
    ESP8266_SendNum                          0x20000046   Data           1  esp8266.o(.data)
    ESP8266_SendTime                         0x20000047   Data           1  esp8266.o(.data)
    ESP8266_SendFlag                         0x20000048   Data           1  esp8266.o(.data)
    ESP8266_UartCount                        0x20000049   Data           1  esp8266.o(.data)
    ESP8266_RecKeyValue                      0x2000004a   Data           1  esp8266.o(.data)
    WT588_Ms                                 0x2000004b   Data           1  trum.o(.data)
    WT588_PlaySta                            0x2000004c   Data           1  trum.o(.data)
    fontaddr                                 0x20000050   Data           4  oled.o(.data)
    Humi                                     0x20000054   Data           4  main.o(.data)
    Humi_H                                   0x20000058   Data           4  main.o(.data)
    Humi_L                                   0x2000005c   Data           4  main.o(.data)
    Temp                                     0x20000060   Data           4  main.o(.data)
    Temp_H                                   0x20000064   Data           4  main.o(.data)
    Temp_L                                   0x20000068   Data           4  main.o(.data)
    Light                                    0x2000006c   Data           4  main.o(.data)
    Light_L                                  0x20000070   Data           4  main.o(.data)
    Fumes                                    0x20000074   Data           1  main.o(.data)
    Fumes_H                                  0x20000075   Data           1  main.o(.data)
    BEEP_Flag                                0x20000076   Data           1  main.o(.data)
    Waring_Flag                              0x20000077   Data           1  main.o(.data)
    s0                                       0x20000078   Data           1  main.o(.data)
    set                                      0x20000079   Data           1  main.o(.data)
    KEY_Value                                0x2000007a   Data           1  main.o(.data)
    People_Flag                              0x2000007b   Data           1  main.o(.data)
    AD_Flag                                  0x2000007c   Data           1  main.o(.data)
    Deployed                                 0x2000007d   Data           1  main.o(.data)
    Timer3_ms                                0x20000080   Data           4  main.o(.data)
    STMFLASH_BUF                             0x20000088   Data        1024  stmflash.o(.bss)
    ESP8266_UartBuf                          0x20000488   Data          50  esp8266.o(.bss)
    __initial_sp                             0x200008c0   Data           0  startup_stm32f10x_md.o(STACK)



==============================================================================

Memory Map of the image

  Image Entry point : 0x080000ed

  Load Region LR_IROM1 (Base: 0x08000000, Size: 0x000038ec, Max: 0x00010000, ABSOLUTE)

    Execution Region ER_IROM1 (Exec base: 0x08000000, Load base: 0x08000000, Size: 0x00003864, Max: 0x00010000, ABSOLUTE)

    Exec Addr    Load Addr    Size         Type   Attr      Idx    E Section Name        Object

    0x08000000   0x08000000   0x000000ec   Data   RO            3    RESET               startup_stm32f10x_md.o
    0x080000ec   0x080000ec   0x00000000   Code   RO         3796  * .ARM.Collect$$$$00000000  mc_w.l(entry.o)
    0x080000ec   0x080000ec   0x00000004   Code   RO         3811    .ARM.Collect$$$$00000001  mc_w.l(entry2.o)
    0x080000f0   0x080000f0   0x00000004   Code   RO         3814    .ARM.Collect$$$$00000004  mc_w.l(entry5.o)
    0x080000f4   0x080000f4   0x00000000   Code   RO         3816    .ARM.Collect$$$$00000008  mc_w.l(entry7b.o)
    0x080000f4   0x080000f4   0x00000000   Code   RO         3818    .ARM.Collect$$$$0000000A  mc_w.l(entry8b.o)
    0x080000f4   0x080000f4   0x00000008   Code   RO         3819    .ARM.Collect$$$$0000000B  mc_w.l(entry9a.o)
    0x080000fc   0x080000fc   0x00000004   Code   RO         3826    .ARM.Collect$$$$0000000E  mc_w.l(entry12b.o)
    0x08000100   0x08000100   0x00000000   Code   RO         3821    .ARM.Collect$$$$0000000F  mc_w.l(entry10a.o)
    0x08000100   0x08000100   0x00000000   Code   RO         3823    .ARM.Collect$$$$00000011  mc_w.l(entry11a.o)
    0x08000100   0x08000100   0x00000004   Code   RO         3812    .ARM.Collect$$$$00002712  mc_w.l(entry2.o)
    0x08000104   0x08000104   0x00000024   Code   RO            4    .text               startup_stm32f10x_md.o
    0x08000128   0x08000128   0x000000b0   Code   RO         3799    .text               mf_w.l(fadd.o)
    0x080001d8   0x080001d8   0x00000064   Code   RO         3801    .text               mf_w.l(fmul.o)
    0x0800023c   0x0800023c   0x0000007c   Code   RO         3803    .text               mf_w.l(fdiv.o)
    0x080002b8   0x080002b8   0x0000000a   Code   RO         3805    .text               mf_w.l(ffltui.o)
    0x080002c2   0x080002c2   0x00000028   Code   RO         3807    .text               mf_w.l(ffixui.o)
    0x080002ea   0x080002ea   0x00000002   PAD
    0x080002ec   0x080002ec   0x00000014   Code   RO         3809    .text               mf_w.l(cfcmple.o)
    0x08000300   0x08000300   0x00000000   Code   RO         3827    .text               mc_w.l(iusefp.o)
    0x08000300   0x08000300   0x0000006e   Code   RO         3828    .text               mf_w.l(fepilogue.o)
    0x0800036e   0x0800036e   0x00000002   PAD
    0x08000370   0x08000370   0x00000024   Code   RO         3830    .text               mc_w.l(init.o)
    0x08000394   0x08000394   0x00000016   Code   RO          183    i.ADC_Cmd           stm32f10x_adc.o
    0x080003aa   0x080003aa   0x00000014   Code   RO          191    i.ADC_GetCalibrationStatus  stm32f10x_adc.o
    0x080003be   0x080003be   0x00000008   Code   RO          192    i.ADC_GetConversionValue  stm32f10x_adc.o
    0x080003c6   0x080003c6   0x00000012   Code   RO          194    i.ADC_GetFlagStatus  stm32f10x_adc.o
    0x080003d8   0x080003d8   0x00000014   Code   RO          197    i.ADC_GetResetCalibrationStatus  stm32f10x_adc.o
    0x080003ec   0x080003ec   0x00000050   Code   RO          201    i.ADC_Init          stm32f10x_adc.o
    0x0800043c   0x0800043c   0x000000b8   Code   RO          205    i.ADC_RegularChannelConfig  stm32f10x_adc.o
    0x080004f4   0x080004f4   0x0000000a   Code   RO          206    i.ADC_ResetCalibration  stm32f10x_adc.o
    0x080004fe   0x080004fe   0x00000016   Code   RO          208    i.ADC_SoftwareStartConvCmd  stm32f10x_adc.o
    0x08000514   0x08000514   0x0000000a   Code   RO          210    i.ADC_StartCalibration  stm32f10x_adc.o
    0x0800051e   0x0800051e   0x00000002   PAD
    0x08000520   0x08000520   0x0000009c   Code   RO         3617    i.AD_Data           main.o
    0x080005bc   0x080005bc   0x000000a8   Code   RO         3108    i.Adc_Init          adc.o
    0x08000664   0x08000664   0x0000000c   Code   RO          404    i.BKP_ITConfig      stm32f10x_bkp.o
    0x08000670   0x08000670   0x0000000c   Code   RO          408    i.BKP_TamperPinCmd  stm32f10x_bkp.o
    0x0800067c   0x0800067c   0x00000004   Code   RO         3710    i.BusFault_Handler  stm32f10x_it.o
    0x08000680   0x08000680   0x00000028   Code   RO         3618    i.Check             main.o
    0x080006a8   0x080006a8   0x00000018   Code   RO         3146    i.DHT11_Delay       dht11.o
    0x080006c0   0x080006c0   0x00000020   Code   RO         3148    i.DHT11_Mode_IPU    dht11.o
    0x080006e0   0x080006e0   0x00000024   Code   RO         3149    i.DHT11_Mode_Out_PP  dht11.o
    0x08000704   0x08000704   0x00000078   Code   RO         3150    i.DHT11_ReadByte    dht11.o
    0x0800077c   0x0800077c   0x0000010c   Code   RO         3151    i.DHT11_Read_TempAndHumidity  dht11.o
    0x08000888   0x08000888   0x00000002   Code   RO         3711    i.DebugMon_Handler  stm32f10x_it.o
    0x0800088a   0x0800088a   0x00000002   PAD
    0x0800088c   0x0800088c   0x000000c0   Code   RO         3491    i.Display_Byte      oled.o
    0x0800094c   0x0800094c   0x00000134   Code   RO         3338    i.ESP8266_ConnectServer  esp8266.o
    0x08000a80   0x08000a80   0x000001f4   Code   RO         3619    i.ESP8266_UartReceive  main.o
    0x08000c74   0x08000c74   0x00000370   Code   RO         3620    i.ESP8266_UartSendData  main.o
    0x08000fe4   0x08000fe4   0x0000004c   Code   RO          997    i.FLASH_ErasePage   stm32f10x_flash.o
    0x08001030   0x08001030   0x00000034   Code   RO          998    i.FLASH_GetBank1Status  stm32f10x_flash.o
    0x08001064   0x08001064   0x00000014   Code   RO         1007    i.FLASH_Lock        stm32f10x_flash.o
    0x08001078   0x08001078   0x00000040   Code   RO         1010    i.FLASH_ProgramHalfWord  stm32f10x_flash.o
    0x080010b8   0x080010b8   0x000000b0   Code   RO         3621    i.FLASH_Read        main.o
    0x08001168   0x08001168   0x00000018   Code   RO         1015    i.FLASH_Unlock      stm32f10x_flash.o
    0x08001180   0x08001180   0x00000026   Code   RO         1019    i.FLASH_WaitForLastOperation  stm32f10x_flash.o
    0x080011a6   0x080011a6   0x00000002   PAD
    0x080011a8   0x080011a8   0x0000007c   Code   RO         3622    i.FLASH_Write       main.o
    0x08001224   0x08001224   0x000000a0   Code   RO         3492    i.GBZK_GPIO_Config  oled.o
    0x080012c4   0x080012c4   0x0000002c   Code   RO         3493    i.GBZK_ROMOUTRESET  oled.o
    0x080012f0   0x080012f0   0x0000002c   Code   RO         3494    i.GBZK_ROMOUTSET    oled.o
    0x0800131c   0x0800131c   0x00000116   Code   RO         1292    i.GPIO_Init         stm32f10x_gpio.o
    0x08001432   0x08001432   0x00000002   PAD
    0x08001434   0x08001434   0x00000090   Code   RO         1294    i.GPIO_PinRemapConfig  stm32f10x_gpio.o
    0x080014c4   0x080014c4   0x00000012   Code   RO         1296    i.GPIO_ReadInputDataBit  stm32f10x_gpio.o
    0x080014d6   0x080014d6   0x00000004   Code   RO         1299    i.GPIO_ResetBits    stm32f10x_gpio.o
    0x080014da   0x080014da   0x00000004   Code   RO         1300    i.GPIO_SetBits      stm32f10x_gpio.o
    0x080014de   0x080014de   0x00000002   PAD
    0x080014e0   0x080014e0   0x00000034   Code   RO         3109    i.Get_ADC           adc.o
    0x08001514   0x08001514   0x00000022   Code   RO         3110    i.Get_Value         adc.o
    0x08001536   0x08001536   0x00000004   Code   RO         3712    i.HardFault_Handler  stm32f10x_it.o
    0x0800153a   0x0800153a   0x00000002   PAD
    0x0800153c   0x0800153c   0x000000f8   Code   RO         3232    i.IO_Init           io.o
    0x08001634   0x08001634   0x000001c0   Code   RO         3623    i.KEY_Read          main.o
    0x080017f4   0x080017f4   0x00000004   Code   RO         3713    i.MemManage_Handler  stm32f10x_it.o
    0x080017f8   0x080017f8   0x00000002   Code   RO         3714    i.NMI_Handler       stm32f10x_it.o
    0x080017fa   0x080017fa   0x00000002   PAD
    0x080017fc   0x080017fc   0x00000070   Code   RO          137    i.NVIC_Init         misc.o
    0x0800186c   0x0800186c   0x00000650   Code   RO         3624    i.OLED_Disp         main.o
    0x08001ebc   0x08001ebc   0x0000011c   Code   RO         3495    i.OLED_Init         oled.o
    0x08001fd8   0x08001fd8   0x0000000c   Code   RO         1646    i.PWR_BackupAccessCmd  stm32f10x_pwr.o
    0x08001fe4   0x08001fe4   0x00000002   Code   RO         3715    i.PendSV_Handler    stm32f10x_it.o
    0x08001fe6   0x08001fe6   0x00000002   PAD
    0x08001fe8   0x08001fe8   0x00000018   Code   RO         1706    i.RCC_ADCCLKConfig  stm32f10x_rcc.o
    0x08002000   0x08002000   0x00000020   Code   RO         1708    i.RCC_APB1PeriphClockCmd  stm32f10x_rcc.o
    0x08002020   0x08002020   0x00000020   Code   RO         1710    i.RCC_APB2PeriphClockCmd  stm32f10x_rcc.o
    0x08002040   0x08002040   0x000000d4   Code   RO         1718    i.RCC_GetClocksFreq  stm32f10x_rcc.o
    0x08002114   0x08002114   0x00000034   Code   RO         1726    i.RCC_LSEConfig     stm32f10x_rcc.o
    0x08002148   0x08002148   0x0000002c   Code   RO         3625    i.Read_Temp         main.o
    0x08002174   0x08002174   0x00000022   Code   RO         3190    i.STMFLASH_Read     stmflash.o
    0x08002196   0x08002196   0x00000006   Code   RO         3191    i.STMFLASH_ReadHalfWord  stmflash.o
    0x0800219c   0x0800219c   0x000000e8   Code   RO         3192    i.STMFLASH_Write    stmflash.o
    0x08002284   0x08002284   0x00000026   Code   RO         3193    i.STMFLASH_Write_NoCheck  stmflash.o
    0x080022aa   0x080022aa   0x00000002   Code   RO         3716    i.SVC_Handler       stm32f10x_it.o
    0x080022ac   0x080022ac   0x00000008   Code   RO           24    i.SetSysClock       system_stm32f10x.o
    0x080022b4   0x080022b4   0x000000e0   Code   RO           25    i.SetSysClockTo72   system_stm32f10x.o
    0x08002394   0x08002394   0x00000028   Code   RO          141    i.SysTick_CLKSourceConfig  misc.o
    0x080023bc   0x080023bc   0x00000060   Code   RO           27    i.SystemInit        system_stm32f10x.o
    0x0800241c   0x0800241c   0x00000108   Code   RO         3626    i.TIM3_IRQHandler   main.o
    0x08002524   0x08002524   0x0000005c   Code   RO         3323    i.TIM3_Init         timer.o
    0x08002580   0x08002580   0x00000006   Code   RO         2337    i.TIM_ClearITPendingBit  stm32f10x_tim.o
    0x08002586   0x08002586   0x00000018   Code   RO         2342    i.TIM_Cmd           stm32f10x_tim.o
    0x0800259e   0x0800259e   0x00000022   Code   RO         2363    i.TIM_GetITStatus   stm32f10x_tim.o
    0x080025c0   0x080025c0   0x00000012   Code   RO         2367    i.TIM_ITConfig      stm32f10x_tim.o
    0x080025d2   0x080025d2   0x00000002   PAD
    0x080025d4   0x080025d4   0x000000a4   Code   RO         2413    i.TIM_TimeBaseInit  stm32f10x_tim.o
    0x08002678   0x08002678   0x0000002c   Code   RO         3455    i.Trum_Init         trum.o
    0x080026a4   0x080026a4   0x0000000e   Code   RO         3456    i.Turm_delay_us     trum.o
    0x080026b2   0x080026b2   0x00000002   PAD
    0x080026b4   0x080026b4   0x000001c8   Code   RO         3340    i.USART1_IRQHandler  esp8266.o
    0x0800287c   0x0800287c   0x00000016   Code   RO         3379    i.USART1_SendString  usart.o
    0x08002892   0x08002892   0x00000018   Code   RO         2878    i.USART_Cmd         stm32f10x_usart.o
    0x080028aa   0x080028aa   0x0000001a   Code   RO         2881    i.USART_GetFlagStatus  stm32f10x_usart.o
    0x080028c4   0x080028c4   0x00000054   Code   RO         2882    i.USART_GetITStatus  stm32f10x_usart.o
    0x08002918   0x08002918   0x0000004a   Code   RO         2884    i.USART_ITConfig    stm32f10x_usart.o
    0x08002962   0x08002962   0x00000002   PAD
    0x08002964   0x08002964   0x000000d8   Code   RO         2885    i.USART_Init        stm32f10x_usart.o
    0x08002a3c   0x08002a3c   0x0000000a   Code   RO         2892    i.USART_ReceiveData  stm32f10x_usart.o
    0x08002a46   0x08002a46   0x00000008   Code   RO         2895    i.USART_SendData    stm32f10x_usart.o
    0x08002a4e   0x08002a4e   0x00000004   Code   RO         3717    i.UsageFault_Handler  stm32f10x_it.o
    0x08002a52   0x08002a52   0x00000002   PAD
    0x08002a54   0x08002a54   0x00000024   Code   RO         3382    i.Usart1Send        usart.o
    0x08002a78   0x08002a78   0x0000006c   Code   RO         3457    i.WT588D_WriteByte  trum.o
    0x08002ae4   0x08002ae4   0x000005dc   Code   RO         3458    i.WT588_Play        trum.o
    0x080030c0   0x080030c0   0x000000ac   Code   RO         3627    i.Warning           main.o
    0x0800316c   0x0800316c   0x0000000e   Code   RO         3834    i.__scatterload_copy  mc_w.l(handlers.o)
    0x0800317a   0x0800317a   0x00000002   Code   RO         3835    i.__scatterload_null  mc_w.l(handlers.o)
    0x0800317c   0x0800317c   0x0000000e   Code   RO         3836    i.__scatterload_zeroinit  mc_w.l(handlers.o)
    0x0800318a   0x0800318a   0x00000002   PAD
    0x0800318c   0x0800318c   0x00000054   Code   RO         3496    i.clear_screen      oled.o
    0x080031e0   0x080031e0   0x0000001a   Code   RO         3497    i.delay             oled.o
    0x080031fa   0x080031fa   0x00000002   PAD
    0x080031fc   0x080031fc   0x00000044   Code   RO         3764    i.delay_init        delay.o
    0x08003240   0x08003240   0x0000004c   Code   RO         3765    i.delay_ms          delay.o
    0x0800328c   0x0800328c   0x0000017c   Code   RO         3499    i.display_GB2312_string  oled.o
    0x08003408   0x08003408   0x00000058   Code   RO         3500    i.display_graphic_16x16  oled.o
    0x08003460   0x08003460   0x00000050   Code   RO         3502    i.display_graphic_8x16  oled.o
    0x080034b0   0x080034b0   0x00000060   Code   RO         3504    i.get_data_from_ROM  oled.o
    0x08003510   0x08003510   0x00000064   Code   RO         3505    i.get_n_bytes_data_from_ROM  oled.o
    0x08003574   0x08003574   0x00000088   Code   RO         3233    i.key_scan          io.o
    0x080035fc   0x080035fc   0x00000022   Code   RO         3506    i.lcd_address       oled.o
    0x0800361e   0x0800361e   0x00000002   PAD
    0x08003620   0x08003620   0x0000005c   Code   RO         3628    i.main              main.o
    0x0800367c   0x0800367c   0x0000004c   Code   RO         3507    i.send_command_to_ROM  oled.o
    0x080036c8   0x080036c8   0x00000064   Code   RO         3508    i.transfer_command_lcd  oled.o
    0x0800372c   0x0800372c   0x00000064   Code   RO         3509    i.transfer_data_lcd  oled.o
    0x08003790   0x08003790   0x00000010   Code   RO         3194    i.u16_Write         stmflash.o
    0x080037a0   0x080037a0   0x000000a4   Code   RO         3386    i.usart1_Init       usart.o
    0x08003844   0x08003844   0x00000020   Data   RO         3832    Region$$Table       anon$$obj.o


    Execution Region RW_IRAM1 (Exec base: 0x20000000, Load base: 0x08003864, Size: 0x000008c0, Max: 0x00005000, ABSOLUTE)

    Exec Addr    Load Addr    Size         Type   Attr      Idx    E Section Name        Object

    0x20000000   0x08003864   0x00000014   Data   RW           28    .data               system_stm32f10x.o
    0x20000014   0x08003878   0x00000014   Data   RW         1738    .data               stm32f10x_rcc.o
    0x20000028   0x0800388c   0x00000001   Data   RW         3234    .data               io.o
    0x20000029   0x0800388d   0x00000022   Data   RW         3342    .data               esp8266.o
    0x2000004b   0x080038af   0x00000002   Data   RW         3459    .data               trum.o
    0x2000004d   0x080038b1   0x00000003   PAD
    0x20000050   0x080038b4   0x00000004   Data   RW         3511    .data               oled.o
    0x20000054   0x080038b8   0x00000030   Data   RW         3629    .data               main.o
    0x20000084   0x080038e8   0x00000004   Data   RW         3767    .data               delay.o
    0x20000088        -       0x00000400   Zero   RW         3195    .bss                stmflash.o
    0x20000488        -       0x00000032   Zero   RW         3341    .bss                esp8266.o
    0x200004ba   0x080038ec   0x00000006   PAD
    0x200004c0        -       0x00000400   Zero   RW            1    STACK               startup_stm32f10x_md.o


==============================================================================

Image component sizes


      Code (inc. data)   RO Data    RW Data    ZI Data      Debug   Object Name

       254         14          0          0          0       1685   adc.o
         0          0          0          0          0       4508   core_cm3.o
       144         22          0          4          0       1168   delay.o
       480         24          0          0          0       3933   dht11.o
       764        172          0         34         50       2316   esp8266.o
       384         40          0          1          0       1157   io.o
      4512        654          0         48          0       7506   main.o
       152         12          0          0          0       1674   misc.o
      1888        150          0          4          0      10835   oled.o
        36          8        236          0       1024        860   startup_stm32f10x_md.o
       394         10          0          0          0       8461   stm32f10x_adc.o
        24         12          0          0          0       1086   stm32f10x_bkp.o
       274         30          0          0          0       3654   stm32f10x_flash.o
       448          6          0          0          0       4738   stm32f10x_gpio.o
        24          0          0          0          0       3396   stm32f10x_it.o
        12          6          0          0          0        550   stm32f10x_pwr.o
       352         44          0         20          0       5761   stm32f10x_rcc.o
       246         42          0          0          0       3794   stm32f10x_tim.o
       442          6          0          0          0       6493   stm32f10x_usart.o
       326         10          0          0       1024       3933   stmflash.o
       328         28          0         20          0     264913   system_stm32f10x.o
        92          4          0          0          0        640   timer.o
      1666         36          0          2          0       3217   trum.o
       222         14          0          0          0       1751   usart.o

    ----------------------------------------------------------------------
     13492       1344        268        136       2104     348029   Object Totals
         0          0         32          0          0          0   (incl. Generated)
        28          0          0          3          6          0   (incl. Padding)

    ----------------------------------------------------------------------

      Code (inc. data)   RO Data    RW Data    ZI Data      Debug   Library Member Name

         0          0          0          0          0          0   entry.o
         0          0          0          0          0          0   entry10a.o
         0          0          0          0          0          0   entry11a.o
         4          0          0          0          0          0   entry12b.o
         8          4          0          0          0          0   entry2.o
         4          0          0          0          0          0   entry5.o
         0          0          0          0          0          0   entry7b.o
         0          0          0          0          0          0   entry8b.o
         8          4          0          0          0          0   entry9a.o
        30          0          0          0          0          0   handlers.o
        36          8          0          0          0         68   init.o
         0          0          0          0          0          0   iusefp.o
        20          0          0          0          0         68   cfcmple.o
       176          0          0          0          0        140   fadd.o
       124          0          0          0          0         88   fdiv.o
       110          0          0          0          0        168   fepilogue.o
        40          0          0          0          0         68   ffixui.o
        10          0          0          0          0         68   ffltui.o
       100          0          0          0          0         76   fmul.o

    ----------------------------------------------------------------------
       676         16          0          0          0        744   Library Totals
         6          0          0          0          0          0   (incl. Padding)

    ----------------------------------------------------------------------

      Code (inc. data)   RO Data    RW Data    ZI Data      Debug   Library Name

        90         16          0          0          0         68   mc_w.l
       580          0          0          0          0        676   mf_w.l

    ----------------------------------------------------------------------
       676         16          0          0          0        744   Library Totals

    ----------------------------------------------------------------------

==============================================================================


      Code (inc. data)   RO Data    RW Data    ZI Data      Debug   

     14168       1360        268        136       2104     343153   Grand Totals
     14168       1360        268        136       2104     343153   ELF Image Totals
     14168       1360        268        136          0          0   ROM Totals

==============================================================================

    Total RO  Size (Code + RO Data)                14436 (  14.10kB)
    Total RW  Size (RW Data + ZI Data)              2240 (   2.19kB)
    Total ROM Size (Code + RO Data + RW Data)      14572 (  14.23kB)

==============================================================================

