Component: ARM Compiler 5.06 update 5 (build 528) Tool: armlink [4d35e2]

==============================================================================

Section Cross References

    startup_stm32f10x_md.o(RESET) refers to startup_stm32f10x_md.o(STACK) for __initial_sp
    startup_stm32f10x_md.o(RESET) refers to startup_stm32f10x_md.o(.text) for Reset_Handler
    startup_stm32f10x_md.o(RESET) refers to stm32f10x_it.o(i.NMI_Handler) for NMI_Handler
    startup_stm32f10x_md.o(RESET) refers to stm32f10x_it.o(i.HardFault_Handler) for HardFault_Handler
    startup_stm32f10x_md.o(RESET) refers to stm32f10x_it.o(i.MemManage_Handler) for MemManage_Handler
    startup_stm32f10x_md.o(RESET) refers to stm32f10x_it.o(i.BusFault_Handler) for BusFault_Handler
    startup_stm32f10x_md.o(RESET) refers to stm32f10x_it.o(i.UsageFault_Handler) for UsageFault_Handler
    startup_stm32f10x_md.o(RESET) refers to stm32f10x_it.o(i.SVC_Handler) for SVC_Handler
    startup_stm32f10x_md.o(RESET) refers to stm32f10x_it.o(i.DebugMon_Handler) for DebugMon_Handler
    startup_stm32f10x_md.o(RESET) refers to stm32f10x_it.o(i.PendSV_Handler) for PendSV_Handler
    startup_stm32f10x_md.o(.text) refers to system_stm32f10x.o(i.SystemInit) for SystemInit
    startup_stm32f10x_md.o(.text) refers to entry.o(.ARM.Collect$$$$00000000) for __main
    system_stm32f10x.o(i.SetSysClock) refers to system_stm32f10x.o(i.SetSysClockTo72) for SetSysClockTo72
    system_stm32f10x.o(i.SystemCoreClockUpdate) refers to system_stm32f10x.o(.data) for SystemCoreClock
    system_stm32f10x.o(i.SystemInit) refers to system_stm32f10x.o(i.SetSysClock) for SetSysClock
    stm32f10x_adc.o(i.ADC_DeInit) refers to stm32f10x_rcc.o(i.RCC_APB2PeriphResetCmd) for RCC_APB2PeriphResetCmd
    stm32f10x_bkp.o(i.BKP_DeInit) refers to stm32f10x_rcc.o(i.RCC_BackupResetCmd) for RCC_BackupResetCmd
    stm32f10x_can.o(i.CAN_DeInit) refers to stm32f10x_rcc.o(i.RCC_APB1PeriphResetCmd) for RCC_APB1PeriphResetCmd
    stm32f10x_can.o(i.CAN_GetITStatus) refers to stm32f10x_can.o(i.CheckITStatus) for CheckITStatus
    stm32f10x_cec.o(i.CEC_DeInit) refers to stm32f10x_rcc.o(i.RCC_APB1PeriphResetCmd) for RCC_APB1PeriphResetCmd
    stm32f10x_dac.o(i.DAC_DeInit) refers to stm32f10x_rcc.o(i.RCC_APB1PeriphResetCmd) for RCC_APB1PeriphResetCmd
    stm32f10x_flash.o(i.FLASH_EnableWriteProtection) refers to stm32f10x_flash.o(i.FLASH_WaitForLastOperation) for FLASH_WaitForLastOperation
    stm32f10x_flash.o(i.FLASH_EraseAllBank1Pages) refers to stm32f10x_flash.o(i.FLASH_WaitForLastBank1Operation) for FLASH_WaitForLastBank1Operation
    stm32f10x_flash.o(i.FLASH_EraseAllPages) refers to stm32f10x_flash.o(i.FLASH_WaitForLastOperation) for FLASH_WaitForLastOperation
    stm32f10x_flash.o(i.FLASH_EraseOptionBytes) refers to stm32f10x_flash.o(i.FLASH_GetReadOutProtectionStatus) for FLASH_GetReadOutProtectionStatus
    stm32f10x_flash.o(i.FLASH_EraseOptionBytes) refers to stm32f10x_flash.o(i.FLASH_WaitForLastOperation) for FLASH_WaitForLastOperation
    stm32f10x_flash.o(i.FLASH_ErasePage) refers to stm32f10x_flash.o(i.FLASH_WaitForLastOperation) for FLASH_WaitForLastOperation
    stm32f10x_flash.o(i.FLASH_ProgramHalfWord) refers to stm32f10x_flash.o(i.FLASH_WaitForLastOperation) for FLASH_WaitForLastOperation
    stm32f10x_flash.o(i.FLASH_ProgramOptionByteData) refers to stm32f10x_flash.o(i.FLASH_WaitForLastOperation) for FLASH_WaitForLastOperation
    stm32f10x_flash.o(i.FLASH_ProgramWord) refers to stm32f10x_flash.o(i.FLASH_WaitForLastOperation) for FLASH_WaitForLastOperation
    stm32f10x_flash.o(i.FLASH_ReadOutProtection) refers to stm32f10x_flash.o(i.FLASH_WaitForLastOperation) for FLASH_WaitForLastOperation
    stm32f10x_flash.o(i.FLASH_UserOptionByteConfig) refers to stm32f10x_flash.o(i.FLASH_WaitForLastOperation) for FLASH_WaitForLastOperation
    stm32f10x_flash.o(i.FLASH_WaitForLastBank1Operation) refers to stm32f10x_flash.o(i.FLASH_GetBank1Status) for FLASH_GetBank1Status
    stm32f10x_flash.o(i.FLASH_WaitForLastOperation) refers to stm32f10x_flash.o(i.FLASH_GetBank1Status) for FLASH_GetBank1Status
    stm32f10x_gpio.o(i.GPIO_AFIODeInit) refers to stm32f10x_rcc.o(i.RCC_APB2PeriphResetCmd) for RCC_APB2PeriphResetCmd
    stm32f10x_gpio.o(i.GPIO_DeInit) refers to stm32f10x_rcc.o(i.RCC_APB2PeriphResetCmd) for RCC_APB2PeriphResetCmd
    stm32f10x_i2c.o(i.I2C_DeInit) refers to stm32f10x_rcc.o(i.RCC_APB1PeriphResetCmd) for RCC_APB1PeriphResetCmd
    stm32f10x_i2c.o(i.I2C_Init) refers to stm32f10x_rcc.o(i.RCC_GetClocksFreq) for RCC_GetClocksFreq
    stm32f10x_pwr.o(i.PWR_DeInit) refers to stm32f10x_rcc.o(i.RCC_APB1PeriphResetCmd) for RCC_APB1PeriphResetCmd
    stm32f10x_rcc.o(i.RCC_GetClocksFreq) refers to stm32f10x_rcc.o(.data) for APBAHBPrescTable
    stm32f10x_rcc.o(i.RCC_WaitForHSEStartUp) refers to stm32f10x_rcc.o(i.RCC_GetFlagStatus) for RCC_GetFlagStatus
    stm32f10x_rtc.o(i.RTC_SetAlarm) refers to stm32f10x_rtc.o(i.RTC_EnterConfigMode) for RTC_EnterConfigMode
    stm32f10x_rtc.o(i.RTC_SetAlarm) refers to stm32f10x_rtc.o(i.RTC_ExitConfigMode) for RTC_ExitConfigMode
    stm32f10x_rtc.o(i.RTC_SetCounter) refers to stm32f10x_rtc.o(i.RTC_EnterConfigMode) for RTC_EnterConfigMode
    stm32f10x_rtc.o(i.RTC_SetCounter) refers to stm32f10x_rtc.o(i.RTC_ExitConfigMode) for RTC_ExitConfigMode
    stm32f10x_rtc.o(i.RTC_SetPrescaler) refers to stm32f10x_rtc.o(i.RTC_EnterConfigMode) for RTC_EnterConfigMode
    stm32f10x_rtc.o(i.RTC_SetPrescaler) refers to stm32f10x_rtc.o(i.RTC_ExitConfigMode) for RTC_ExitConfigMode
    stm32f10x_spi.o(i.I2S_Init) refers to stm32f10x_rcc.o(i.RCC_GetClocksFreq) for RCC_GetClocksFreq
    stm32f10x_spi.o(i.SPI_I2S_DeInit) refers to stm32f10x_rcc.o(i.RCC_APB2PeriphResetCmd) for RCC_APB2PeriphResetCmd
    stm32f10x_spi.o(i.SPI_I2S_DeInit) refers to stm32f10x_rcc.o(i.RCC_APB1PeriphResetCmd) for RCC_APB1PeriphResetCmd
    stm32f10x_tim.o(i.TIM_DeInit) refers to stm32f10x_rcc.o(i.RCC_APB2PeriphResetCmd) for RCC_APB2PeriphResetCmd
    stm32f10x_tim.o(i.TIM_DeInit) refers to stm32f10x_rcc.o(i.RCC_APB1PeriphResetCmd) for RCC_APB1PeriphResetCmd
    stm32f10x_tim.o(i.TIM_ETRClockMode1Config) refers to stm32f10x_tim.o(i.TIM_ETRConfig) for TIM_ETRConfig
    stm32f10x_tim.o(i.TIM_ETRClockMode2Config) refers to stm32f10x_tim.o(i.TIM_ETRConfig) for TIM_ETRConfig
    stm32f10x_tim.o(i.TIM_ICInit) refers to stm32f10x_tim.o(i.TI1_Config) for TI1_Config
    stm32f10x_tim.o(i.TIM_ICInit) refers to stm32f10x_tim.o(i.TIM_SetIC1Prescaler) for TIM_SetIC1Prescaler
    stm32f10x_tim.o(i.TIM_ICInit) refers to stm32f10x_tim.o(i.TI2_Config) for TI2_Config
    stm32f10x_tim.o(i.TIM_ICInit) refers to stm32f10x_tim.o(i.TIM_SetIC2Prescaler) for TIM_SetIC2Prescaler
    stm32f10x_tim.o(i.TIM_ICInit) refers to stm32f10x_tim.o(i.TI3_Config) for TI3_Config
    stm32f10x_tim.o(i.TIM_ICInit) refers to stm32f10x_tim.o(i.TIM_SetIC3Prescaler) for TIM_SetIC3Prescaler
    stm32f10x_tim.o(i.TIM_ICInit) refers to stm32f10x_tim.o(i.TI4_Config) for TI4_Config
    stm32f10x_tim.o(i.TIM_ICInit) refers to stm32f10x_tim.o(i.TIM_SetIC4Prescaler) for TIM_SetIC4Prescaler
    stm32f10x_tim.o(i.TIM_ITRxExternalClockConfig) refers to stm32f10x_tim.o(i.TIM_SelectInputTrigger) for TIM_SelectInputTrigger
    stm32f10x_tim.o(i.TIM_PWMIConfig) refers to stm32f10x_tim.o(i.TI1_Config) for TI1_Config
    stm32f10x_tim.o(i.TIM_PWMIConfig) refers to stm32f10x_tim.o(i.TIM_SetIC1Prescaler) for TIM_SetIC1Prescaler
    stm32f10x_tim.o(i.TIM_PWMIConfig) refers to stm32f10x_tim.o(i.TI2_Config) for TI2_Config
    stm32f10x_tim.o(i.TIM_PWMIConfig) refers to stm32f10x_tim.o(i.TIM_SetIC2Prescaler) for TIM_SetIC2Prescaler
    stm32f10x_tim.o(i.TIM_TIxExternalClockConfig) refers to stm32f10x_tim.o(i.TI2_Config) for TI2_Config
    stm32f10x_tim.o(i.TIM_TIxExternalClockConfig) refers to stm32f10x_tim.o(i.TI1_Config) for TI1_Config
    stm32f10x_tim.o(i.TIM_TIxExternalClockConfig) refers to stm32f10x_tim.o(i.TIM_SelectInputTrigger) for TIM_SelectInputTrigger
    stm32f10x_usart.o(i.USART_DeInit) refers to stm32f10x_rcc.o(i.RCC_APB2PeriphResetCmd) for RCC_APB2PeriphResetCmd
    stm32f10x_usart.o(i.USART_DeInit) refers to stm32f10x_rcc.o(i.RCC_APB1PeriphResetCmd) for RCC_APB1PeriphResetCmd
    stm32f10x_usart.o(i.USART_Init) refers to stm32f10x_rcc.o(i.RCC_GetClocksFreq) for RCC_GetClocksFreq
    stm32f10x_wwdg.o(i.WWDG_DeInit) refers to stm32f10x_rcc.o(i.RCC_APB1PeriphResetCmd) for RCC_APB1PeriphResetCmd
    adxl345.o(i.ADXL345_RecvACK) refers to stm32f10x_gpio.o(i.GPIO_SetBits) for GPIO_SetBits
    adxl345.o(i.ADXL345_RecvACK) refers to delay.o(i.Delay_us) for Delay_us
    adxl345.o(i.ADXL345_RecvACK) refers to stm32f10x_gpio.o(i.GPIO_ReadInputDataBit) for GPIO_ReadInputDataBit
    adxl345.o(i.ADXL345_RecvACK) refers to stm32f10x_gpio.o(i.GPIO_ResetBits) for GPIO_ResetBits
    adxl345.o(i.ADXL345_RecvACK) refers to adxl345.o(i.ADXL345_SDA_Output) for ADXL345_SDA_Output
    adxl345.o(i.ADXL345_Recvbyte) refers to stm32f10x_gpio.o(i.GPIO_SetBits) for GPIO_SetBits
    adxl345.o(i.ADXL345_Recvbyte) refers to adxl345.o(i.ADXL345_SDA_Intput) for ADXL345_SDA_Intput
    adxl345.o(i.ADXL345_Recvbyte) refers to delay.o(i.Delay_us) for Delay_us
    adxl345.o(i.ADXL345_Recvbyte) refers to stm32f10x_gpio.o(i.GPIO_ReadInputDataBit) for GPIO_ReadInputDataBit
    adxl345.o(i.ADXL345_Recvbyte) refers to stm32f10x_gpio.o(i.GPIO_ResetBits) for GPIO_ResetBits
    adxl345.o(i.ADXL345_Recvbyte) refers to adxl345.o(i.ADXL345_SDA_Output) for ADXL345_SDA_Output
    adxl345.o(i.ADXL345_SDA_Intput) refers to stm32f10x_rcc.o(i.RCC_APB2PeriphClockCmd) for RCC_APB2PeriphClockCmd
    adxl345.o(i.ADXL345_SDA_Intput) refers to stm32f10x_gpio.o(i.GPIO_Init) for GPIO_Init
    adxl345.o(i.ADXL345_SDA_Output) refers to stm32f10x_rcc.o(i.RCC_APB2PeriphClockCmd) for RCC_APB2PeriphClockCmd
    adxl345.o(i.ADXL345_SDA_Output) refers to stm32f10x_gpio.o(i.GPIO_Init) for GPIO_Init
    adxl345.o(i.ADXL345_SendACK) refers to stm32f10x_gpio.o(i.GPIO_SetBits) for GPIO_SetBits
    adxl345.o(i.ADXL345_SendACK) refers to stm32f10x_gpio.o(i.GPIO_ResetBits) for GPIO_ResetBits
    adxl345.o(i.ADXL345_SendACK) refers to delay.o(i.Delay_us) for Delay_us
    adxl345.o(i.ADXL345_Sendbyte) refers to adxl345.o(i.ADXL345_SDA_Output) for ADXL345_SDA_Output
    adxl345.o(i.ADXL345_Sendbyte) refers to stm32f10x_gpio.o(i.GPIO_SetBits) for GPIO_SetBits
    adxl345.o(i.ADXL345_Sendbyte) refers to stm32f10x_gpio.o(i.GPIO_ResetBits) for GPIO_ResetBits
    adxl345.o(i.ADXL345_Sendbyte) refers to delay.o(i.Delay_us) for Delay_us
    adxl345.o(i.ADXL345_Sendbyte) refers to adxl345.o(i.ADXL345_SDA_Intput) for ADXL345_SDA_Intput
    adxl345.o(i.ADXL345_Sendbyte) refers to adxl345.o(i.ADXL345_RecvACK) for ADXL345_RecvACK
    adxl345.o(i.ADXL345_Start) refers to stm32f10x_gpio.o(i.GPIO_SetBits) for GPIO_SetBits
    adxl345.o(i.ADXL345_Start) refers to delay.o(i.Delay_us) for Delay_us
    adxl345.o(i.ADXL345_Start) refers to stm32f10x_gpio.o(i.GPIO_ResetBits) for GPIO_ResetBits
    adxl345.o(i.ADXL345_Stop) refers to stm32f10x_gpio.o(i.GPIO_ResetBits) for GPIO_ResetBits
    adxl345.o(i.ADXL345_Stop) refers to stm32f10x_gpio.o(i.GPIO_SetBits) for GPIO_SetBits
    adxl345.o(i.ADXL345_Stop) refers to delay.o(i.Delay_us) for Delay_us
    adxl345.o(i.ADXL_345_ALL_Int) refers to stm32f10x_rcc.o(i.RCC_APB2PeriphClockCmd) for RCC_APB2PeriphClockCmd
    adxl345.o(i.ADXL_345_ALL_Int) refers to stm32f10x_gpio.o(i.GPIO_SetBits) for GPIO_SetBits
    adxl345.o(i.ADXL_345_ALL_Int) refers to stm32f10x_gpio.o(i.GPIO_Init) for GPIO_Init
    adxl345.o(i.Angle) refers to delay.o(i.Delay_ms) for Delay_ms
    adxl345.o(i.Angle) refers to adxl345.o(i.Multiple_ReadADXL345) for Multiple_ReadADXL345
    adxl345.o(i.Angle) refers to adxl345.o(.data) for BUF
    adxl345.o(i.Init_ADXL345) refers to adxl345.o(i.ADXL_345_ALL_Int) for ADXL_345_ALL_Int
    adxl345.o(i.Init_ADXL345) refers to delay.o(i.Delay_ms) for Delay_ms
    adxl345.o(i.Init_ADXL345) refers to adxl345.o(i.Single_Write_ADXL345) for Single_Write_ADXL345
    adxl345.o(i.Multiple_ReadADXL345) refers to adxl345.o(i.ADXL345_Start) for ADXL345_Start
    adxl345.o(i.Multiple_ReadADXL345) refers to adxl345.o(i.ADXL345_Sendbyte) for ADXL345_Sendbyte
    adxl345.o(i.Multiple_ReadADXL345) refers to adxl345.o(i.ADXL345_Recvbyte) for ADXL345_Recvbyte
    adxl345.o(i.Multiple_ReadADXL345) refers to adxl345.o(i.ADXL345_SendACK) for ADXL345_SendACK
    adxl345.o(i.Multiple_ReadADXL345) refers to adxl345.o(i.ADXL345_Stop) for ADXL345_Stop
    adxl345.o(i.Multiple_ReadADXL345) refers to delay.o(i.Delay_ms) for Delay_ms
    adxl345.o(i.Multiple_ReadADXL345) refers to adxl345.o(.data) for BUF
    adxl345.o(i.Single_Read_ADXL345) refers to adxl345.o(i.ADXL345_Start) for ADXL345_Start
    adxl345.o(i.Single_Read_ADXL345) refers to adxl345.o(i.ADXL345_Sendbyte) for ADXL345_Sendbyte
    adxl345.o(i.Single_Read_ADXL345) refers to adxl345.o(i.ADXL345_Recvbyte) for ADXL345_Recvbyte
    adxl345.o(i.Single_Read_ADXL345) refers to adxl345.o(i.ADXL345_SendACK) for ADXL345_SendACK
    adxl345.o(i.Single_Read_ADXL345) refers to adxl345.o(i.ADXL345_Stop) for ADXL345_Stop
    adxl345.o(i.Single_Write_ADXL345) refers to adxl345.o(i.ADXL345_Start) for ADXL345_Start
    adxl345.o(i.Single_Write_ADXL345) refers to adxl345.o(i.ADXL345_Sendbyte) for ADXL345_Sendbyte
    adxl345.o(i.Single_Write_ADXL345) refers to adxl345.o(i.ADXL345_Stop) for ADXL345_Stop
    ds18b20.o(i.DS18B20_Check) refers to ds18b20.o(i.DS18B20_DQ_IN) for DS18B20_DQ_IN
    ds18b20.o(i.DS18B20_Check) refers to delay.o(i.Delay_us) for Delay_us
    ds18b20.o(i.DS18B20_Check) refers to stm32f10x_gpio.o(i.GPIO_ReadInputDataBit) for GPIO_ReadInputDataBit
    ds18b20.o(i.DS18B20_DQ_IN) refers to stm32f10x_rcc.o(i.RCC_APB2PeriphClockCmd) for RCC_APB2PeriphClockCmd
    ds18b20.o(i.DS18B20_DQ_IN) refers to stm32f10x_gpio.o(i.GPIO_Init) for GPIO_Init
    ds18b20.o(i.DS18B20_Get_Temp) refers to ds18b20.o(i.DS18B20_Start) for DS18B20_Start
    ds18b20.o(i.DS18B20_Get_Temp) refers to ds18b20.o(i.DS18B20_Rst) for DS18B20_Rst
    ds18b20.o(i.DS18B20_Get_Temp) refers to ds18b20.o(i.DS18B20_Check) for DS18B20_Check
    ds18b20.o(i.DS18B20_Get_Temp) refers to ds18b20.o(i.DS18B20_Write_Byte) for DS18B20_Write_Byte
    ds18b20.o(i.DS18B20_Get_Temp) refers to ds18b20.o(i.DS18B20_Read_Byte) for DS18B20_Read_Byte
    ds18b20.o(i.DS18B20_Get_Temp) refers to fflti.o(.text) for __aeabi_i2f
    ds18b20.o(i.DS18B20_Get_Temp) refers to f2d.o(.text) for __aeabi_f2d
    ds18b20.o(i.DS18B20_Get_Temp) refers to dmul.o(.text) for __aeabi_dmul
    ds18b20.o(i.DS18B20_Get_Temp) refers to dfixi.o(.text) for __aeabi_d2iz
    ds18b20.o(i.DS18B20_IO_OUT) refers to stm32f10x_rcc.o(i.RCC_APB2PeriphClockCmd) for RCC_APB2PeriphClockCmd
    ds18b20.o(i.DS18B20_IO_OUT) refers to stm32f10x_gpio.o(i.GPIO_Init) for GPIO_Init
    ds18b20.o(i.DS18B20_Init) refers to stm32f10x_rcc.o(i.RCC_APB2PeriphClockCmd) for RCC_APB2PeriphClockCmd
    ds18b20.o(i.DS18B20_Init) refers to stm32f10x_gpio.o(i.GPIO_Init) for GPIO_Init
    ds18b20.o(i.DS18B20_Init) refers to stm32f10x_gpio.o(i.GPIO_SetBits) for GPIO_SetBits
    ds18b20.o(i.DS18B20_Init) refers to ds18b20.o(i.DS18B20_Rst) for DS18B20_Rst
    ds18b20.o(i.DS18B20_Init) refers to ds18b20.o(i.DS18B20_Check) for DS18B20_Check
    ds18b20.o(i.DS18B20_Read_Bit) refers to ds18b20.o(i.DS18B20_IO_OUT) for DS18B20_IO_OUT
    ds18b20.o(i.DS18B20_Read_Bit) refers to stm32f10x_gpio.o(i.GPIO_ResetBits) for GPIO_ResetBits
    ds18b20.o(i.DS18B20_Read_Bit) refers to delay.o(i.Delay_us) for Delay_us
    ds18b20.o(i.DS18B20_Read_Bit) refers to stm32f10x_gpio.o(i.GPIO_SetBits) for GPIO_SetBits
    ds18b20.o(i.DS18B20_Read_Bit) refers to ds18b20.o(i.DS18B20_DQ_IN) for DS18B20_DQ_IN
    ds18b20.o(i.DS18B20_Read_Bit) refers to stm32f10x_gpio.o(i.GPIO_ReadInputDataBit) for GPIO_ReadInputDataBit
    ds18b20.o(i.DS18B20_Read_Byte) refers to ds18b20.o(i.DS18B20_Read_Bit) for DS18B20_Read_Bit
    ds18b20.o(i.DS18B20_Rst) refers to ds18b20.o(i.DS18B20_IO_OUT) for DS18B20_IO_OUT
    ds18b20.o(i.DS18B20_Rst) refers to stm32f10x_gpio.o(i.GPIO_ResetBits) for GPIO_ResetBits
    ds18b20.o(i.DS18B20_Rst) refers to delay.o(i.Delay_us) for Delay_us
    ds18b20.o(i.DS18B20_Rst) refers to stm32f10x_gpio.o(i.GPIO_SetBits) for GPIO_SetBits
    ds18b20.o(i.DS18B20_Start) refers to ds18b20.o(i.DS18B20_Rst) for DS18B20_Rst
    ds18b20.o(i.DS18B20_Start) refers to ds18b20.o(i.DS18B20_Check) for DS18B20_Check
    ds18b20.o(i.DS18B20_Start) refers to ds18b20.o(i.DS18B20_Write_Byte) for DS18B20_Write_Byte
    ds18b20.o(i.DS18B20_Write_Byte) refers to ds18b20.o(i.DS18B20_IO_OUT) for DS18B20_IO_OUT
    ds18b20.o(i.DS18B20_Write_Byte) refers to stm32f10x_gpio.o(i.GPIO_ResetBits) for GPIO_ResetBits
    ds18b20.o(i.DS18B20_Write_Byte) refers to delay.o(i.Delay_us) for Delay_us
    ds18b20.o(i.DS18B20_Write_Byte) refers to stm32f10x_gpio.o(i.GPIO_SetBits) for GPIO_SetBits
    esp8266.o(i.ESP8266_ConnectServer) refers to esp8266.o(.data) for ESP8266_ConnectSta
    key.o(i.Key_Init) refers to stm32f10x_rcc.o(i.RCC_APB2PeriphClockCmd) for RCC_APB2PeriphClockCmd
    key.o(i.Key_Init) refers to stm32f10x_gpio.o(i.GPIO_Init) for GPIO_Init
    key.o(i.Key_Scan) refers to stm32f10x_gpio.o(i.GPIO_ReadInputDataBit) for GPIO_ReadInputDataBit
    key.o(i.Key_Scan) refers to key.o(.data) for keyflag
    max30102.o(i.MAX30102_GPIO_Init) refers to stm32f10x_rcc.o(i.RCC_APB2PeriphClockCmd) for RCC_APB2PeriphClockCmd
    max30102.o(i.MAX30102_GPIO_Init) refers to stm32f10x_gpio.o(i.GPIO_Init) for GPIO_Init
    max30102.o(i.MAX30102_GPIO_Init) refers to max30102.o(i.i2c_Stop) for i2c_Stop
    max30102.o(i.MAX30102_GPIO_Init) refers to max30102.o(i.maxim_max30102_reset) for maxim_max30102_reset
    max30102.o(i.MAX30102_GPIO_Init) refers to max30102.o(i.maxim_max30102_read_reg) for maxim_max30102_read_reg
    max30102.o(i.MAX30102_GPIO_Init) refers to max30102.o(i.maxim_max30102_init) for maxim_max30102_init
    max30102.o(i.MAX30102_GPIO_Init) refers to max30102.o(.data) for uch_dummy
    max30102.o(i.Max30102_Heart_Spo2_Value) refers to max30102.o(i.maxim_max30102_read_fifo) for maxim_max30102_read_fifo
    max30102.o(i.Max30102_Heart_Spo2_Value) refers to max30102.o(i.maxim_heart_rate_and_oxygen_saturation) for maxim_heart_rate_and_oxygen_saturation
    max30102.o(i.Max30102_Heart_Spo2_Value) refers to max30102.o(.data) for n_ir_buffer_length
    max30102.o(i.Max30102_Heart_Spo2_Value) refers to max30102.o(.bss) for aun_ir_buffer
    max30102.o(i.i2c_Ack) refers to stm32f10x_gpio.o(i.GPIO_ResetBits) for GPIO_ResetBits
    max30102.o(i.i2c_Ack) refers to max30102.o(i.i2c_Delay) for i2c_Delay
    max30102.o(i.i2c_Ack) refers to stm32f10x_gpio.o(i.GPIO_SetBits) for GPIO_SetBits
    max30102.o(i.i2c_CheckDevice) refers to stm32f10x_gpio.o(i.GPIO_ReadInputDataBit) for GPIO_ReadInputDataBit
    max30102.o(i.i2c_CheckDevice) refers to max30102.o(i.i2c_Start) for i2c_Start
    max30102.o(i.i2c_CheckDevice) refers to max30102.o(i.i2c_SendByte) for i2c_SendByte
    max30102.o(i.i2c_CheckDevice) refers to max30102.o(i.i2c_WaitAck) for i2c_WaitAck
    max30102.o(i.i2c_CheckDevice) refers to max30102.o(i.i2c_Stop) for i2c_Stop
    max30102.o(i.i2c_NAck) refers to stm32f10x_gpio.o(i.GPIO_SetBits) for GPIO_SetBits
    max30102.o(i.i2c_NAck) refers to max30102.o(i.i2c_Delay) for i2c_Delay
    max30102.o(i.i2c_NAck) refers to stm32f10x_gpio.o(i.GPIO_ResetBits) for GPIO_ResetBits
    max30102.o(i.i2c_ReadByte) refers to stm32f10x_gpio.o(i.GPIO_SetBits) for GPIO_SetBits
    max30102.o(i.i2c_ReadByte) refers to max30102.o(i.i2c_Delay) for i2c_Delay
    max30102.o(i.i2c_ReadByte) refers to stm32f10x_gpio.o(i.GPIO_ReadInputDataBit) for GPIO_ReadInputDataBit
    max30102.o(i.i2c_ReadByte) refers to stm32f10x_gpio.o(i.GPIO_ResetBits) for GPIO_ResetBits
    max30102.o(i.i2c_SendByte) refers to stm32f10x_gpio.o(i.GPIO_SetBits) for GPIO_SetBits
    max30102.o(i.i2c_SendByte) refers to stm32f10x_gpio.o(i.GPIO_ResetBits) for GPIO_ResetBits
    max30102.o(i.i2c_SendByte) refers to max30102.o(i.i2c_Delay) for i2c_Delay
    max30102.o(i.i2c_Start) refers to stm32f10x_gpio.o(i.GPIO_SetBits) for GPIO_SetBits
    max30102.o(i.i2c_Start) refers to max30102.o(i.i2c_Delay) for i2c_Delay
    max30102.o(i.i2c_Start) refers to stm32f10x_gpio.o(i.GPIO_ResetBits) for GPIO_ResetBits
    max30102.o(i.i2c_Stop) refers to stm32f10x_gpio.o(i.GPIO_ResetBits) for GPIO_ResetBits
    max30102.o(i.i2c_Stop) refers to stm32f10x_gpio.o(i.GPIO_SetBits) for GPIO_SetBits
    max30102.o(i.i2c_Stop) refers to max30102.o(i.i2c_Delay) for i2c_Delay
    max30102.o(i.i2c_WaitAck) refers to stm32f10x_gpio.o(i.GPIO_SetBits) for GPIO_SetBits
    max30102.o(i.i2c_WaitAck) refers to max30102.o(i.i2c_Delay) for i2c_Delay
    max30102.o(i.i2c_WaitAck) refers to stm32f10x_gpio.o(i.GPIO_ReadInputDataBit) for GPIO_ReadInputDataBit
    max30102.o(i.i2c_WaitAck) refers to stm32f10x_gpio.o(i.GPIO_ResetBits) for GPIO_ResetBits
    max30102.o(i.maxim_find_peaks) refers to max30102.o(i.maxim_peaks_above_min_height) for maxim_peaks_above_min_height
    max30102.o(i.maxim_find_peaks) refers to max30102.o(i.maxim_remove_close_peaks) for maxim_remove_close_peaks
    max30102.o(i.maxim_heart_rate_and_oxygen_saturation) refers to max30102.o(i.maxim_find_peaks) for maxim_find_peaks
    max30102.o(i.maxim_heart_rate_and_oxygen_saturation) refers to max30102.o(i.maxim_sort_ascend) for maxim_sort_ascend
    max30102.o(i.maxim_heart_rate_and_oxygen_saturation) refers to max30102.o(.bss) for an_x
    max30102.o(i.maxim_heart_rate_and_oxygen_saturation) refers to max30102.o(.constdata) for uch_spo2_table
    max30102.o(i.maxim_max30102_init) refers to max30102.o(i.maxim_max30102_write_reg) for maxim_max30102_write_reg
    max30102.o(i.maxim_max30102_read_fifo) refers to max30102.o(i.maxim_max30102_read_reg) for maxim_max30102_read_reg
    max30102.o(i.maxim_max30102_read_fifo) refers to max30102.o(i.i2c_Start) for i2c_Start
    max30102.o(i.maxim_max30102_read_fifo) refers to max30102.o(i.i2c_SendByte) for i2c_SendByte
    max30102.o(i.maxim_max30102_read_fifo) refers to max30102.o(i.i2c_WaitAck) for i2c_WaitAck
    max30102.o(i.maxim_max30102_read_fifo) refers to max30102.o(i.i2c_ReadByte) for i2c_ReadByte
    max30102.o(i.maxim_max30102_read_fifo) refers to max30102.o(i.i2c_Ack) for i2c_Ack
    max30102.o(i.maxim_max30102_read_fifo) refers to max30102.o(i.i2c_Stop) for i2c_Stop
    max30102.o(i.maxim_max30102_read_reg) refers to max30102.o(i.i2c_Start) for i2c_Start
    max30102.o(i.maxim_max30102_read_reg) refers to max30102.o(i.i2c_SendByte) for i2c_SendByte
    max30102.o(i.maxim_max30102_read_reg) refers to max30102.o(i.i2c_WaitAck) for i2c_WaitAck
    max30102.o(i.maxim_max30102_read_reg) refers to max30102.o(i.i2c_ReadByte) for i2c_ReadByte
    max30102.o(i.maxim_max30102_read_reg) refers to max30102.o(i.i2c_NAck) for i2c_NAck
    max30102.o(i.maxim_max30102_read_reg) refers to max30102.o(i.i2c_Stop) for i2c_Stop
    max30102.o(i.maxim_max30102_reset) refers to max30102.o(i.maxim_max30102_write_reg) for maxim_max30102_write_reg
    max30102.o(i.maxim_max30102_write_reg) refers to max30102.o(i.i2c_Start) for i2c_Start
    max30102.o(i.maxim_max30102_write_reg) refers to max30102.o(i.i2c_SendByte) for i2c_SendByte
    max30102.o(i.maxim_max30102_write_reg) refers to max30102.o(i.i2c_WaitAck) for i2c_WaitAck
    max30102.o(i.maxim_max30102_write_reg) refers to max30102.o(i.i2c_Stop) for i2c_Stop
    max30102.o(i.maxim_remove_close_peaks) refers to max30102.o(i.maxim_sort_indices_descend) for maxim_sort_indices_descend
    max30102.o(i.maxim_remove_close_peaks) refers to max30102.o(i.maxim_sort_ascend) for maxim_sort_ascend
    dht11.o(i.Change_Dht11_Mode) refers to stm32f10x_rcc.o(i.RCC_APB2PeriphClockCmd) for RCC_APB2PeriphClockCmd
    dht11.o(i.Change_Dht11_Mode) refers to stm32f10x_gpio.o(i.GPIO_Init) for GPIO_Init
    dht11.o(i.DHT11_Check) refers to dht11.o(i.Change_Dht11_Mode) for Change_Dht11_Mode
    dht11.o(i.DHT11_Check) refers to delay.o(i.Delay_us) for Delay_us
    dht11.o(i.DHT11_Check) refers to stm32f10x_gpio.o(i.GPIO_ReadInputDataBit) for GPIO_ReadInputDataBit
    dht11.o(i.Dht11_ReadData) refers to dht11.o(i.Change_Dht11_Mode) for Change_Dht11_Mode
    dht11.o(i.Dht11_ReadData) refers to stm32f10x_gpio.o(i.GPIO_SetBits) for GPIO_SetBits
    dht11.o(i.Dht11_ReadData) refers to stm32f10x_gpio.o(i.GPIO_ResetBits) for GPIO_ResetBits
    dht11.o(i.Dht11_ReadData) refers to delay.o(i.Delay_ms) for Delay_ms
    dht11.o(i.Dht11_ReadData) refers to delay.o(i.Delay_us) for Delay_us
    dht11.o(i.Dht11_ReadData) refers to stm32f10x_gpio.o(i.GPIO_ReadInputDataBit) for GPIO_ReadInputDataBit
    flash.o(i.Write_flsh_byte) refers to stm32f10x_flash.o(i.FLASH_Unlock) for FLASH_Unlock
    flash.o(i.Write_flsh_byte) refers to stm32f10x_flash.o(i.FLASH_ErasePage) for FLASH_ErasePage
    flash.o(i.Write_flsh_byte) refers to stm32f10x_flash.o(i.FLASH_ProgramWord) for FLASH_ProgramWord
    flash.o(i.Write_flsh_byte) refers to stm32f10x_flash.o(i.FLASH_Lock) for FLASH_Lock
    usermain.o(i.DHT11_GetHumi) refers to dht11.o(i.Dht11_ReadData) for Dht11_ReadData
    usermain.o(i.DHT11_GetHumi) refers to usermain.o(.data) for dht11_data
    usermain.o(i.Flsh_ReadData) refers to flash.o(i.readFlash) for readFlash
    usermain.o(i.Flsh_ReadData) refers to usermain.o(.data) for Temp_H
    usermain.o(i.Flsh_SavaData) refers to flash.o(i.Write_flsh_byte) for Write_flsh_byte
    usermain.o(i.Flsh_SavaData) refers to usermain.o(.data) for Temp_H
    usermain.o(i.Get_dat_value) refers to ds18b20.o(i.DS18B20_Get_Temp) for DS18B20_Get_Temp
    usermain.o(i.Get_dat_value) refers to max30102.o(i.Max30102_Heart_Spo2_Value) for Max30102_Heart_Spo2_Value
    usermain.o(i.Get_dat_value) refers to usermain.o(.data) for TempFlag
    usermain.o(i.Get_dat_value) refers to max30102.o(.data) for ReadMAX30102OK
    usermain.o(i.Key_Dispose) refers to usermain.o(i.Flsh_SavaData) for Flsh_SavaData
    usermain.o(i.Key_Dispose) refers to key.o(.data) for Keyvalue
    usermain.o(i.Key_Dispose) refers to usermain.o(.data) for SysFace
    oled.o(i.Display_Byte) refers to oled.o(i.display_GB2312_string) for display_GB2312_string
    oled.o(i.GBZK_GPIO_Config) refers to stm32f10x_rcc.o(i.RCC_APB2PeriphClockCmd) for RCC_APB2PeriphClockCmd
    oled.o(i.GBZK_GPIO_Config) refers to stm32f10x_gpio.o(i.GPIO_SetBits) for GPIO_SetBits
    oled.o(i.GBZK_GPIO_Config) refers to stm32f10x_gpio.o(i.GPIO_Init) for GPIO_Init
    oled.o(i.GBZK_ROMOUTRESET) refers to stm32f10x_rcc.o(i.RCC_APB2PeriphClockCmd) for RCC_APB2PeriphClockCmd
    oled.o(i.GBZK_ROMOUTRESET) refers to stm32f10x_gpio.o(i.GPIO_Init) for GPIO_Init
    oled.o(i.GBZK_ROMOUTSET) refers to stm32f10x_rcc.o(i.RCC_APB2PeriphClockCmd) for RCC_APB2PeriphClockCmd
    oled.o(i.GBZK_ROMOUTSET) refers to stm32f10x_gpio.o(i.GPIO_Init) for GPIO_Init
    oled.o(i.OLED_Init) refers to oled.o(i.delay) for delay
    oled.o(i.OLED_Init) refers to oled.o(i.GBZK_GPIO_Config) for GBZK_GPIO_Config
    oled.o(i.OLED_Init) refers to stm32f10x_gpio.o(i.GPIO_ResetBits) for GPIO_ResetBits
    oled.o(i.OLED_Init) refers to stm32f10x_gpio.o(i.GPIO_SetBits) for GPIO_SetBits
    oled.o(i.OLED_Init) refers to oled.o(i.transfer_command_lcd) for transfer_command_lcd
    oled.o(i.OLED_Init) refers to oled.o(i.clear_screen) for clear_screen
    oled.o(i.OLED_Init) refers to delay.o(i.Delay_ms) for Delay_ms
    oled.o(i.OLED_Init) refers to oled.o(i.display_GB2312_string) for display_GB2312_string
    oled.o(i.clear_screen) refers to stm32f10x_gpio.o(i.GPIO_ResetBits) for GPIO_ResetBits
    oled.o(i.clear_screen) refers to stm32f10x_gpio.o(i.GPIO_SetBits) for GPIO_SetBits
    oled.o(i.clear_screen) refers to oled.o(i.transfer_command_lcd) for transfer_command_lcd
    oled.o(i.clear_screen) refers to oled.o(i.transfer_data_lcd) for transfer_data_lcd
    oled.o(i.display_128x64) refers to stm32f10x_gpio.o(i.GPIO_ResetBits) for GPIO_ResetBits
    oled.o(i.display_128x64) refers to oled.o(i.lcd_address) for lcd_address
    oled.o(i.display_128x64) refers to oled.o(i.transfer_data_lcd) for transfer_data_lcd
    oled.o(i.display_128x64) refers to stm32f10x_gpio.o(i.GPIO_SetBits) for GPIO_SetBits
    oled.o(i.display_GB2312_string) refers to oled.o(i.get_n_bytes_data_from_ROM) for get_n_bytes_data_from_ROM
    oled.o(i.display_GB2312_string) refers to oled.o(i.display_graphic_16x16) for display_graphic_16x16
    oled.o(i.display_GB2312_string) refers to oled.o(i.display_graphic_8x16) for display_graphic_8x16
    oled.o(i.display_GB2312_string) refers to oled.o(.data) for fontaddr
    oled.o(i.display_graphic_16x16) refers to stm32f10x_gpio.o(i.GPIO_ResetBits) for GPIO_ResetBits
    oled.o(i.display_graphic_16x16) refers to stm32f10x_gpio.o(i.GPIO_SetBits) for GPIO_SetBits
    oled.o(i.display_graphic_16x16) refers to oled.o(i.lcd_address) for lcd_address
    oled.o(i.display_graphic_16x16) refers to oled.o(i.transfer_data_lcd) for transfer_data_lcd
    oled.o(i.display_graphic_5x7) refers to stm32f10x_gpio.o(i.GPIO_ResetBits) for GPIO_ResetBits
    oled.o(i.display_graphic_5x7) refers to oled.o(i.transfer_command_lcd) for transfer_command_lcd
    oled.o(i.display_graphic_5x7) refers to oled.o(i.transfer_data_lcd) for transfer_data_lcd
    oled.o(i.display_graphic_5x7) refers to stm32f10x_gpio.o(i.GPIO_SetBits) for GPIO_SetBits
    oled.o(i.display_graphic_8x16) refers to stm32f10x_gpio.o(i.GPIO_ResetBits) for GPIO_ResetBits
    oled.o(i.display_graphic_8x16) refers to oled.o(i.lcd_address) for lcd_address
    oled.o(i.display_graphic_8x16) refers to oled.o(i.transfer_data_lcd) for transfer_data_lcd
    oled.o(i.display_graphic_8x16) refers to stm32f10x_gpio.o(i.GPIO_SetBits) for GPIO_SetBits
    oled.o(i.display_string_5x7) refers to oled.o(i.get_n_bytes_data_from_ROM) for get_n_bytes_data_from_ROM
    oled.o(i.display_string_5x7) refers to oled.o(i.display_graphic_5x7) for display_graphic_5x7
    oled.o(i.display_string_5x7) refers to oled.o(.data) for fontaddr
    oled.o(i.get_data_from_ROM) refers to stm32f10x_gpio.o(i.GPIO_SetBits) for GPIO_SetBits
    oled.o(i.get_data_from_ROM) refers to oled.o(i.GBZK_ROMOUTSET) for GBZK_ROMOUTSET
    oled.o(i.get_data_from_ROM) refers to stm32f10x_gpio.o(i.GPIO_ResetBits) for GPIO_ResetBits
    oled.o(i.get_data_from_ROM) refers to stm32f10x_gpio.o(i.GPIO_ReadInputDataBit) for GPIO_ReadInputDataBit
    oled.o(i.get_data_from_ROM) refers to oled.o(i.GBZK_ROMOUTRESET) for GBZK_ROMOUTRESET
    oled.o(i.get_n_bytes_data_from_ROM) refers to stm32f10x_gpio.o(i.GPIO_ResetBits) for GPIO_ResetBits
    oled.o(i.get_n_bytes_data_from_ROM) refers to stm32f10x_gpio.o(i.GPIO_SetBits) for GPIO_SetBits
    oled.o(i.get_n_bytes_data_from_ROM) refers to oled.o(i.send_command_to_ROM) for send_command_to_ROM
    oled.o(i.get_n_bytes_data_from_ROM) refers to oled.o(i.get_data_from_ROM) for get_data_from_ROM
    oled.o(i.lcd_address) refers to oled.o(i.transfer_command_lcd) for transfer_command_lcd
    oled.o(i.send_command_to_ROM) refers to stm32f10x_gpio.o(i.GPIO_SetBits) for GPIO_SetBits
    oled.o(i.send_command_to_ROM) refers to stm32f10x_gpio.o(i.GPIO_ResetBits) for GPIO_ResetBits
    oled.o(i.transfer_command_lcd) refers to stm32f10x_gpio.o(i.GPIO_ResetBits) for GPIO_ResetBits
    oled.o(i.transfer_command_lcd) refers to stm32f10x_gpio.o(i.GPIO_SetBits) for GPIO_SetBits
    oled.o(i.transfer_data_lcd) refers to stm32f10x_gpio.o(i.GPIO_SetBits) for GPIO_SetBits
    oled.o(i.transfer_data_lcd) refers to stm32f10x_gpio.o(i.GPIO_ResetBits) for GPIO_ResetBits
    delay.o(i.Delay_ms) refers to delay.o(i.Delay_us) for Delay_us
    delay.o(i.Delay_s) refers to delay.o(i.Delay_ms) for Delay_ms
    bsp_usart.o(i.Usart1_Config) refers to stm32f10x_rcc.o(i.RCC_APB2PeriphClockCmd) for RCC_APB2PeriphClockCmd
    bsp_usart.o(i.Usart1_Config) refers to stm32f10x_gpio.o(i.GPIO_Init) for GPIO_Init
    bsp_usart.o(i.Usart1_Config) refers to stm32f10x_usart.o(i.USART_Init) for USART_Init
    bsp_usart.o(i.Usart1_Config) refers to stm32f10x_usart.o(i.USART_Cmd) for USART_Cmd
    bsp_usart.o(i.Usart2_Config) refers to stm32f10x_rcc.o(i.RCC_APB2PeriphClockCmd) for RCC_APB2PeriphClockCmd
    bsp_usart.o(i.Usart2_Config) refers to stm32f10x_gpio.o(i.GPIO_Init) for GPIO_Init
    bsp_usart.o(i.Usart2_Config) refers to stm32f10x_rcc.o(i.RCC_APB1PeriphClockCmd) for RCC_APB1PeriphClockCmd
    bsp_usart.o(i.Usart2_Config) refers to stm32f10x_usart.o(i.USART_Init) for USART_Init
    bsp_usart.o(i.Usart2_Config) refers to stm32f10x_usart.o(i.USART_Cmd) for USART_Cmd
    bsp_usart.o(i.Usart3_Config) refers to stm32f10x_rcc.o(i.RCC_APB2PeriphClockCmd) for RCC_APB2PeriphClockCmd
    bsp_usart.o(i.Usart3_Config) refers to stm32f10x_gpio.o(i.GPIO_Init) for GPIO_Init
    bsp_usart.o(i.Usart3_Config) refers to stm32f10x_rcc.o(i.RCC_APB1PeriphClockCmd) for RCC_APB1PeriphClockCmd
    bsp_usart.o(i.Usart3_Config) refers to stm32f10x_usart.o(i.USART_Init) for USART_Init
    bsp_usart.o(i.Usart3_Config) refers to stm32f10x_usart.o(i.USART_Cmd) for USART_Cmd
    bsp_usart.o(i.fputc) refers to stm32f10x_usart.o(i.USART_GetFlagStatus) for USART_GetFlagStatus
    bsp_usart.o(i.fputc) refers to stm32f10x_usart.o(i.USART_SendData) for USART_SendData
    entry.o(.ARM.Collect$$$$00000000) refers (Special) to entry10a.o(.ARM.Collect$$$$0000000D) for __rt_final_cpp
    entry.o(.ARM.Collect$$$$00000000) refers (Special) to entry11a.o(.ARM.Collect$$$$0000000F) for __rt_final_exit
    entry.o(.ARM.Collect$$$$00000000) refers (Special) to entry7b.o(.ARM.Collect$$$$00000008) for _main_clock
    entry.o(.ARM.Collect$$$$00000000) refers (Special) to entry8b.o(.ARM.Collect$$$$0000000A) for _main_cpp_init
    entry.o(.ARM.Collect$$$$00000000) refers (Special) to entry9a.o(.ARM.Collect$$$$0000000B) for _main_init
    entry.o(.ARM.Collect$$$$00000000) refers (Special) to entry5.o(.ARM.Collect$$$$00000004) for _main_scatterload
    entry.o(.ARM.Collect$$$$00000000) refers (Special) to entry2.o(.ARM.Collect$$$$00000001) for _main_stk
    dmul.o(.text) refers (Special) to iusefp.o(.text) for __I$use$fp
    dmul.o(.text) refers to depilogue.o(.text) for _double_epilogue
    fflti.o(.text) refers (Special) to iusefp.o(.text) for __I$use$fp
    fflti.o(.text) refers to fepilogue.o(.text) for _float_epilogue
    dfixi.o(.text) refers (Special) to iusefp.o(.text) for __I$use$fp
    dfixi.o(.text) refers to llushr.o(.text) for __aeabi_llsr
    f2d.o(.text) refers (Special) to iusefp.o(.text) for __I$use$fp
    entry2.o(.ARM.Collect$$$$00000001) refers to entry2.o(.ARM.Collect$$$$00002712) for __lit__00000000
    entry2.o(.ARM.Collect$$$$00002712) refers to startup_stm32f10x_md.o(STACK) for __initial_sp
    entry2.o(__vectab_stack_and_reset_area) refers to startup_stm32f10x_md.o(STACK) for __initial_sp
    entry2.o(__vectab_stack_and_reset_area) refers to entry.o(.ARM.Collect$$$$00000000) for __main
    entry5.o(.ARM.Collect$$$$00000004) refers to init.o(.text) for __scatterload
    entry9a.o(.ARM.Collect$$$$0000000B) refers to main.o(i.main) for main
    entry9b.o(.ARM.Collect$$$$0000000C) refers to main.o(i.main) for main
    depilogue.o(.text) refers to llshl.o(.text) for __aeabi_llsl
    depilogue.o(.text) refers to llushr.o(.text) for __aeabi_llsr
    init.o(.text) refers to entry5.o(.ARM.Collect$$$$00000004) for __main_after_scatterload


==============================================================================

Removing Unused input sections from the image.

    Removing startup_stm32f10x_md.o(HEAP), (512 bytes).
    Removing core_cm3.o(.emb_text), (32 bytes).
    Removing system_stm32f10x.o(i.SystemCoreClockUpdate), (164 bytes).
    Removing system_stm32f10x.o(.data), (20 bytes).
    Removing misc.o(i.NVIC_Init), (112 bytes).
    Removing misc.o(i.NVIC_PriorityGroupConfig), (20 bytes).
    Removing misc.o(i.NVIC_SetVectorTable), (20 bytes).
    Removing misc.o(i.NVIC_SystemLPConfig), (32 bytes).
    Removing misc.o(i.SysTick_CLKSourceConfig), (40 bytes).
    Removing stm32f10x_adc.o(i.ADC_AnalogWatchdogCmd), (20 bytes).
    Removing stm32f10x_adc.o(i.ADC_AnalogWatchdogSingleChannelConfig), (16 bytes).
    Removing stm32f10x_adc.o(i.ADC_AnalogWatchdogThresholdsConfig), (6 bytes).
    Removing stm32f10x_adc.o(i.ADC_AutoInjectedConvCmd), (22 bytes).
    Removing stm32f10x_adc.o(i.ADC_ClearFlag), (6 bytes).
    Removing stm32f10x_adc.o(i.ADC_ClearITPendingBit), (10 bytes).
    Removing stm32f10x_adc.o(i.ADC_Cmd), (22 bytes).
    Removing stm32f10x_adc.o(i.ADC_DMACmd), (22 bytes).
    Removing stm32f10x_adc.o(i.ADC_DeInit), (92 bytes).
    Removing stm32f10x_adc.o(i.ADC_DiscModeChannelCountConfig), (24 bytes).
    Removing stm32f10x_adc.o(i.ADC_DiscModeCmd), (22 bytes).
    Removing stm32f10x_adc.o(i.ADC_ExternalTrigConvCmd), (22 bytes).
    Removing stm32f10x_adc.o(i.ADC_ExternalTrigInjectedConvCmd), (22 bytes).
    Removing stm32f10x_adc.o(i.ADC_ExternalTrigInjectedConvConfig), (16 bytes).
    Removing stm32f10x_adc.o(i.ADC_GetCalibrationStatus), (20 bytes).
    Removing stm32f10x_adc.o(i.ADC_GetConversionValue), (8 bytes).
    Removing stm32f10x_adc.o(i.ADC_GetDualModeConversionValue), (12 bytes).
    Removing stm32f10x_adc.o(i.ADC_GetFlagStatus), (18 bytes).
    Removing stm32f10x_adc.o(i.ADC_GetITStatus), (36 bytes).
    Removing stm32f10x_adc.o(i.ADC_GetInjectedConversionValue), (28 bytes).
    Removing stm32f10x_adc.o(i.ADC_GetResetCalibrationStatus), (20 bytes).
    Removing stm32f10x_adc.o(i.ADC_GetSoftwareStartConvStatus), (20 bytes).
    Removing stm32f10x_adc.o(i.ADC_GetSoftwareStartInjectedConvCmdStatus), (20 bytes).
    Removing stm32f10x_adc.o(i.ADC_ITConfig), (24 bytes).
    Removing stm32f10x_adc.o(i.ADC_Init), (80 bytes).
    Removing stm32f10x_adc.o(i.ADC_InjectedChannelConfig), (130 bytes).
    Removing stm32f10x_adc.o(i.ADC_InjectedDiscModeCmd), (22 bytes).
    Removing stm32f10x_adc.o(i.ADC_InjectedSequencerLengthConfig), (24 bytes).
    Removing stm32f10x_adc.o(i.ADC_RegularChannelConfig), (184 bytes).
    Removing stm32f10x_adc.o(i.ADC_ResetCalibration), (10 bytes).
    Removing stm32f10x_adc.o(i.ADC_SetInjectedOffset), (20 bytes).
    Removing stm32f10x_adc.o(i.ADC_SoftwareStartConvCmd), (22 bytes).
    Removing stm32f10x_adc.o(i.ADC_SoftwareStartInjectedConvCmd), (22 bytes).
    Removing stm32f10x_adc.o(i.ADC_StartCalibration), (10 bytes).
    Removing stm32f10x_adc.o(i.ADC_StructInit), (18 bytes).
    Removing stm32f10x_adc.o(i.ADC_TempSensorVrefintCmd), (36 bytes).
    Removing stm32f10x_bkp.o(i.BKP_ClearFlag), (20 bytes).
    Removing stm32f10x_bkp.o(i.BKP_ClearITPendingBit), (20 bytes).
    Removing stm32f10x_bkp.o(i.BKP_DeInit), (16 bytes).
    Removing stm32f10x_bkp.o(i.BKP_GetFlagStatus), (12 bytes).
    Removing stm32f10x_bkp.o(i.BKP_GetITStatus), (12 bytes).
    Removing stm32f10x_bkp.o(i.BKP_ITConfig), (12 bytes).
    Removing stm32f10x_bkp.o(i.BKP_RTCOutputConfig), (28 bytes).
    Removing stm32f10x_bkp.o(i.BKP_ReadBackupRegister), (28 bytes).
    Removing stm32f10x_bkp.o(i.BKP_SetRTCCalibrationValue), (28 bytes).
    Removing stm32f10x_bkp.o(i.BKP_TamperPinCmd), (12 bytes).
    Removing stm32f10x_bkp.o(i.BKP_TamperPinLevelConfig), (12 bytes).
    Removing stm32f10x_bkp.o(i.BKP_WriteBackupRegister), (28 bytes).
    Removing stm32f10x_can.o(i.CAN_CancelTransmit), (48 bytes).
    Removing stm32f10x_can.o(i.CAN_ClearFlag), (56 bytes).
    Removing stm32f10x_can.o(i.CAN_ClearITPendingBit), (168 bytes).
    Removing stm32f10x_can.o(i.CAN_DBGFreeze), (22 bytes).
    Removing stm32f10x_can.o(i.CAN_DeInit), (56 bytes).
    Removing stm32f10x_can.o(i.CAN_FIFORelease), (22 bytes).
    Removing stm32f10x_can.o(i.CAN_FilterInit), (264 bytes).
    Removing stm32f10x_can.o(i.CAN_GetFlagStatus), (120 bytes).
    Removing stm32f10x_can.o(i.CAN_GetITStatus), (288 bytes).
    Removing stm32f10x_can.o(i.CAN_GetLSBTransmitErrorCounter), (12 bytes).
    Removing stm32f10x_can.o(i.CAN_GetLastErrorCode), (12 bytes).
    Removing stm32f10x_can.o(i.CAN_GetReceiveErrorCounter), (10 bytes).
    Removing stm32f10x_can.o(i.CAN_ITConfig), (18 bytes).
    Removing stm32f10x_can.o(i.CAN_Init), (276 bytes).
    Removing stm32f10x_can.o(i.CAN_MessagePending), (30 bytes).
    Removing stm32f10x_can.o(i.CAN_OperatingModeRequest), (162 bytes).
    Removing stm32f10x_can.o(i.CAN_Receive), (240 bytes).
    Removing stm32f10x_can.o(i.CAN_SlaveStartBank), (52 bytes).
    Removing stm32f10x_can.o(i.CAN_Sleep), (30 bytes).
    Removing stm32f10x_can.o(i.CAN_StructInit), (32 bytes).
    Removing stm32f10x_can.o(i.CAN_TTComModeCmd), (118 bytes).
    Removing stm32f10x_can.o(i.CAN_Transmit), (294 bytes).
    Removing stm32f10x_can.o(i.CAN_TransmitStatus), (160 bytes).
    Removing stm32f10x_can.o(i.CAN_WakeUp), (48 bytes).
    Removing stm32f10x_can.o(i.CheckITStatus), (18 bytes).
    Removing stm32f10x_cec.o(i.CEC_ClearFlag), (36 bytes).
    Removing stm32f10x_cec.o(i.CEC_ClearITPendingBit), (36 bytes).
    Removing stm32f10x_cec.o(i.CEC_Cmd), (32 bytes).
    Removing stm32f10x_cec.o(i.CEC_DeInit), (22 bytes).
    Removing stm32f10x_cec.o(i.CEC_EndOfMessageCmd), (12 bytes).
    Removing stm32f10x_cec.o(i.CEC_GetFlagStatus), (48 bytes).
    Removing stm32f10x_cec.o(i.CEC_GetITStatus), (40 bytes).
    Removing stm32f10x_cec.o(i.CEC_ITConfig), (12 bytes).
    Removing stm32f10x_cec.o(i.CEC_Init), (32 bytes).
    Removing stm32f10x_cec.o(i.CEC_OwnAddressConfig), (12 bytes).
    Removing stm32f10x_cec.o(i.CEC_ReceiveDataByte), (12 bytes).
    Removing stm32f10x_cec.o(i.CEC_SendDataByte), (12 bytes).
    Removing stm32f10x_cec.o(i.CEC_SetPrescaler), (12 bytes).
    Removing stm32f10x_cec.o(i.CEC_StartOfMessage), (12 bytes).
    Removing stm32f10x_crc.o(i.CRC_CalcBlockCRC), (36 bytes).
    Removing stm32f10x_crc.o(i.CRC_CalcCRC), (16 bytes).
    Removing stm32f10x_crc.o(i.CRC_GetCRC), (12 bytes).
    Removing stm32f10x_crc.o(i.CRC_GetIDRegister), (12 bytes).
    Removing stm32f10x_crc.o(i.CRC_ResetDR), (12 bytes).
    Removing stm32f10x_crc.o(i.CRC_SetIDRegister), (12 bytes).
    Removing stm32f10x_dac.o(i.DAC_Cmd), (40 bytes).
    Removing stm32f10x_dac.o(i.DAC_DMACmd), (44 bytes).
    Removing stm32f10x_dac.o(i.DAC_DeInit), (22 bytes).
    Removing stm32f10x_dac.o(i.DAC_DualSoftwareTriggerCmd), (36 bytes).
    Removing stm32f10x_dac.o(i.DAC_GetDataOutputValue), (36 bytes).
    Removing stm32f10x_dac.o(i.DAC_Init), (52 bytes).
    Removing stm32f10x_dac.o(i.DAC_SetChannel1Data), (32 bytes).
    Removing stm32f10x_dac.o(i.DAC_SetChannel2Data), (32 bytes).
    Removing stm32f10x_dac.o(i.DAC_SetDualChannelData), (36 bytes).
    Removing stm32f10x_dac.o(i.DAC_SoftwareTriggerCmd), (44 bytes).
    Removing stm32f10x_dac.o(i.DAC_StructInit), (12 bytes).
    Removing stm32f10x_dac.o(i.DAC_WaveGenerationCmd), (40 bytes).
    Removing stm32f10x_dbgmcu.o(i.DBGMCU_Config), (32 bytes).
    Removing stm32f10x_dbgmcu.o(i.DBGMCU_GetDEVID), (16 bytes).
    Removing stm32f10x_dbgmcu.o(i.DBGMCU_GetREVID), (12 bytes).
    Removing stm32f10x_dma.o(i.DMA_ClearFlag), (28 bytes).
    Removing stm32f10x_dma.o(i.DMA_ClearITPendingBit), (28 bytes).
    Removing stm32f10x_dma.o(i.DMA_Cmd), (24 bytes).
    Removing stm32f10x_dma.o(i.DMA_DeInit), (332 bytes).
    Removing stm32f10x_dma.o(i.DMA_GetCurrDataCounter), (8 bytes).
    Removing stm32f10x_dma.o(i.DMA_GetFlagStatus), (44 bytes).
    Removing stm32f10x_dma.o(i.DMA_GetITStatus), (44 bytes).
    Removing stm32f10x_dma.o(i.DMA_ITConfig), (18 bytes).
    Removing stm32f10x_dma.o(i.DMA_Init), (60 bytes).
    Removing stm32f10x_dma.o(i.DMA_SetCurrDataCounter), (4 bytes).
    Removing stm32f10x_dma.o(i.DMA_StructInit), (26 bytes).
    Removing stm32f10x_exti.o(i.EXTI_ClearFlag), (12 bytes).
    Removing stm32f10x_exti.o(i.EXTI_ClearITPendingBit), (12 bytes).
    Removing stm32f10x_exti.o(i.EXTI_DeInit), (36 bytes).
    Removing stm32f10x_exti.o(i.EXTI_GenerateSWInterrupt), (16 bytes).
    Removing stm32f10x_exti.o(i.EXTI_GetFlagStatus), (24 bytes).
    Removing stm32f10x_exti.o(i.EXTI_GetITStatus), (40 bytes).
    Removing stm32f10x_exti.o(i.EXTI_Init), (148 bytes).
    Removing stm32f10x_exti.o(i.EXTI_StructInit), (16 bytes).
    Removing stm32f10x_flash.o(i.FLASH_ClearFlag), (12 bytes).
    Removing stm32f10x_flash.o(i.FLASH_EnableWriteProtection), (196 bytes).
    Removing stm32f10x_flash.o(i.FLASH_EraseAllBank1Pages), (72 bytes).
    Removing stm32f10x_flash.o(i.FLASH_EraseAllPages), (72 bytes).
    Removing stm32f10x_flash.o(i.FLASH_EraseOptionBytes), (168 bytes).
    Removing stm32f10x_flash.o(i.FLASH_ErasePage), (76 bytes).
    Removing stm32f10x_flash.o(i.FLASH_GetBank1Status), (52 bytes).
    Removing stm32f10x_flash.o(i.FLASH_GetFlagStatus), (48 bytes).
    Removing stm32f10x_flash.o(i.FLASH_GetPrefetchBufferStatus), (24 bytes).
    Removing stm32f10x_flash.o(i.FLASH_GetReadOutProtectionStatus), (24 bytes).
    Removing stm32f10x_flash.o(i.FLASH_GetStatus), (52 bytes).
    Removing stm32f10x_flash.o(i.FLASH_GetUserOptionByte), (12 bytes).
    Removing stm32f10x_flash.o(i.FLASH_GetWriteProtectionOptionByte), (12 bytes).
    Removing stm32f10x_flash.o(i.FLASH_HalfCycleAccessCmd), (28 bytes).
    Removing stm32f10x_flash.o(i.FLASH_ITConfig), (32 bytes).
    Removing stm32f10x_flash.o(i.FLASH_Lock), (20 bytes).
    Removing stm32f10x_flash.o(i.FLASH_LockBank1), (20 bytes).
    Removing stm32f10x_flash.o(i.FLASH_PrefetchBufferCmd), (28 bytes).
    Removing stm32f10x_flash.o(i.FLASH_ProgramHalfWord), (64 bytes).
    Removing stm32f10x_flash.o(i.FLASH_ProgramOptionByteData), (84 bytes).
    Removing stm32f10x_flash.o(i.FLASH_ProgramWord), (108 bytes).
    Removing stm32f10x_flash.o(i.FLASH_ReadOutProtection), (172 bytes).
    Removing stm32f10x_flash.o(i.FLASH_SetLatency), (24 bytes).
    Removing stm32f10x_flash.o(i.FLASH_Unlock), (24 bytes).
    Removing stm32f10x_flash.o(i.FLASH_UnlockBank1), (24 bytes).
    Removing stm32f10x_flash.o(i.FLASH_UserOptionByteConfig), (104 bytes).
    Removing stm32f10x_flash.o(i.FLASH_WaitForLastBank1Operation), (38 bytes).
    Removing stm32f10x_flash.o(i.FLASH_WaitForLastOperation), (38 bytes).
    Removing stm32f10x_fsmc.o(i.FSMC_ClearFlag), (64 bytes).
    Removing stm32f10x_fsmc.o(i.FSMC_ClearITPendingBit), (72 bytes).
    Removing stm32f10x_fsmc.o(i.FSMC_GetECC), (28 bytes).
    Removing stm32f10x_fsmc.o(i.FSMC_GetFlagStatus), (56 bytes).
    Removing stm32f10x_fsmc.o(i.FSMC_GetITStatus), (68 bytes).
    Removing stm32f10x_fsmc.o(i.FSMC_ITConfig), (128 bytes).
    Removing stm32f10x_fsmc.o(i.FSMC_NANDCmd), (92 bytes).
    Removing stm32f10x_fsmc.o(i.FSMC_NANDDeInit), (68 bytes).
    Removing stm32f10x_fsmc.o(i.FSMC_NANDECCCmd), (92 bytes).
    Removing stm32f10x_fsmc.o(i.FSMC_NANDInit), (136 bytes).
    Removing stm32f10x_fsmc.o(i.FSMC_NANDStructInit), (54 bytes).
    Removing stm32f10x_fsmc.o(i.FSMC_NORSRAMCmd), (52 bytes).
    Removing stm32f10x_fsmc.o(i.FSMC_NORSRAMDeInit), (54 bytes).
    Removing stm32f10x_fsmc.o(i.FSMC_NORSRAMInit), (230 bytes).
    Removing stm32f10x_fsmc.o(i.FSMC_NORSRAMStructInit), (114 bytes).
    Removing stm32f10x_fsmc.o(i.FSMC_PCCARDCmd), (48 bytes).
    Removing stm32f10x_fsmc.o(i.FSMC_PCCARDDeInit), (40 bytes).
    Removing stm32f10x_fsmc.o(i.FSMC_PCCARDInit), (132 bytes).
    Removing stm32f10x_fsmc.o(i.FSMC_PCCARDStructInit), (60 bytes).
    Removing stm32f10x_gpio.o(i.GPIO_AFIODeInit), (20 bytes).
    Removing stm32f10x_gpio.o(i.GPIO_DeInit), (200 bytes).
    Removing stm32f10x_gpio.o(i.GPIO_ETH_MediaInterfaceConfig), (12 bytes).
    Removing stm32f10x_gpio.o(i.GPIO_EXTILineConfig), (64 bytes).
    Removing stm32f10x_gpio.o(i.GPIO_EventOutputCmd), (12 bytes).
    Removing stm32f10x_gpio.o(i.GPIO_EventOutputConfig), (32 bytes).
    Removing stm32f10x_gpio.o(i.GPIO_Init), (278 bytes).
    Removing stm32f10x_gpio.o(i.GPIO_PinLockConfig), (18 bytes).
    Removing stm32f10x_gpio.o(i.GPIO_PinRemapConfig), (144 bytes).
    Removing stm32f10x_gpio.o(i.GPIO_ReadInputData), (8 bytes).
    Removing stm32f10x_gpio.o(i.GPIO_ReadInputDataBit), (18 bytes).
    Removing stm32f10x_gpio.o(i.GPIO_ReadOutputData), (8 bytes).
    Removing stm32f10x_gpio.o(i.GPIO_ReadOutputDataBit), (18 bytes).
    Removing stm32f10x_gpio.o(i.GPIO_ResetBits), (4 bytes).
    Removing stm32f10x_gpio.o(i.GPIO_SetBits), (4 bytes).
    Removing stm32f10x_gpio.o(i.GPIO_StructInit), (16 bytes).
    Removing stm32f10x_gpio.o(i.GPIO_Write), (4 bytes).
    Removing stm32f10x_gpio.o(i.GPIO_WriteBit), (10 bytes).
    Removing stm32f10x_i2c.o(i.I2C_ARPCmd), (24 bytes).
    Removing stm32f10x_i2c.o(i.I2C_AcknowledgeConfig), (24 bytes).
    Removing stm32f10x_i2c.o(i.I2C_CalculatePEC), (24 bytes).
    Removing stm32f10x_i2c.o(i.I2C_CheckEvent), (42 bytes).
    Removing stm32f10x_i2c.o(i.I2C_ClearFlag), (12 bytes).
    Removing stm32f10x_i2c.o(i.I2C_ClearITPendingBit), (12 bytes).
    Removing stm32f10x_i2c.o(i.I2C_Cmd), (24 bytes).
    Removing stm32f10x_i2c.o(i.I2C_DMACmd), (24 bytes).
    Removing stm32f10x_i2c.o(i.I2C_DMALastTransferCmd), (24 bytes).
    Removing stm32f10x_i2c.o(i.I2C_DeInit), (56 bytes).
    Removing stm32f10x_i2c.o(i.I2C_DualAddressCmd), (24 bytes).
    Removing stm32f10x_i2c.o(i.I2C_FastModeDutyCycleConfig), (28 bytes).
    Removing stm32f10x_i2c.o(i.I2C_GeneralCallCmd), (24 bytes).
    Removing stm32f10x_i2c.o(i.I2C_GenerateSTART), (24 bytes).
    Removing stm32f10x_i2c.o(i.I2C_GenerateSTOP), (24 bytes).
    Removing stm32f10x_i2c.o(i.I2C_GetFlagStatus), (58 bytes).
    Removing stm32f10x_i2c.o(i.I2C_GetITStatus), (38 bytes).
    Removing stm32f10x_i2c.o(i.I2C_GetLastEvent), (26 bytes).
    Removing stm32f10x_i2c.o(i.I2C_GetPEC), (8 bytes).
    Removing stm32f10x_i2c.o(i.I2C_ITConfig), (18 bytes).
    Removing stm32f10x_i2c.o(i.I2C_Init), (236 bytes).
    Removing stm32f10x_i2c.o(i.I2C_NACKPositionConfig), (28 bytes).
    Removing stm32f10x_i2c.o(i.I2C_OwnAddress2Config), (22 bytes).
    Removing stm32f10x_i2c.o(i.I2C_PECPositionConfig), (28 bytes).
    Removing stm32f10x_i2c.o(i.I2C_ReadRegister), (22 bytes).
    Removing stm32f10x_i2c.o(i.I2C_ReceiveData), (8 bytes).
    Removing stm32f10x_i2c.o(i.I2C_SMBusAlertConfig), (28 bytes).
    Removing stm32f10x_i2c.o(i.I2C_Send7bitAddress), (18 bytes).
    Removing stm32f10x_i2c.o(i.I2C_SendData), (4 bytes).
    Removing stm32f10x_i2c.o(i.I2C_SoftwareResetCmd), (22 bytes).
    Removing stm32f10x_i2c.o(i.I2C_StretchClockCmd), (24 bytes).
    Removing stm32f10x_i2c.o(i.I2C_StructInit), (30 bytes).
    Removing stm32f10x_i2c.o(i.I2C_TransmitPEC), (24 bytes).
    Removing stm32f10x_iwdg.o(i.IWDG_Enable), (16 bytes).
    Removing stm32f10x_iwdg.o(i.IWDG_GetFlagStatus), (24 bytes).
    Removing stm32f10x_iwdg.o(i.IWDG_ReloadCounter), (16 bytes).
    Removing stm32f10x_iwdg.o(i.IWDG_SetPrescaler), (12 bytes).
    Removing stm32f10x_iwdg.o(i.IWDG_SetReload), (12 bytes).
    Removing stm32f10x_iwdg.o(i.IWDG_WriteAccessCmd), (12 bytes).
    Removing stm32f10x_pwr.o(i.PWR_BackupAccessCmd), (12 bytes).
    Removing stm32f10x_pwr.o(i.PWR_ClearFlag), (20 bytes).
    Removing stm32f10x_pwr.o(i.PWR_DeInit), (22 bytes).
    Removing stm32f10x_pwr.o(i.PWR_EnterSTANDBYMode), (52 bytes).
    Removing stm32f10x_pwr.o(i.PWR_EnterSTOPMode), (64 bytes).
    Removing stm32f10x_pwr.o(i.PWR_GetFlagStatus), (24 bytes).
    Removing stm32f10x_pwr.o(i.PWR_PVDCmd), (12 bytes).
    Removing stm32f10x_pwr.o(i.PWR_PVDLevelConfig), (24 bytes).
    Removing stm32f10x_pwr.o(i.PWR_WakeUpPinCmd), (12 bytes).
    Removing stm32f10x_rcc.o(i.RCC_ADCCLKConfig), (24 bytes).
    Removing stm32f10x_rcc.o(i.RCC_AHBPeriphClockCmd), (32 bytes).
    Removing stm32f10x_rcc.o(i.RCC_APB1PeriphClockCmd), (32 bytes).
    Removing stm32f10x_rcc.o(i.RCC_APB1PeriphResetCmd), (32 bytes).
    Removing stm32f10x_rcc.o(i.RCC_APB2PeriphClockCmd), (32 bytes).
    Removing stm32f10x_rcc.o(i.RCC_APB2PeriphResetCmd), (32 bytes).
    Removing stm32f10x_rcc.o(i.RCC_AdjustHSICalibrationValue), (24 bytes).
    Removing stm32f10x_rcc.o(i.RCC_BackupResetCmd), (12 bytes).
    Removing stm32f10x_rcc.o(i.RCC_ClearFlag), (20 bytes).
    Removing stm32f10x_rcc.o(i.RCC_ClearITPendingBit), (12 bytes).
    Removing stm32f10x_rcc.o(i.RCC_ClockSecuritySystemCmd), (12 bytes).
    Removing stm32f10x_rcc.o(i.RCC_DeInit), (76 bytes).
    Removing stm32f10x_rcc.o(i.RCC_GetClocksFreq), (212 bytes).
    Removing stm32f10x_rcc.o(i.RCC_GetFlagStatus), (60 bytes).
    Removing stm32f10x_rcc.o(i.RCC_GetITStatus), (24 bytes).
    Removing stm32f10x_rcc.o(i.RCC_GetSYSCLKSource), (16 bytes).
    Removing stm32f10x_rcc.o(i.RCC_HCLKConfig), (24 bytes).
    Removing stm32f10x_rcc.o(i.RCC_HSEConfig), (76 bytes).
    Removing stm32f10x_rcc.o(i.RCC_HSICmd), (12 bytes).
    Removing stm32f10x_rcc.o(i.RCC_ITConfig), (32 bytes).
    Removing stm32f10x_rcc.o(i.RCC_LSEConfig), (52 bytes).
    Removing stm32f10x_rcc.o(i.RCC_LSICmd), (12 bytes).
    Removing stm32f10x_rcc.o(i.RCC_MCOConfig), (12 bytes).
    Removing stm32f10x_rcc.o(i.RCC_PCLK1Config), (24 bytes).
    Removing stm32f10x_rcc.o(i.RCC_PCLK2Config), (24 bytes).
    Removing stm32f10x_rcc.o(i.RCC_PLLCmd), (12 bytes).
    Removing stm32f10x_rcc.o(i.RCC_PLLConfig), (28 bytes).
    Removing stm32f10x_rcc.o(i.RCC_RTCCLKCmd), (12 bytes).
    Removing stm32f10x_rcc.o(i.RCC_RTCCLKConfig), (16 bytes).
    Removing stm32f10x_rcc.o(i.RCC_SYSCLKConfig), (24 bytes).
    Removing stm32f10x_rcc.o(i.RCC_USBCLKConfig), (12 bytes).
    Removing stm32f10x_rcc.o(i.RCC_WaitForHSEStartUp), (56 bytes).
    Removing stm32f10x_rcc.o(.data), (20 bytes).
    Removing stm32f10x_rtc.o(i.RTC_ClearFlag), (16 bytes).
    Removing stm32f10x_rtc.o(i.RTC_ClearITPendingBit), (16 bytes).
    Removing stm32f10x_rtc.o(i.RTC_EnterConfigMode), (20 bytes).
    Removing stm32f10x_rtc.o(i.RTC_ExitConfigMode), (20 bytes).
    Removing stm32f10x_rtc.o(i.RTC_GetCounter), (20 bytes).
    Removing stm32f10x_rtc.o(i.RTC_GetDivider), (24 bytes).
    Removing stm32f10x_rtc.o(i.RTC_GetFlagStatus), (24 bytes).
    Removing stm32f10x_rtc.o(i.RTC_GetITStatus), (36 bytes).
    Removing stm32f10x_rtc.o(i.RTC_ITConfig), (32 bytes).
    Removing stm32f10x_rtc.o(i.RTC_SetAlarm), (28 bytes).
    Removing stm32f10x_rtc.o(i.RTC_SetCounter), (28 bytes).
    Removing stm32f10x_rtc.o(i.RTC_SetPrescaler), (32 bytes).
    Removing stm32f10x_rtc.o(i.RTC_WaitForLastTask), (20 bytes).
    Removing stm32f10x_rtc.o(i.RTC_WaitForSynchro), (36 bytes).
    Removing stm32f10x_sdio.o(i.SDIO_CEATAITCmd), (16 bytes).
    Removing stm32f10x_sdio.o(i.SDIO_ClearFlag), (12 bytes).
    Removing stm32f10x_sdio.o(i.SDIO_ClearITPendingBit), (12 bytes).
    Removing stm32f10x_sdio.o(i.SDIO_ClockCmd), (12 bytes).
    Removing stm32f10x_sdio.o(i.SDIO_CmdStructInit), (14 bytes).
    Removing stm32f10x_sdio.o(i.SDIO_CommandCompletionCmd), (12 bytes).
    Removing stm32f10x_sdio.o(i.SDIO_DMACmd), (12 bytes).
    Removing stm32f10x_sdio.o(i.SDIO_DataConfig), (48 bytes).
    Removing stm32f10x_sdio.o(i.SDIO_DataStructInit), (20 bytes).
    Removing stm32f10x_sdio.o(i.SDIO_DeInit), (36 bytes).
    Removing stm32f10x_sdio.o(i.SDIO_GetCommandResponse), (12 bytes).
    Removing stm32f10x_sdio.o(i.SDIO_GetDataCounter), (12 bytes).
    Removing stm32f10x_sdio.o(i.SDIO_GetFIFOCount), (12 bytes).
    Removing stm32f10x_sdio.o(i.SDIO_GetFlagStatus), (24 bytes).
    Removing stm32f10x_sdio.o(i.SDIO_GetITStatus), (24 bytes).
    Removing stm32f10x_sdio.o(i.SDIO_GetPowerState), (16 bytes).
    Removing stm32f10x_sdio.o(i.SDIO_GetResponse), (24 bytes).
    Removing stm32f10x_sdio.o(i.SDIO_ITConfig), (32 bytes).
    Removing stm32f10x_sdio.o(i.SDIO_Init), (48 bytes).
    Removing stm32f10x_sdio.o(i.SDIO_ReadData), (12 bytes).
    Removing stm32f10x_sdio.o(i.SDIO_SendCEATACmd), (12 bytes).
    Removing stm32f10x_sdio.o(i.SDIO_SendCommand), (44 bytes).
    Removing stm32f10x_sdio.o(i.SDIO_SendSDIOSuspendCmd), (12 bytes).
    Removing stm32f10x_sdio.o(i.SDIO_SetPowerState), (28 bytes).
    Removing stm32f10x_sdio.o(i.SDIO_SetSDIOOperation), (12 bytes).
    Removing stm32f10x_sdio.o(i.SDIO_SetSDIOReadWaitMode), (12 bytes).
    Removing stm32f10x_sdio.o(i.SDIO_StartSDIOReadWait), (12 bytes).
    Removing stm32f10x_sdio.o(i.SDIO_StopSDIOReadWait), (12 bytes).
    Removing stm32f10x_sdio.o(i.SDIO_StructInit), (16 bytes).
    Removing stm32f10x_sdio.o(i.SDIO_WriteData), (12 bytes).
    Removing stm32f10x_spi.o(i.I2S_Cmd), (24 bytes).
    Removing stm32f10x_spi.o(i.I2S_Init), (232 bytes).
    Removing stm32f10x_spi.o(i.I2S_StructInit), (20 bytes).
    Removing stm32f10x_spi.o(i.SPI_BiDirectionalLineConfig), (28 bytes).
    Removing stm32f10x_spi.o(i.SPI_CalculateCRC), (24 bytes).
    Removing stm32f10x_spi.o(i.SPI_Cmd), (24 bytes).
    Removing stm32f10x_spi.o(i.SPI_DataSizeConfig), (18 bytes).
    Removing stm32f10x_spi.o(i.SPI_GetCRC), (16 bytes).
    Removing stm32f10x_spi.o(i.SPI_GetCRCPolynomial), (6 bytes).
    Removing stm32f10x_spi.o(i.SPI_I2S_ClearFlag), (6 bytes).
    Removing stm32f10x_spi.o(i.SPI_I2S_ClearITPendingBit), (20 bytes).
    Removing stm32f10x_spi.o(i.SPI_I2S_DMACmd), (18 bytes).
    Removing stm32f10x_spi.o(i.SPI_I2S_DeInit), (88 bytes).
    Removing stm32f10x_spi.o(i.SPI_I2S_GetFlagStatus), (18 bytes).
    Removing stm32f10x_spi.o(i.SPI_I2S_GetITStatus), (52 bytes).
    Removing stm32f10x_spi.o(i.SPI_I2S_ITConfig), (32 bytes).
    Removing stm32f10x_spi.o(i.SPI_I2S_ReceiveData), (6 bytes).
    Removing stm32f10x_spi.o(i.SPI_I2S_SendData), (4 bytes).
    Removing stm32f10x_spi.o(i.SPI_Init), (60 bytes).
    Removing stm32f10x_spi.o(i.SPI_NSSInternalSoftwareConfig), (30 bytes).
    Removing stm32f10x_spi.o(i.SPI_SSOutputCmd), (24 bytes).
    Removing stm32f10x_spi.o(i.SPI_StructInit), (24 bytes).
    Removing stm32f10x_spi.o(i.SPI_TransmitCRC), (10 bytes).
    Removing stm32f10x_tim.o(i.TI1_Config), (128 bytes).
    Removing stm32f10x_tim.o(i.TI2_Config), (152 bytes).
    Removing stm32f10x_tim.o(i.TI3_Config), (144 bytes).
    Removing stm32f10x_tim.o(i.TI4_Config), (152 bytes).
    Removing stm32f10x_tim.o(i.TIM_ARRPreloadConfig), (24 bytes).
    Removing stm32f10x_tim.o(i.TIM_BDTRConfig), (32 bytes).
    Removing stm32f10x_tim.o(i.TIM_BDTRStructInit), (18 bytes).
    Removing stm32f10x_tim.o(i.TIM_CCPreloadControl), (24 bytes).
    Removing stm32f10x_tim.o(i.TIM_CCxCmd), (30 bytes).
    Removing stm32f10x_tim.o(i.TIM_CCxNCmd), (30 bytes).
    Removing stm32f10x_tim.o(i.TIM_ClearFlag), (6 bytes).
    Removing stm32f10x_tim.o(i.TIM_ClearITPendingBit), (6 bytes).
    Removing stm32f10x_tim.o(i.TIM_ClearOC1Ref), (18 bytes).
    Removing stm32f10x_tim.o(i.TIM_ClearOC2Ref), (24 bytes).
    Removing stm32f10x_tim.o(i.TIM_ClearOC3Ref), (18 bytes).
    Removing stm32f10x_tim.o(i.TIM_ClearOC4Ref), (24 bytes).
    Removing stm32f10x_tim.o(i.TIM_Cmd), (24 bytes).
    Removing stm32f10x_tim.o(i.TIM_CounterModeConfig), (18 bytes).
    Removing stm32f10x_tim.o(i.TIM_CtrlPWMOutputs), (30 bytes).
    Removing stm32f10x_tim.o(i.TIM_DMACmd), (18 bytes).
    Removing stm32f10x_tim.o(i.TIM_DMAConfig), (10 bytes).
    Removing stm32f10x_tim.o(i.TIM_DeInit), (488 bytes).
    Removing stm32f10x_tim.o(i.TIM_ETRClockMode1Config), (54 bytes).
    Removing stm32f10x_tim.o(i.TIM_ETRClockMode2Config), (32 bytes).
    Removing stm32f10x_tim.o(i.TIM_ETRConfig), (28 bytes).
    Removing stm32f10x_tim.o(i.TIM_EncoderInterfaceConfig), (66 bytes).
    Removing stm32f10x_tim.o(i.TIM_ForcedOC1Config), (18 bytes).
    Removing stm32f10x_tim.o(i.TIM_ForcedOC2Config), (26 bytes).
    Removing stm32f10x_tim.o(i.TIM_ForcedOC3Config), (18 bytes).
    Removing stm32f10x_tim.o(i.TIM_ForcedOC4Config), (26 bytes).
    Removing stm32f10x_tim.o(i.TIM_GenerateEvent), (4 bytes).
    Removing stm32f10x_tim.o(i.TIM_GetCapture1), (6 bytes).
    Removing stm32f10x_tim.o(i.TIM_GetCapture2), (6 bytes).
    Removing stm32f10x_tim.o(i.TIM_GetCapture3), (6 bytes).
    Removing stm32f10x_tim.o(i.TIM_GetCapture4), (8 bytes).
    Removing stm32f10x_tim.o(i.TIM_GetCounter), (6 bytes).
    Removing stm32f10x_tim.o(i.TIM_GetFlagStatus), (18 bytes).
    Removing stm32f10x_tim.o(i.TIM_GetITStatus), (34 bytes).
    Removing stm32f10x_tim.o(i.TIM_GetPrescaler), (6 bytes).
    Removing stm32f10x_tim.o(i.TIM_ICInit), (172 bytes).
    Removing stm32f10x_tim.o(i.TIM_ICStructInit), (18 bytes).
    Removing stm32f10x_tim.o(i.TIM_ITConfig), (18 bytes).
    Removing stm32f10x_tim.o(i.TIM_ITRxExternalClockConfig), (24 bytes).
    Removing stm32f10x_tim.o(i.TIM_InternalClockConfig), (12 bytes).
    Removing stm32f10x_tim.o(i.TIM_OC1FastConfig), (18 bytes).
    Removing stm32f10x_tim.o(i.TIM_OC1Init), (152 bytes).
    Removing stm32f10x_tim.o(i.TIM_OC1NPolarityConfig), (18 bytes).
    Removing stm32f10x_tim.o(i.TIM_OC1PolarityConfig), (18 bytes).
    Removing stm32f10x_tim.o(i.TIM_OC1PreloadConfig), (18 bytes).
    Removing stm32f10x_tim.o(i.TIM_OC2FastConfig), (26 bytes).
    Removing stm32f10x_tim.o(i.TIM_OC2Init), (164 bytes).
    Removing stm32f10x_tim.o(i.TIM_OC2NPolarityConfig), (26 bytes).
    Removing stm32f10x_tim.o(i.TIM_OC2PolarityConfig), (26 bytes).
    Removing stm32f10x_tim.o(i.TIM_OC2PreloadConfig), (26 bytes).
    Removing stm32f10x_tim.o(i.TIM_OC3FastConfig), (18 bytes).
    Removing stm32f10x_tim.o(i.TIM_OC3Init), (160 bytes).
    Removing stm32f10x_tim.o(i.TIM_OC3NPolarityConfig), (26 bytes).
    Removing stm32f10x_tim.o(i.TIM_OC3PolarityConfig), (26 bytes).
    Removing stm32f10x_tim.o(i.TIM_OC3PreloadConfig), (18 bytes).
    Removing stm32f10x_tim.o(i.TIM_OC4FastConfig), (26 bytes).
    Removing stm32f10x_tim.o(i.TIM_OC4Init), (124 bytes).
    Removing stm32f10x_tim.o(i.TIM_OC4PolarityConfig), (26 bytes).
    Removing stm32f10x_tim.o(i.TIM_OC4PreloadConfig), (26 bytes).
    Removing stm32f10x_tim.o(i.TIM_OCStructInit), (20 bytes).
    Removing stm32f10x_tim.o(i.TIM_PWMIConfig), (124 bytes).
    Removing stm32f10x_tim.o(i.TIM_PrescalerConfig), (6 bytes).
    Removing stm32f10x_tim.o(i.TIM_SelectCCDMA), (24 bytes).
    Removing stm32f10x_tim.o(i.TIM_SelectCOM), (24 bytes).
    Removing stm32f10x_tim.o(i.TIM_SelectHallSensor), (24 bytes).
    Removing stm32f10x_tim.o(i.TIM_SelectInputTrigger), (18 bytes).
    Removing stm32f10x_tim.o(i.TIM_SelectMasterSlaveMode), (18 bytes).
    Removing stm32f10x_tim.o(i.TIM_SelectOCxM), (82 bytes).
    Removing stm32f10x_tim.o(i.TIM_SelectOnePulseMode), (18 bytes).
    Removing stm32f10x_tim.o(i.TIM_SelectOutputTrigger), (18 bytes).
    Removing stm32f10x_tim.o(i.TIM_SelectSlaveMode), (18 bytes).
    Removing stm32f10x_tim.o(i.TIM_SetAutoreload), (4 bytes).
    Removing stm32f10x_tim.o(i.TIM_SetClockDivision), (18 bytes).
    Removing stm32f10x_tim.o(i.TIM_SetCompare1), (4 bytes).
    Removing stm32f10x_tim.o(i.TIM_SetCompare2), (4 bytes).
    Removing stm32f10x_tim.o(i.TIM_SetCompare3), (4 bytes).
    Removing stm32f10x_tim.o(i.TIM_SetCompare4), (6 bytes).
    Removing stm32f10x_tim.o(i.TIM_SetCounter), (4 bytes).
    Removing stm32f10x_tim.o(i.TIM_SetIC1Prescaler), (18 bytes).
    Removing stm32f10x_tim.o(i.TIM_SetIC2Prescaler), (26 bytes).
    Removing stm32f10x_tim.o(i.TIM_SetIC3Prescaler), (18 bytes).
    Removing stm32f10x_tim.o(i.TIM_SetIC4Prescaler), (26 bytes).
    Removing stm32f10x_tim.o(i.TIM_TIxExternalClockConfig), (62 bytes).
    Removing stm32f10x_tim.o(i.TIM_TimeBaseInit), (164 bytes).
    Removing stm32f10x_tim.o(i.TIM_TimeBaseStructInit), (18 bytes).
    Removing stm32f10x_tim.o(i.TIM_UpdateDisableConfig), (24 bytes).
    Removing stm32f10x_tim.o(i.TIM_UpdateRequestConfig), (24 bytes).
    Removing stm32f10x_usart.o(i.USART_ClearFlag), (18 bytes).
    Removing stm32f10x_usart.o(i.USART_ClearITPendingBit), (30 bytes).
    Removing stm32f10x_usart.o(i.USART_ClockInit), (34 bytes).
    Removing stm32f10x_usart.o(i.USART_ClockStructInit), (12 bytes).
    Removing stm32f10x_usart.o(i.USART_Cmd), (24 bytes).
    Removing stm32f10x_usart.o(i.USART_DMACmd), (18 bytes).
    Removing stm32f10x_usart.o(i.USART_DeInit), (156 bytes).
    Removing stm32f10x_usart.o(i.USART_GetFlagStatus), (26 bytes).
    Removing stm32f10x_usart.o(i.USART_GetITStatus), (84 bytes).
    Removing stm32f10x_usart.o(i.USART_HalfDuplexCmd), (24 bytes).
    Removing stm32f10x_usart.o(i.USART_ITConfig), (74 bytes).
    Removing stm32f10x_usart.o(i.USART_Init), (216 bytes).
    Removing stm32f10x_usart.o(i.USART_IrDACmd), (24 bytes).
    Removing stm32f10x_usart.o(i.USART_IrDAConfig), (18 bytes).
    Removing stm32f10x_usart.o(i.USART_LINBreakDetectLengthConfig), (18 bytes).
    Removing stm32f10x_usart.o(i.USART_LINCmd), (24 bytes).
    Removing stm32f10x_usart.o(i.USART_OneBitMethodCmd), (24 bytes).
    Removing stm32f10x_usart.o(i.USART_OverSampling8Cmd), (22 bytes).
    Removing stm32f10x_usart.o(i.USART_ReceiveData), (10 bytes).
    Removing stm32f10x_usart.o(i.USART_ReceiverWakeUpCmd), (24 bytes).
    Removing stm32f10x_usart.o(i.USART_SendBreak), (10 bytes).
    Removing stm32f10x_usart.o(i.USART_SendData), (8 bytes).
    Removing stm32f10x_usart.o(i.USART_SetAddress), (18 bytes).
    Removing stm32f10x_usart.o(i.USART_SetGuardTime), (16 bytes).
    Removing stm32f10x_usart.o(i.USART_SetPrescaler), (16 bytes).
    Removing stm32f10x_usart.o(i.USART_SmartCardCmd), (24 bytes).
    Removing stm32f10x_usart.o(i.USART_SmartCardNACKCmd), (24 bytes).
    Removing stm32f10x_usart.o(i.USART_StructInit), (24 bytes).
    Removing stm32f10x_usart.o(i.USART_WakeUpConfig), (18 bytes).
    Removing stm32f10x_wwdg.o(i.WWDG_ClearFlag), (12 bytes).
    Removing stm32f10x_wwdg.o(i.WWDG_DeInit), (22 bytes).
    Removing stm32f10x_wwdg.o(i.WWDG_Enable), (16 bytes).
    Removing stm32f10x_wwdg.o(i.WWDG_EnableIT), (12 bytes).
    Removing stm32f10x_wwdg.o(i.WWDG_GetFlagStatus), (12 bytes).
    Removing stm32f10x_wwdg.o(i.WWDG_SetCounter), (16 bytes).
    Removing stm32f10x_wwdg.o(i.WWDG_SetPrescaler), (24 bytes).
    Removing stm32f10x_wwdg.o(i.WWDG_SetWindowValue), (40 bytes).
    Removing adxl345.o(i.ADXL345_RecvACK), (68 bytes).
    Removing adxl345.o(i.ADXL345_Recvbyte), (100 bytes).
    Removing adxl345.o(i.ADXL345_SDA_Intput), (48 bytes).
    Removing adxl345.o(i.ADXL345_SDA_Output), (48 bytes).
    Removing adxl345.o(i.ADXL345_SendACK), (68 bytes).
    Removing adxl345.o(i.ADXL345_Sendbyte), (104 bytes).
    Removing adxl345.o(i.ADXL345_Start), (60 bytes).
    Removing adxl345.o(i.ADXL345_Stop), (52 bytes).
    Removing adxl345.o(i.ADXL_345_ALL_Int), (60 bytes).
    Removing adxl345.o(i.Angle), (180 bytes).
    Removing adxl345.o(i.Init_ADXL345), (72 bytes).
    Removing adxl345.o(i.Multiple_ReadADXL345), (84 bytes).
    Removing adxl345.o(i.Single_Read_ADXL345), (50 bytes).
    Removing adxl345.o(i.Single_Write_ADXL345), (34 bytes).
    Removing adxl345.o(.data), (24 bytes).
    Removing ds18b20.o(i.DS18B20_Check), (88 bytes).
    Removing ds18b20.o(i.DS18B20_DQ_IN), (44 bytes).
    Removing ds18b20.o(i.DS18B20_Get_Temp), (132 bytes).
    Removing ds18b20.o(i.DS18B20_IO_OUT), (44 bytes).
    Removing ds18b20.o(i.DS18B20_Init), (60 bytes).
    Removing ds18b20.o(i.DS18B20_Read_Bit), (68 bytes).
    Removing ds18b20.o(i.DS18B20_Read_Byte), (34 bytes).
    Removing ds18b20.o(i.DS18B20_Rst), (44 bytes).
    Removing ds18b20.o(i.DS18B20_Start), (24 bytes).
    Removing ds18b20.o(i.DS18B20_Write_Byte), (92 bytes).
    Removing esp8266.o(i.ESP8266_ConnectServer), (396 bytes).
    Removing esp8266.o(.bss), (1250 bytes).
    Removing esp8266.o(.data), (31 bytes).
    Removing key.o(i.Key_Init), (48 bytes).
    Removing key.o(i.Key_Scan), (128 bytes).
    Removing key.o(.data), (2 bytes).
    Removing max30102.o(i.MAX30102_GPIO_Init), (72 bytes).
    Removing max30102.o(i.Max30102_Heart_Spo2_Value), (212 bytes).
    Removing max30102.o(i.i2c_Ack), (60 bytes).
    Removing max30102.o(i.i2c_CheckDevice), (60 bytes).
    Removing max30102.o(i.i2c_Delay), (14 bytes).
    Removing max30102.o(i.i2c_NAck), (52 bytes).
    Removing max30102.o(i.i2c_ReadByte), (72 bytes).
    Removing max30102.o(i.i2c_SendByte), (100 bytes).
    Removing max30102.o(i.i2c_Start), (60 bytes).
    Removing max30102.o(i.i2c_Stop), (48 bytes).
    Removing max30102.o(i.i2c_WaitAck), (72 bytes).
    Removing max30102.o(i.maxim_find_peaks), (66 bytes).
    Removing max30102.o(i.maxim_heart_rate_and_oxygen_saturation), (860 bytes).
    Removing max30102.o(i.maxim_max30102_init), (160 bytes).
    Removing max30102.o(i.maxim_max30102_read_fifo), (212 bytes).
    Removing max30102.o(i.maxim_max30102_read_reg), (82 bytes).
    Removing max30102.o(i.maxim_max30102_reset), (20 bytes).
    Removing max30102.o(i.maxim_max30102_write_reg), (68 bytes).
    Removing max30102.o(i.maxim_peaks_above_min_height), (170 bytes).
    Removing max30102.o(i.maxim_remove_close_peaks), (114 bytes).
    Removing max30102.o(i.maxim_sort_ascend), (54 bytes).
    Removing max30102.o(i.maxim_sort_indices_descend), (64 bytes).
    Removing max30102.o(.bss), (5200 bytes).
    Removing max30102.o(.constdata), (184 bytes).
    Removing max30102.o(.data), (29 bytes).
    Removing dht11.o(i.Change_Dht11_Mode), (64 bytes).
    Removing dht11.o(i.DHT11_Check), (92 bytes).
    Removing dht11.o(i.Dht11_ReadData), (320 bytes).
    Removing flash.o(i.Write_flsh_byte), (30 bytes).
    Removing flash.o(i.readFlash), (6 bytes).
    Removing usermain.o(i.DHT11_GetHumi), (44 bytes).
    Removing usermain.o(i.Flsh_ReadData), (260 bytes).
    Removing usermain.o(i.Flsh_SavaData), (148 bytes).
    Removing usermain.o(i.Get_dat_value), (144 bytes).
    Removing usermain.o(i.Key_Dispose), (572 bytes).
    Removing usermain.o(.bss), (1200 bytes).
    Removing usermain.o(.data), (42 bytes).
    Removing oled.o(i.Display_Byte), (192 bytes).
    Removing oled.o(i.GBZK_GPIO_Config), (160 bytes).
    Removing oled.o(i.GBZK_ROMOUTRESET), (44 bytes).
    Removing oled.o(i.GBZK_ROMOUTSET), (44 bytes).
    Removing oled.o(i.OLED_Init), (284 bytes).
    Removing oled.o(i.clear_screen), (84 bytes).
    Removing oled.o(i.delay), (26 bytes).
    Removing oled.o(i.display_128x64), (64 bytes).
    Removing oled.o(i.display_GB2312_string), (380 bytes).
    Removing oled.o(i.display_graphic_16x16), (88 bytes).
    Removing oled.o(i.display_graphic_5x7), (96 bytes).
    Removing oled.o(i.display_graphic_8x16), (80 bytes).
    Removing oled.o(i.display_string_5x7), (136 bytes).
    Removing oled.o(i.get_data_from_ROM), (96 bytes).
    Removing oled.o(i.get_n_bytes_data_from_ROM), (100 bytes).
    Removing oled.o(i.lcd_address), (34 bytes).
    Removing oled.o(i.send_command_to_ROM), (76 bytes).
    Removing oled.o(i.transfer_command_lcd), (100 bytes).
    Removing oled.o(i.transfer_data_lcd), (100 bytes).
    Removing oled.o(.constdata), (1088 bytes).
    Removing oled.o(.data), (4 bytes).
    Removing delay.o(i.Delay_ms), (24 bytes).
    Removing delay.o(i.Delay_s), (24 bytes).
    Removing delay.o(i.Delay_us), (46 bytes).
    Removing bsp_usart.o(i.Usart1_Config), (144 bytes).
    Removing bsp_usart.o(i.Usart2_Config), (136 bytes).
    Removing bsp_usart.o(i.Usart3_Config), (128 bytes).
    Removing bsp_usart.o(i.fputc), (36 bytes).
    Removing dmul.o(.text), (228 bytes).
    Removing fflti.o(.text), (18 bytes).
    Removing dfixi.o(.text), (62 bytes).
    Removing f2d.o(.text), (38 bytes).
    Removing fepilogue.o(.text), (110 bytes).
    Removing depilogue.o(.text), (186 bytes).

579 unused section(s) (total 38944 bytes) removed from the image.
